2025-10-14 15:28:49,985 [INFO] __main__ - Total de arquivos encontrados: 281
2025-10-14 15:28:49,986 [INFO] __main__ - Processando lote 1 com 281 arquivos...
2025-10-14 15:28:53,778 [INFO] __main__ - 70000137656254.pdf -> FEIRA DE SANTANA
SECRETARIA MUNICIPAL DA FAZENDA
DEPARTARMENTO DE ADMINISTRACAO TRIBUTARIA
2025-10-14 15:28:53,811 [INFO] __main__ - 70000137657251.pdf -> SAO LEOPOLDO
SECRETARIA MUNICIPAL DA FAZENDA
NOTA FISCAL DE SERVICOS ELETRONICA
2025-10-14 15:28:53,948 [INFO] __main__ - 70000137657268.pdf -> SAO LEOPOLDO
SECRETARIA MUNICIPAL DA FAZENDA
NOTA FISCAL DE SERVICOS ELETRONICA
2025-10-14 15:28:53,986 [INFO] __main__ - 70000137657275.pdf -> SAO LEOPOLDO
SECRETARIA MUNICIPAL DA FAZENDA
NOTA FISCAL DE SERVICOS ELETRONICA
2025-10-14 15:28:54,047 [INFO] __main__ - 70000137675880.pdf -> DE BARUERI
SECRETARIA DE FINANCAS
NOTA FISCAL ELETRONICA DE SERVICOS
2025-10-14 15:28:54,102 [INFO] __main__ - 70000137675767.pdf -> ITAJAI
SECRETARIA MUNICIPAL DA FAZENDA
RPS N
2025-10-14 15:28:54,174 [INFO] __main__ - 70000137675972.pdf -> DE BARUERI
SECRETARIA DE FINANCAS
NOTA FISCAL ELETRONICA DE SERVICOS
2025-10-14 15:28:54,314 [INFO] __main__ - 70000137675989.pdf -> ITAJAI
SECRETARIA MUNICIPAL DA FAZENDA
RPS N
2025-10-14 15:28:54,464 [INFO] __main__ - 70000137675866.pdf -> ITAJAI
SECRETARIA MUNICIPAL DA FAZENDA
RPS N
2025-10-14 15:28:54,527 [INFO] __main__ - 70000137658098.pdf -> EMBU DAS ARTES
N
2025-10-14 15:28:54,629 [INFO] __main__ - 70000137661777.pdf -> DE FUNDAO
RAZAO SOCIAL
2025-10-14 15:28:54,641 [INFO] __main__ - 70000137678256.pdf -> CASCAVEL
SECRETARIA MUNICIPAL DE FINANCAS
IDENTIFICADOR
2025-10-14 15:28:54,748 [INFO] __main__ - 70000137678270.pdf -> DE BARUERI
SECRETARIA DE FINANCAS
NOTA FISCAL ELETRONICA DE SERVICOS
2025-10-14 15:28:54,806 [INFO] __main__ - 70000137678294.pdf -> DE BARUERI
SECRETARIA DE FINANCAS
NOTA FISCAL ELETRONICA DE SERVICOS
2025-10-14 15:28:54,807 [INFO] __main__ - 70000137678263.pdf -> ITAJAI
SECRETARIA MUNICIPAL DA FAZENDA
RPS N
2025-10-14 15:28:54,819 [INFO] __main__ - 70000137678287.pdf -> DE BARUERI
SECRETARIA DE FINANCAS
NOTA FISCAL ELETRONICA DE SERVICOS
2025-10-14 15:28:55,210 [INFO] __main__ - 70000137680099.pdf -> HORTOLANDIA
SECRETARIA MUNICIPAL DE FINANCAS
2025-10-14 15:28:55,393 [INFO] __main__ - 70000137680112.pdf -> HORTOLANDIA
SECRETARIA MUNICIPAL DE FINANCAS
2025-10-14 15:28:55,480 [INFO] __main__ - 70000137679796.pdf -> APARECIDA DE GOIANIA  
SECRETARIA DA FAZENDA 
FONE
2025-10-14 15:28:55,515 [INFO] __main__ - 70000137680105.pdf -> HORTOLANDIA
SECRETARIA MUNICIPAL DE FINANCAS
2025-10-14 15:28:55,603 [INFO] __main__ - 70000137679789.pdf -> APARECIDA DE GOIANIA  
SECRETARIA DA FAZENDA 
FONE
2025-10-14 15:28:55,656 [INFO] __main__ - 70000137680143.pdf -> HORTOLANDIA
SECRETARIA MUNICIPAL DE FINANCAS
2025-10-14 15:28:55,887 [INFO] __main__ - 70000137680167.pdf -> HORTOLANDIA
SECRETARIA MUNICIPAL DE FINANCAS
2025-10-14 15:28:55,974 [INFO] __main__ - 70000137680129.pdf -> HORTOLANDIA
SECRETARIA MUNICIPAL DE FINANCAS
2025-10-14 15:28:56,079 [INFO] __main__ - 70000137680341.pdf -> DE CABEDELO
SECRETARIA DA RECEITA MUNICIPAL
NOTA FISCAL DE SERVICOS ELETRONICA
2025-10-14 15:28:56,090 [INFO] __main__ - 70000137680150.pdf -> HORTOLANDIA
SECRETARIA MUNICIPAL DE FINANCAS
2025-10-14 15:28:56,227 [INFO] __main__ - 70000137688682.pdf -> SENADOR CANEDO
2025-10-14 15:29:17,263 [INFO] __main__ - 70000137675859.pdf -> DE BARUERI
SECRETARIA DE FINANCAS

DATA EMISSAO

NOTA FISCAL ELETRONICA DE SERVICOS
2025-10-14 15:29:17,520 [INFO] __main__ - 70000137677754.pdf -> RIO DE JANEIRO

PREFEITURA DA CIDADE DO RIO DE JANEIRO NUMEAAOGG
2025-10-14 15:29:17,820 [INFO] __main__ - 70000137689962.pdf -> DE BAURU
2025-10-14 15:29:18,032 [INFO] __main__ - 70000137655264.pdf -> BELO HORIZONTE
2025-10-14 15:29:18,512 [INFO] __main__ - 70000137677761.pdf -> RIO DE JANEIRO

PREFEITURA DA CIDADE DO RIO DE JANEIRO NUMEAAOGG
2025-10-14 15:29:18,673 [INFO] __main__ - 70000137689979.pdf -> BELO HORIZONTE
2025-10-14 15:29:18,721 [INFO] __main__ - 70000137680280.pdf -> DISTRITO FEDERAL
SECRETARIA DE ESTADO DE ECONOMIA DO DISTRITO FEDERAL
FONE
2025-10-14 15:29:19,763 [INFO] __main__ - 70000137689955.pdf -> DE BAURU

COMPETENCIA

NOTA FISCAL DE SERVICOS ELETRONICA
2025-10-14 15:29:34,593 [INFO] __main__ - 70000137689986.pdf -> MOGI DAS CRUZES

NOTA FISCAL DE SERVICOS ELETRONICA
2025-10-14 15:29:36,239 [INFO] __main__ - 70000137690005.pdf -> DE BAURU
2025-10-14 15:29:37,908 [INFO] __main__ - 70000137690012.pdf -> DE BAURU
2025-10-14 15:29:37,985 [INFO] __main__ - 70000137690036.pdf -> DE SAO CARLOS
2025-10-14 15:29:41,393 [INFO] __main__ - 70000137690074.pdf -> SAO JOSE DO RIO PRETO

NFS
2025-10-14 15:29:42,252 [INFO] __main__ - 70000137690067.pdf -> TAUBATE
2025-10-14 15:29:42,657 [INFO] __main__ - 70000137690043.pdf -> DE BRAGANCA PAULISTA NUM
2025-10-14 15:29:45,235 [INFO] __main__ - 70000137689993.pdf -> TAUBATE
2025-10-14 15:29:54,227 [INFO] __main__ - 70000137690098.pdf -> DE BAURU

COMPETENCIA

NOTA FISCAL DE SERVICOS ELETRONICA
2025-10-14 15:29:57,698 [INFO] __main__ - 70000137690104.pdf -> DE BAURU
2025-10-14 15:30:00,701 [INFO] __main__ - 70000137690128.pdf -> DE FRANCA
2025-10-14 15:30:05,510 [INFO] __main__ - 70000137690111.pdf -> DE RIBEIRAO PRETO
2025-10-14 15:30:06,204 [INFO] __main__ - 70000137690142.pdf -> DE BAURU
2025-10-14 15:30:08,862 [INFO] __main__ - 70000137690135.pdf -> SAO JOSE DO RIO PRETO
SECRETARIA DA FAZENDA
NOTA FISCAL DE SERVICO ELETRONICA
2025-10-14 15:30:11,141 [INFO] __main__ - 70000137690166.pdf -> SAO JOSE DO RIO PRETO
SECRETARIA DA FAZENDA
NOTA FISCAL DE SERVICO ELETRONICA
2025-10-14 15:30:12,174 [INFO] __main__ - 70000137690159.pdf -> MUNICIPIO DE FRANCISCO MORATO
2025-10-14 15:30:20,277 [INFO] __main__ - 70000137690173.pdf -> DE RIBEIRAO PRETO
2025-10-14 15:30:23,954 [INFO] __main__ - 70000137690180.pdf -> MUNICIPIO DE FRANCISCO MORATO
2025-10-14 15:30:25,653 [INFO] __main__ - 70000137690203.pdf -> MOGI DAS CRUZES

NOTA FISCAL DE SERVICOS ELETRONICA
2025-10-14 15:30:27,081 [INFO] __main__ - 70000137690197.pdf -> DE BAURU
2025-10-14 15:30:34,170 [INFO] __main__ - 70000137690227.pdf -> DE BAURU

COMPETENCIA

NOTA FISCAL DE SERVICOS ELETRONICA
2025-10-14 15:30:34,335 [INFO] __main__ - 70000137690210.pdf -> DE SAO CARLOS
2025-10-14 15:30:34,619 [INFO] __main__ - 70000137690241.pdf -> SAO JOSE DO RIO PRETO
SECRETARIA DA FAZENDA
NOTA FISCAL DE SERVICO ELETRONICA
2025-10-14 15:30:36,105 [INFO] __main__ - 70000137690234.pdf -> DE BOTUCATU
MUNICIPIO DE BOTUCATU

NOTA FISCAL DE SERVICOS ELETRONICA
2025-10-14 15:30:38,933 [INFO] __main__ - 70000137690258.pdf -> MOGI MIRIM
SECRETARIA DE FINANCAS

N
2025-10-14 15:30:44,440 [INFO] __main__ - 70000137690265.pdf -> DE BAURU
2025-10-14 15:30:45,957 [INFO] __main__ - 70000137690272.pdf -> SAO JOSE DO RIO PRETO

NFS
2025-10-14 15:30:54,238 [INFO] __main__ - 70000137690302.pdf -> MOGI MIRIM N
2025-10-14 15:30:57,084 [INFO] __main__ - 70000137690289.pdf -> TAUBATE
2025-10-14 15:30:57,195 [INFO] __main__ - 70000137690296.pdf -> DE FRANCA
2025-10-14 15:30:57,548 [INFO] __main__ - 70000137690319.pdf -> DE BAURU
2025-10-14 15:30:58,982 [INFO] __main__ - 70000137690326.pdf -> DE BAURU

COMPETENCIA

NOTA FISCAL DE SERVICOS ELETRONICA
2025-10-14 15:31:02,215 [INFO] __main__ - 70000137690333.pdf -> SAO JOSE DO RIO PRETO
SECRETARIA DA FAZENDA
NOTA FISCAL DE SERVICO ELETRONICA
2025-10-14 15:31:08,086 [INFO] __main__ - 70000137690357.pdf -> DE BAURU
2025-10-14 15:31:10,939 [INFO] __main__ - 70000137690340.pdf -> DE BOTUCATU
MUNICIPIO DE BOTUCATU

NOTA FISCAL DE SERVICOS ELETRONICA
2025-10-14 15:31:14,093 [INFO] __main__ - 70000137690364.pdf -> DE BAURU
2025-10-14 15:31:17,390 [INFO] __main__ - 70000137690371.pdf -> DE BAURU
2025-10-14 15:31:17,862 [INFO] __main__ - 70000137690388.pdf -> DE BAURU
2025-10-14 15:31:21,821 [INFO] __main__ - 70000137690418.pdf -> MOGI MIRIM N
2025-10-14 15:31:22,205 [INFO] __main__ - 70000137690395.pdf -> DE RIBEIRAO PRETO
2025-10-14 15:31:23,058 [INFO] __main__ - 70000137690401.pdf -> DE SAO CARLOS
2025-10-14 15:31:28,808 [INFO] __main__ - 70000137690425.pdf -> MOGI MIRIM N
2025-10-14 15:31:32,019 [INFO] __main__ - 70000137690432.pdf -> DE BAURU
2025-10-14 15:31:38,249 [INFO] __main__ - 70000137690456.pdf -> DE BAURU
2025-10-14 15:31:38,577 [INFO] __main__ - 70000137690449.pdf -> TAUBATE
2025-10-14 15:31:38,999 [INFO] __main__ - 70000137690463.pdf -> DE SAO CARLOS
2025-10-14 15:31:39,813 [INFO] __main__ - 70000137694164.pdf -> MOGI DAS CRUZES

NOTA FISCAL DE SERVICOS ELETRONICA
2025-10-14 15:31:43,359 [INFO] __main__ - 70000137694140.pdf -> SAO JOSE DO RIO PRETO
SECRETARIA DA FAZENDA
NOTA FISCAL DE SERVICO ELETRONICA
2025-10-14 15:31:44,428 [INFO] __main__ - 70000137694157.pdf -> TAUBATE
2025-10-14 15:31:47,576 [INFO] __main__ - 70000137694171.pdf -> MOGI MIRIM N
2025-10-14 15:31:53,695 [INFO] __main__ - 70000137694188.pdf -> DE FRANCA
2025-10-14 15:31:57,446 [INFO] __main__ - 70000137694256.pdf -> SAO JOSE DO RIO PRETO

NFS
2025-10-14 15:31:57,583 [INFO] __main__ - 70000137695505.pdf -> DE BARUERI
SECRETARIA DE FINANCAS
NOTA FISCAL ELETRONICA DE SERVICOS
2025-10-14 15:32:00,558 [INFO] __main__ - 70000137694263.pdf -> DE BOTUCATU
MUNICIPIO DE BOTUCATU

NOTA FISCAL DE SERVICOS ELETRONICA
2025-10-14 15:32:01,379 [INFO] __main__ - 70000137694218.pdf -> MOGI MIRIM N
2025-10-14 15:32:01,505 [INFO] __main__ - 70000137694270.pdf -> MOGI MIRIM N
2025-10-14 15:32:01,800 [INFO] __main__ - 70000137718723.pdf -> SAO BERNARDO DO CAMPO
SECRETARIA DE FINANCAS
NOTA FISCAL DE SERVICOS ELETRONICA
2025-10-14 15:32:02,114 [INFO] __main__ - 70000137718730.pdf -> SAO BERNARDO DO CAMPO
SECRETARIA DE FINANCAS
NOTA FISCAL DE SERVICOS ELETRONICA
2025-10-14 15:32:04,432 [INFO] __main__ - 70000137694287.pdf -> DE RIBEIRAO PRETO
2025-10-14 15:32:04,726 [INFO] __main__ - 70000137722300.pdf -> DE IPATINGA
SECRETARIA MUNICIPAL DE FAZENDA
NOTA N
2025-10-14 15:32:04,933 [INFO] __main__ - 70000137722317.pdf -> DE BARUERI
SECRETARIA DE FINANCAS
NOTA FISCAL ELETRONICA DE SERVICOS
2025-10-14 15:32:05,186 [INFO] __main__ - 70000137694201.pdf -> SAO JOSE DO RIO PRETO
SECRETARIA DA FAZENDA
NOTA FISCAL DE SERVICO ELETRONICA
2025-10-14 15:32:05,302 [INFO] __main__ - 70000137722331.pdf -> DE BARUERI
SECRETARIA DE FINANCAS
NOTA FISCAL ELETRONICA DE SERVICOS
2025-10-14 15:32:05,341 [INFO] __main__ - 70000137722324.pdf -> DE CONTAGEM
SECRETARIA MUNICIPAL DE FAZENDA
2025-10-14 15:32:05,411 [INFO] __main__ - 70000137722348.pdf -> DE IPATINGA
SECRETARIA MUNICIPAL DE FAZENDA
NOTA N
2025-10-14 15:32:05,542 [INFO] __main__ - 70000137722362.pdf -> DE BARUERI
SECRETARIA DE FINANCAS
NOTA FISCAL ELETRONICA DE SERVICOS
2025-10-14 15:32:05,594 [INFO] __main__ - 70000137722355.pdf -> DE BARUERI
SECRETARIA DE FINANCAS
NOTA FISCAL ELETRONICA DE SERVICOS
2025-10-14 15:32:05,717 [INFO] __main__ - 70000137722379.pdf -> DE BARUERI
SECRETARIA DE FINANCAS
NOTA FISCAL ELETRONICA DE SERVICOS
2025-10-14 15:32:06,189 [INFO] __main__ - 70000137722959.pdf -> DE CONTAGEM
SECRETARIA MUNICIPAL DE FAZENDA
2025-10-14 15:32:06,230 [INFO] __main__ - 70000137722966.pdf -> JUIZ DE FORA
2025-10-14 15:32:06,490 [INFO] __main__ - 70000137722980.pdf -> DE
NUMERO NFS
2025-10-14 15:32:06,560 [INFO] __main__ - 70000137722973.pdf -> JUIZ DE FORA
2025-10-14 15:32:06,842 [INFO] __main__ - 70000137722997.pdf -> DE CARUARU
SECRETARIA DA FAZENDA
TIPO RPS
NOTA FISCAL DE SERVICO ELETRONICA
2025-10-14 15:32:07,365 [INFO] __main__ - 70000137723017.pdf -> DE CONTAGEM
SECRETARIA MUNICIPAL DE FAZENDA
2025-10-14 15:32:07,453 [INFO] __main__ - 70000137723000.pdf -> DE CONTAGEM
SECRETARIA MUNICIPAL DE FAZENDA
2025-10-14 15:32:07,742 [INFO] __main__ - 70000137723031.pdf -> DE IPATINGA
SECRETARIA MUNICIPAL DE FAZENDA
NOTA N
2025-10-14 15:32:07,891 [INFO] __main__ - 70000137723024.pdf -> DE CONTAGEM
SECRETARIA MUNICIPAL DE FAZENDA
2025-10-14 15:32:08,187 [INFO] __main__ - 70000137723048.pdf -> JUIZ DE FORA
2025-10-14 15:32:08,370 [INFO] __main__ - 70000137723055.pdf -> DE CONTAGEM
SECRETARIA MUNICIPAL DE FAZENDA
2025-10-14 15:32:08,605 [INFO] __main__ - 70000137723062.pdf -> DE CONTAGEM
SECRETARIA MUNICIPAL DE FAZENDA
2025-10-14 15:32:08,894 [INFO] __main__ - 70000137723086.pdf -> DE IPATINGA
SECRETARIA MUNICIPAL DE FAZENDA
NOTA N
2025-10-14 15:32:08,964 [INFO] __main__ - 70000137723079.pdf -> DE CONTAGEM
SECRETARIA MUNICIPAL DE FAZENDA
2025-10-14 15:32:09,309 [INFO] __main__ - 70000137723109.pdf -> JUIZ DE FORA
2025-10-14 15:32:09,368 [INFO] __main__ - 70000137723093.pdf -> JUIZ DE FORA
2025-10-14 15:32:09,634 [INFO] __main__ - 70000137723154.pdf -> DE UBERABA
SECRETARIA MUNICIPAL DE FAZENDA
RUA DOM LUIZ MARIA DE SANTANA
2025-10-14 15:32:09,762 [INFO] __main__ - 70000137723123.pdf -> DE CONTAGEM
SECRETARIA MUNICIPAL DE FAZENDA
2025-10-14 15:32:09,847 [INFO] __main__ - 70000137723185.pdf -> DE
NUMERO NFS
2025-10-14 15:32:10,144 [INFO] __main__ - 70000137694294.pdf -> DE SAO CARLOS
2025-10-14 15:32:10,343 [INFO] __main__ - 70000137723208.pdf -> JUIZ DE FORA
2025-10-14 15:32:10,413 [INFO] __main__ - 70000137723215.pdf -> DE CONTAGEM
SECRETARIA MUNICIPAL DE FAZENDA
2025-10-14 15:32:10,604 [INFO] __main__ - 70000137723222.pdf -> JUIZ DE FORA
2025-10-14 15:32:10,613 [INFO] __main__ - 70000137723246.pdf -> DE CONTAGEM
SECRETARIA MUNICIPAL DE FAZENDA
2025-10-14 15:32:10,953 [INFO] __main__ - 70000137723284.pdf -> DE
NUMERO NFS
2025-10-14 15:32:10,953 [INFO] __main__ - 70000137723260.pdf -> DE CONTAGEM
SECRETARIA MUNICIPAL DE FAZENDA
2025-10-14 15:32:10,969 [INFO] __main__ - 70000137723277.pdf -> DE
NUMERO NFS
2025-10-14 15:32:11,171 [INFO] __main__ - 70000137723901.pdf -> SAO PAULO
SECRETARIA MUNICIPAL DA FAZENDA
NOTA FISCAL ELETRONICA DE SERVICOS
2025-10-14 15:32:11,256 [INFO] __main__ - 70000137723888.pdf -> Desconhecido
2025-10-14 15:32:11,430 [INFO] __main__ - 70000137723932.pdf -> DE PARNAMIRIM
SECRETARIA MUNICIPAL DE TRIBUTACAO
NOTA FISCAL DE SERVICOS ELETRONICA
2025-10-14 15:32:11,504 [INFO] __main__ - 70000137723291.pdf -> JUIZ DE FORA
2025-10-14 15:32:11,695 [INFO] __main__ - 70000137723925.pdf -> Desconhecido
2025-10-14 15:32:11,854 [INFO] __main__ - 70000137723956.pdf -> SAO PAULO
SECRETARIA MUNICIPAL DA FAZENDA
NOTA FISCAL ELETRONICA DE SERVICOS
2025-10-14 15:32:12,091 [INFO] __main__ - 70000137723987.pdf -> Desconhecido
2025-10-14 15:32:12,894 [INFO] __main__ - 70000137723963.pdf -> DE CUIABA
SERIE DO DOCUMENTO
NFS
2025-10-14 15:32:13,170 [INFO] __main__ - 70000137724007.pdf -> DE ANANINDEUA
2025-10-14 15:32:13,346 [INFO] __main__ - 70000137694300.pdf -> DE BAURU

COMPETENCIA

NOTA FISCAL DE SERVICOS ELETRONICA
2025-10-14 15:32:14,449 [INFO] __main__ - 70000137724021.pdf -> MANAUS
SECRETARIA MUNICIPAL DE FINANCAS
2025-10-14 15:32:17,145 [INFO] __main__ - 70000137697455.pdf -> DE CAMACARI
2025-10-14 15:32:17,401 [INFO] __main__ - 70000137724564.pdf -> DISTRITO FEDERAL 
SECRETARIA DE ESTADO DE ECONOMIA DO DISTRITO FEDERAL 
FONE
2025-10-14 15:32:17,523 [INFO] __main__ - 70000137724571.pdf -> DE PALHOCA
SECRETARIA MUNICIPAL DE ADMINISTRACAO E FAZENDA
IDENTIFICADOR
2025-10-14 15:32:17,722 [INFO] __main__ - 70000137724588.pdf -> DE SAO JOSE DOS PINHAIS
SECRETARIA DE FINANCAS
NOTA FISCAL ELETRONICA DE SERVICO
2025-10-14 15:32:18,309 [INFO] __main__ - 70000137724595.pdf -> DE PALHOCA
SECRETARIA MUNICIPAL DE ADMINISTRACAO E FAZENDA
IDENTIFICADOR
2025-10-14 15:32:18,322 [INFO] __main__ - 70000137716019.pdf -> SAO PAULO
2025-10-14 15:32:18,547 [INFO] __main__ - 70000137724601.pdf -> DE SAO JOSE DOS PINHAIS
SECRETARIA DE FINANCAS
NOTA FISCAL ELETRONICA DE SERVICO
2025-10-14 15:32:18,831 [INFO] __main__ - 70000137725028.pdf -> DE MACEIO
SECRETARIA MUNICIPAL DE FAZENDA
NOTA FISCAL DE SERVICO AVULSA ELETRONICA
2025-10-14 15:32:19,195 [INFO] __main__ - 70000137725868.pdf -> BARREIRAS
NOTA FISCAL DE SERVICOS ELETRONICA
2025-10-14 15:32:23,533 [INFO] __main__ - 70000137721532.pdf -> DE BARUERI

RETARIA DE FINANCAS

NOTA FISCAL ELETRONICA DE SERVICOS
2025-10-14 15:32:24,103 [INFO] __main__ - 70000137725899.pdf -> VITORIA DA CONQUISTA
NOTA FISCAL DE SERVICOS ELETRONICA
2025-10-14 15:32:25,619 [INFO] __main__ - 70000137697479.pdf -> DE CAMACARI
2025-10-14 15:32:28,662 [INFO] __main__ - 70000137723949.pdf -> RIO DE JANEIRO
2025-10-14 15:32:29,089 [INFO] __main__ - 70000137727282.pdf -> DE GUARULHOS
SECRETARIA DE FINANCAS
2025-10-14 15:32:29,447 [INFO] __main__ - 70000137728937.pdf -> PETROPOLIS
SECRETARIA DE FAZENDA
NOTA FISCAL
2025-10-14 15:32:29,803 [INFO] __main__ - 70000137729088.pdf -> PETROPOLIS
SECRETARIA DE FAZENDA
NOTA FISCAL
2025-10-14 15:32:30,218 [INFO] __main__ - 70000137723994.pdf -> RIO DE JANEIRO
2025-10-14 15:32:30,397 [INFO] __main__ - 70000137731517.pdf -> DISTRITO FEDERAL 
SECRETARIA DE ESTADO DE ECONOMIA DO DISTRITO FEDERAL 
FONE
2025-10-14 15:32:30,500 [INFO] __main__ - 70000137731524.pdf -> DISTRITO FEDERAL 
SECRETARIA DE ESTADO DE ECONOMIA DO DISTRITO FEDERAL 
FONE
2025-10-14 15:32:30,519 [INFO] __main__ - 70000137733092.pdf -> FOZ DO IGUACU
SECRETARIA MUNICIPAL DA FAZENDA
F
QR CODE
REDEFRETELOG TRANSPORTES LTDA
RAZAO SOCIAL
2025-10-14 15:32:31,307 [INFO] __main__ - 70000137724014.pdf -> RIO DE JANEIRO
2025-10-14 15:32:33,292 [INFO] __main__ - 70000137724038.pdf -> RIO DE JANEIRO
2025-10-14 15:32:33,577 [INFO] __main__ - 70000137733634.pdf -> SENADOR CANEDO
2025-10-14 15:32:34,195 [INFO] __main__ - 70000137725882.pdf -> DO SALVADOR
2025-10-14 15:32:34,436 [INFO] __main__ - 70000137754653.pdf -> DE EUSEBIO
ENDERECO
INSC
2025-10-14 15:32:34,569 [INFO] __main__ - 70000137754219.pdf -> CANOAS
NOTA FISCAL FATURA DE SERVICOS ELETRONICA
2025-10-14 15:32:35,208 [INFO] __main__ - 70000137754684.pdf -> EMBU DAS ARTES
N
2025-10-14 15:32:35,339 [INFO] __main__ - 70000137755100.pdf -> DE EUSEBIO
ENDERECO
INSC
2025-10-14 15:32:40,795 [INFO] __main__ - 70000137725875.pdf -> BELO HORIZONTE
2025-10-14 15:32:50,405 [INFO] __main__ - 70000137726544.pdf -> ITABUNA

SECRETARIA MUNICIPAL DE FAZENDA
DEPTO DE TRIBUTOS
2025-10-14 15:32:50,805 [INFO] __main__ - 70000137733320.pdf -> DE SAO CARLOS
2025-10-14 15:32:52,203 [INFO] __main__ - 70000137726520.pdf -> SANTO ANTONIO DE JESUS

SECRETARIA MUNICIPAL DA FAZENDA
DEPARTAMENTO DE ADMINISTRACAO TRIBUTARIA
2025-10-14 15:32:52,509 [INFO] __main__ - 70000137755117.pdf -> MUNICIPIO DE SAO PAULO
2025-10-14 15:32:53,881 [INFO] __main__ - 70000137733542.pdf -> SOROCABA

SECRETARIA DA FAZENDA
NOTA FISCAL DE SERVICOS ELETRONICA
2025-10-14 15:32:55,097 [INFO] __main__ - 70000137733351.pdf -> SAO JOSE DO RIO PRETO
SECRETARIA DA FAZENDA
NOTA FISCAL DE SERVICO ELETRONICA
2025-10-14 15:32:56,772 [INFO] __main__ - 70000137755148.pdf -> DE NITEROI
SECRETARIA MUNICIPAL DE FAZENDA
W NOTA FISCAL DE SERVICOS ELETRONICA
2025-10-14 15:33:01,563 [INFO] __main__ - 70000137755087.pdf -> DE RESENDE

NUMERO DA
SECRETARIA MUNICIPAL DE FINANCAS NFS
2025-10-14 15:33:04,781 [INFO] __main__ - 70000137755162.pdf -> SAO PAULO
2025-10-14 15:33:05,184 [INFO] __main__ - 70000137758033.pdf -> DE PATOS
SECRETARIA MUNICIPAL DA RECEITA
DIRETORIA DE ADMINISTRACAO TRIBUTARIA
AV
2025-10-14 15:33:05,580 [INFO] __main__ - 70000137758156.pdf -> DE MOSSORO
SECRETARIA MUNICIPAL DA FAZENDA
NOTA FISCAL DE SERVICOS ELETRONICA
2025-10-14 15:33:05,873 [INFO] __main__ - 70000137758170.pdf -> JUAZEIRO DO NORTE
ENDERECO
INSC
2025-10-14 15:33:06,408 [INFO] __main__ - 70000137758194.pdf -> DE PATOS
SECRETARIA MUNICIPAL DA RECEITA
DIRETORIA DE ADMINISTRACAO TRIBUTARIA
AV
2025-10-14 15:33:06,834 [INFO] __main__ - 70000137755186.pdf -> DE NITEROI
SECRETARIA MUNICIPAL DE FAZENDA
W NOTA FISCAL DE SERVICOS ELETRONICA
2025-10-14 15:33:06,951 [INFO] __main__ - 70000137758200.pdf -> PETROLINA
RAZAO SOCIAL
2025-10-14 15:33:07,224 [INFO] __main__ - 70000137758224.pdf -> SOBRAL
ENDERECO
INSC
2025-10-14 15:33:07,381 [INFO] __main__ - 70000137758255.pdf -> DE PAU DOS
2025-10-14 15:33:07,552 [INFO] __main__ - 70000137758927.pdf -> SAO PAULO
HTTPS
2025-10-14 15:33:07,635 [INFO] __main__ - 70000137758262.pdf -> SAO LUIS
CODIGO DE VERIFICACAO
SECRETARIA MUNICIPAL DE FAZENDA
NUMERO DA NOTA
DATA E HORA DA EMISSAO
CPF
2025-10-14 15:33:07,788 [INFO] __main__ - 70000137759047.pdf -> SAO PAULO
HTTPS
2025-10-14 15:33:07,852 [INFO] __main__ - 70000137759054.pdf -> SAO PAULO
HTTPS
2025-10-14 15:33:07,858 [INFO] __main__ - 70000137759115.pdf -> SAO PAULO
HTTPS
2025-10-14 15:33:08,065 [INFO] __main__ - 70000137759214.pdf -> SAO PAULO
HTTPS
2025-10-14 15:33:08,172 [INFO] __main__ - 70000137759177.pdf -> SAO PAULO
HTTPS
2025-10-14 15:33:08,554 [INFO] __main__ - 70000137759221.pdf -> SAO PAULO
HTTPS
2025-10-14 15:33:08,571 [INFO] __main__ - 70000137759276.pdf -> SAO PAULO
HTTPS
2025-10-14 15:33:08,700 [INFO] __main__ - 70000137759290.pdf -> SAO PAULO
HTTPS
2025-10-14 15:33:08,796 [INFO] __main__ - 70000137759313.pdf -> SAO PAULO
HTTPS
2025-10-14 15:33:08,906 [INFO] __main__ - 70000137759375.pdf -> SAO PAULO
HTTPS
2025-10-14 15:33:08,956 [INFO] __main__ - 70000137759382.pdf -> SAO PAULO
HTTPS
2025-10-14 15:33:09,094 [INFO] __main__ - 70000137759405.pdf -> SAO PAULO
HTTPS
2025-10-14 15:33:09,253 [INFO] __main__ - 70000137759443.pdf -> SAO PAULO
HTTPS
2025-10-14 15:33:09,392 [INFO] __main__ - 70000137759467.pdf -> SAO PAULO
HTTPS
2025-10-14 15:33:09,393 [INFO] __main__ - 70000137759436.pdf -> DE CARAPICUIBA
N
2025-10-14 15:33:09,509 [INFO] __main__ - 70000137759481.pdf -> SAO PAULO
HTTPS
2025-10-14 15:33:09,518 [INFO] __main__ - 70000137759474.pdf -> SAO PAULO
HTTPS
2025-10-14 15:33:10,189 [INFO] __main__ - 70000137771346.pdf -> HORTOLANDIA
SECRETARIA MUNICIPAL DE FINANCAS
2025-10-14 15:33:10,341 [INFO] __main__ - 70000137755247.pdf -> DE NITEROI
SECRETARIA MUNICIPAL DE FAZENDA
W NOTA FISCAL DE SERVICOS ELETRONICA
2025-10-14 15:33:10,520 [INFO] __main__ - 70000137771353.pdf -> DA ESTANCIA TURISTICA DE ITU
SECRETARIA MUNICIPAL DE FINANCAS
2025-10-14 15:33:10,919 [INFO] __main__ - 70000137772855.pdf -> DE OLINDA
SECRETARIA DA FAZENDA
NOTA FISCAL DE SERVICOS ELETRONICA
2025-10-14 15:33:11,071 [INFO] __main__ - 70000137772046.pdf -> DA ESTANCIA TURISTICA DE ITU
SECRETARIA MUNICIPAL DE FINANCAS
2025-10-14 15:33:11,131 [INFO] __main__ - 70000137772862.pdf -> DE BARUERI
SECRETARIA DE FINANCAS
NOTA FISCAL ELETRONICA DE SERVICOS
2025-10-14 15:33:12,006 [INFO] __main__ - 70000137773494.pdf -> EMBU DAS ARTES
N
2025-10-14 15:33:21,595 [INFO] __main__ - 70000137755193.pdf -> DE RESENDE

NUMERO DA
SECRETARIA MUNICIPAL DE FINANCAS NFS
2025-10-14 15:33:24,002 [INFO] __main__ - 70000137756091.pdf -> DE RESENDE

NUMERO DA
SECRETARIA MUNICIPAL DE FINANCAS NFS
2025-10-14 15:33:24,309 [INFO] __main__ - 70000137760838.pdf -> BOA VIAGEM
2025-10-14 15:33:26,722 [INFO] __main__ - 70000137756077.pdf -> DE RESENDE

NUMERO DA
SECRETARIA MUNICIPAL DE FINANCAS NFS
2025-10-14 15:33:27,246 [INFO] __main__ - 70000137756084.pdf -> DE RESENDE

NUMERO DA
SECRETARIA MUNICIPAL DE FINANCAS NFS
2025-10-14 15:33:27,736 [INFO] __main__ - 70000137792525.pdf -> DE TERESINA
SECRETARIA MUNICIPAL DE FINANCAS
NFSE
2025-10-14 15:33:32,161 [INFO] __main__ - 70000137756107.pdf -> DE RESENDE

NUMERO DA
SECRETARIA MUNICIPAL DE FINANCAS NFS
2025-10-14 15:33:32,852 [INFO] __main__ - 70000137792549.pdf -> DE TERESINA
SECRETARIA MUNICIPAL DE FINANCAS
NFSE
2025-10-14 15:33:33,148 [INFO] __main__ - 70000137792556.pdf -> DE RESENDE
R CORONEL ALFREDO SODRE
2025-10-14 15:33:34,785 [INFO] __main__ - 70000137773487.pdf -> MANAUS
SECRETARIA MUNICIPAL DE FINANCAS E TECNOLOGIA DA
2025-10-14 15:33:39,502 [INFO] __main__ - 70000137773500.pdf -> MANAUS
SECRETARIA MUNICIPAL DE FINANCAS E TECNOLOGIA DA
2025-10-14 15:33:42,573 [INFO] __main__ - 70000137777966.pdf -> DE BARUERI
SECRETARIA DE FINANCAS

DATA EMISSAO
2025-10-14 15:33:43,159 [INFO] __main__ - 70000137793720.pdf -> DE TERESINA
SECRETARIA MUNICIPAL DE FINANCAS
NFSE
2025-10-14 15:33:43,868 [INFO] __main__ - 70000137793737.pdf -> DE TERESINA
SECRETARIA MUNICIPAL DE FINANCAS
NFSE
2025-10-14 15:33:44,556 [INFO] __main__ - 70000137793744.pdf -> DE TERESINA
SECRETARIA MUNICIPAL DE FINANCAS
NFSE
2025-10-14 15:33:44,999 [INFO] __main__ - 70000137793751.pdf -> DE TERESINA
SECRETARIA MUNICIPAL DE FINANCAS
NFSE
2025-10-14 15:33:45,727 [INFO] __main__ - 70000137793768.pdf -> DE TERESINA
SECRETARIA MUNICIPAL DE FINANCAS
NFSE
2025-10-14 15:33:45,991 [INFO] __main__ - 70000137792518.pdf -> DE CACHOEIRO ITAPEMIRIM

CODIGO DE VERIFICACAO PARA AUTENTICACAO
2025-10-14 15:33:46,222 [INFO] __main__ - 70000137793775.pdf -> DE TERESINA
SECRETARIA MUNICIPAL DE FINANCAS
NFSE
2025-10-14 15:33:46,462 [INFO] __main__ - 70000137793782.pdf -> DE TERESINA
SECRETARIA MUNICIPAL DE FINANCAS
NFSE
2025-10-14 15:33:47,031 [INFO] __main__ - 70000137793799.pdf -> DE TERESINA
SECRETARIA MUNICIPAL DE FINANCAS
NFSE
2025-10-14 15:33:47,103 [INFO] __main__ - 70000137793805.pdf -> DE TERESINA
SECRETARIA MUNICIPAL DE FINANCAS
NFSE
2025-10-14 15:33:47,675 [INFO] __main__ - 70000137793829.pdf -> DE TERESINA
SECRETARIA MUNICIPAL DE FINANCAS
NFSE
2025-10-14 15:33:47,676 [INFO] __main__ - 70000137793812.pdf -> DE TERESINA
SECRETARIA MUNICIPAL DE FINANCAS
NFSE
2025-10-14 15:33:47,780 [INFO] __main__ - 70000137794574.pdf -> SAO PAULO
HTTPS
2025-10-14 15:33:47,798 [INFO] __main__ - 70000137795267.pdf -> SAO PAULO
HTTPS
2025-10-14 15:33:48,030 [INFO] __main__ - 70000137796486.pdf -> DE RESENDE
R CORONEL ALFREDO SODRE
2025-10-14 15:33:48,697 [INFO] __main__ - 70000137797506.pdf -> DE VILA VELHA
2025-10-14 15:33:48,837 [INFO] __main__ - 70000137799562.pdf -> DE BARUERI
SECRETARIA DE FINANCAS
NOTA FISCAL ELETRONICA DE SERVICOS
2025-10-14 15:33:49,064 [INFO] __main__ - 70000137799906.pdf -> DE MACEIO
SECRETARIA MUNICIPAL DE FAZENDA
NOTA FISCAL DE SERVICO AVULSA ELETRONICA
2025-10-14 15:33:49,321 [INFO] __main__ - 70000137799913.pdf -> DE MACEIO
SECRETARIA MUNICIPAL DE FAZENDA
NOTA FISCAL DE SERVICO AVULSA ELETRONICA
2025-10-14 15:33:49,529 [INFO] __main__ - 70000137799920.pdf -> DE MACEIO
SECRETARIA MUNICIPAL DE FAZENDA
NOTA FISCAL DE SERVICO AVULSA ELETRONICA
2025-10-14 15:33:49,647 [INFO] __main__ - 70000137805195.pdf -> DE BARUERI
SECRETARIA DE FINANCAS
NOTA FISCAL ELETRONICA DE SERVICOS
2025-10-14 15:33:50,425 [INFO] __main__ - 70000137812377.pdf -> EMBU DAS ARTES
N
2025-10-14 15:33:51,064 [INFO] __main__ - 70000137841131.pdf -> DISTRITO FEDERAL 
SECRETARIA DE ESTADO DE ECONOMIA DO DISTRITO FEDERAL 
FONE
2025-10-14 15:33:51,220 [INFO] __main__ - 70000137842589.pdf -> DE
NUMERO NFS
2025-10-14 15:33:51,537 [INFO] __main__ - 70000137842596.pdf -> DE UBERABA
SECRETARIA MUNICIPAL DE FAZENDA
RUA DOM LUIZ MARIA DE SANTANA
2025-10-14 15:33:51,750 [INFO] __main__ - 70000137842602.pdf -> DE CONTAGEM
SECRETARIA MUNICIPAL DE FAZENDA
2025-10-14 15:33:51,811 [INFO] __main__ - 70000137792501.pdf -> DE RESENDE

NUMERO DA
SECRETARIA MUNICIPAL DE FINANCAS NFS
2025-10-14 15:33:51,959 [INFO] __main__ - 70000137792495.pdf -> DE RESENDE

NUMERO DA
SECRETARIA MUNICIPAL DE FINANCAS NFS
2025-10-14 15:33:52,090 [INFO] __main__ - 70000137842619.pdf -> DE CONTAGEM
SECRETARIA MUNICIPAL DE FAZENDA
2025-10-14 15:33:52,118 [INFO] __main__ - 70000137842626.pdf -> DE CONTAGEM
SECRETARIA MUNICIPAL DE FAZENDA
2025-10-14 15:33:52,258 [INFO] __main__ - 70000137842633.pdf -> DE CARUARU
SECRETARIA DA FAZENDA
TIPO RPS
NOTA FISCAL DE SERVICO ELETRONICA
2025-10-14 15:33:52,259 [INFO] __main__ - 70000137842640.pdf -> JUIZ DE FORA
2025-10-14 15:33:52,464 [INFO] __main__ - 70000137842671.pdf -> DE
NUMERO NFS
2025-10-14 15:33:52,464 [INFO] __main__ - 70000137842664.pdf -> DE
NUMERO NFS
2025-10-14 15:33:52,464 [INFO] __main__ - 70000137842657.pdf -> JUIZ DE FORA
2025-10-14 15:33:52,694 [INFO] __main__ - 70000137843029.pdf -> DE
NUMERO NFS
2025-10-14 15:33:52,695 [INFO] __main__ - 70000137843012.pdf -> DE CONTAGEM
SECRETARIA MUNICIPAL DE FAZENDA
2025-10-14 15:33:52,697 [INFO] __main__ - 70000137842688.pdf -> JUIZ DE FORA
2025-10-14 15:33:52,979 [INFO] __main__ - 70000137843043.pdf -> JUIZ DE FORA
2025-10-14 15:33:53,071 [INFO] __main__ - 70000137843067.pdf -> DE IPATINGA
SECRETARIA MUNICIPAL DE FAZENDA
NOTA N
2025-10-14 15:33:53,079 [INFO] __main__ - 70000137843036.pdf -> DE CONTAGEM
SECRETARIA MUNICIPAL DE FAZENDA
2025-10-14 15:33:53,122 [INFO] __main__ - 70000137843050.pdf -> DE CONTAGEM
SECRETARIA MUNICIPAL DE FAZENDA
2025-10-14 15:33:53,284 [INFO] __main__ - 70000137843081.pdf -> DE
NUMERO NFS
2025-10-14 15:33:53,406 [INFO] __main__ - 70000137843074.pdf -> DE CONTAGEM
SECRETARIA MUNICIPAL DE FAZENDA
2025-10-14 15:33:53,472 [INFO] __main__ - 70000137843111.pdf -> DE CONTAGEM
SECRETARIA MUNICIPAL DE FAZENDA
2025-10-14 15:33:53,601 [INFO] __main__ - 70000137843098.pdf -> DE CONTAGEM
SECRETARIA MUNICIPAL DE FAZENDA
2025-10-14 15:33:53,815 [INFO] __main__ - 70000137843142.pdf -> DE CONTAGEM
SECRETARIA MUNICIPAL DE FAZENDA
2025-10-14 15:33:53,867 [INFO] __main__ - 70000137792532.pdf -> DE RESENDE

NUMERO DA
SECRETARIA MUNICIPAL DE FINANCAS NFS
2025-10-14 15:33:53,901 [INFO] __main__ - 70000137844422.pdf -> FOZ DO IGUACU
SECRETARIA MUNICIPAL DA FAZENDA
F
QR CODE
REDEFRETELOG TRANSPORTES LTDA
RAZAO SOCIAL
2025-10-14 15:33:53,922 [INFO] __main__ - 70000137843135.pdf -> DE CONTAGEM
SECRETARIA MUNICIPAL DE FAZENDA
2025-10-14 15:33:53,941 [INFO] __main__ - 70000137843159.pdf -> JUIZ DE FORA
2025-10-14 15:33:54,082 [INFO] __main__ - 70000137874498.pdf -> MANAUS
SECRETARIA MUNICIPAL DE FINANCAS E TECNOLOGIA DA
INFORMACAO
2025-10-14 15:33:57,876 [INFO] __main__ - 70000137792563.pdf -> DE RESENDE

NUMERO DA
SECRETARIA MUNICIPAL DE FINANCAS NFS
2025-10-14 15:34:01,918 [INFO] __main__ - 70000137792587.pdf -> DE RESENDE

NUMERO DA
SECRETARIA MUNICIPAL DE FINANCAS NFS
2025-10-14 15:34:02,397 [INFO] __main__ - 70000137795854.pdf -> DE TERESINA
SECRETARIA MUNICIPAL DE FINANCAS

NOTA FISCAL DE SERVICOS ELETRONICA

NFSE
2025-10-14 15:34:03,468 [INFO] __main__ - 70000137792570.pdf -> DE RESENDE

NUMERO DA
SECRETARIA MUNICIPAL DE FINANCAS NFS
2025-10-14 15:34:04,037 [INFO] __main__ - Renomeando e organizando diretorios...
