2026-06-08 18:05:55,389 [INFO] modules.pdf_reader - Iniciando processamento do arquivo C:\ProjetosDev\project\data\input\_01DC9A270C554873940E4846C7AAFB5D-PDF_INVOICE-f7a3647f-1cdf-45fc-9928-e49e7de46658.pdf
2026-06-08 18:05:55,472 [INFO] modules.pdf_reader - Texto extraido de C:\ProjetosDev\project\data\input\_01DC9A270C554873940E4846C7AAFB5D-PDF_INVOICE-f7a3647f-1cdf-45fc-9928-e49e7de46658.pdf com PyMuPDF (1826 caracteres).
2026-06-08 18:05:55,528 [INFO] modules.pdf_reader - Iniciando processamento do arquivo C:\ProjetosDev\project\data\input\_08634270462448BFB60C423FD39F76E1-PDF_INVOICE-4c4dc35f-9100-441c-913a-41435033ea72.pdf
2026-06-08 18:05:55,669 [INFO] modules.pdf_reader - Texto extraido de C:\ProjetosDev\project\data\input\_08634270462448BFB60C423FD39F76E1-PDF_INVOICE-4c4dc35f-9100-441c-913a-41435033ea72.pdf com PyMuPDF (567 caracteres).
2026-06-08 18:05:55,832 [INFO] modules.pdf_reader - Iniciando processamento do arquivo C:\ProjetosDev\project\data\input\_1871A8DE1B0549C7973858F3A8CCD31B-PDF_INVOICE-8a69679a-b2d5-426b-a364-0d15cc3beb76.pdf
2026-06-08 18:05:55,874 [INFO] modules.pdf_reader - Iniciando processamento do arquivo C:\ProjetosDev\project\data\input\_4134B2DE4C7748D0AFDA111836583667-PDF_INVOICE-63ea18bf-3597-4df1-a926-6ecdfbdd4221.pdf
2026-06-08 18:05:55,882 [INFO] modules.pdf_reader - Texto extraido de C:\ProjetosDev\project\data\input\_1871A8DE1B0549C7973858F3A8CCD31B-PDF_INVOICE-8a69679a-b2d5-426b-a364-0d15cc3beb76.pdf com PyMuPDF (558 caracteres).
2026-06-08 18:05:55,963 [INFO] modules.pdf_reader - Iniciando processamento do arquivo C:\ProjetosDev\project\data\input\_41EC5FDC25FC41F0986687FEE92E4B26-PDF_INVOICE-1205eba0-8c06-4bd8-abcd-c5e1ef148fea.pdf
2026-06-08 18:05:55,978 [INFO] modules.pdf_reader - Texto extraido de C:\ProjetosDev\project\data\input\_41EC5FDC25FC41F0986687FEE92E4B26-PDF_INVOICE-1205eba0-8c06-4bd8-abcd-c5e1ef148fea.pdf com PyMuPDF (562 caracteres).
2026-06-08 18:05:55,989 [INFO] modules.pdf_reader - Texto extraido de C:\ProjetosDev\project\data\input\_4134B2DE4C7748D0AFDA111836583667-PDF_INVOICE-63ea18bf-3597-4df1-a926-6ecdfbdd4221.pdf com PyMuPDF (556 caracteres).
2026-06-08 18:05:56,076 [INFO] modules.pdf_reader - Iniciando processamento do arquivo C:\ProjetosDev\project\data\input\_50EDE56B0A9E42AEB660C2E22E1D1635-PDF_INVOICE-171ffb8e-3de7-4e5f-8e5e-091e1a0a5495.pdf
2026-06-08 18:05:56,089 [INFO] modules.pdf_reader - Texto extraido de C:\ProjetosDev\project\data\input\_50EDE56B0A9E42AEB660C2E22E1D1635-PDF_INVOICE-171ffb8e-3de7-4e5f-8e5e-091e1a0a5495.pdf com PyMuPDF (559 caracteres).
2026-06-08 18:05:56,168 [INFO] modules.pdf_reader - Iniciando processamento do arquivo C:\ProjetosDev\project\data\input\_59E832B071384CEB81C986DC203CB4B2-PDF_INVOICE-d5788b72-d88d-4ded-b072-d63849fd3c6b.pdf
2026-06-08 18:05:56,180 [INFO] modules.pdf_reader - Texto extraido de C:\ProjetosDev\project\data\input\_59E832B071384CEB81C986DC203CB4B2-PDF_INVOICE-d5788b72-d88d-4ded-b072-d63849fd3c6b.pdf com PyMuPDF (1834 caracteres).
2026-06-08 18:05:56,199 [INFO] modules.pdf_reader - Iniciando processamento do arquivo C:\ProjetosDev\project\data\input\_552277FFC4B440D79EEBE889502B48CB-PDF_INVOICE-976469e2-837a-4ae9-a098-e9be874e86a9.pdf
2026-06-08 18:05:56,294 [INFO] modules.pdf_reader - Texto extraido de C:\ProjetosDev\project\data\input\_552277FFC4B440D79EEBE889502B48CB-PDF_INVOICE-976469e2-837a-4ae9-a098-e9be874e86a9.pdf com PyMuPDF (555 caracteres).
2026-06-08 18:05:56,363 [INFO] modules.pdf_reader - Iniciando processamento do arquivo C:\ProjetosDev\project\data\input\_1CCAE489A7784DD0A8394D7E1EC68003-PDF_INVOICE-bf2f7ec8-ea31-4e06-b110-d325db6acb02.pdf
2026-06-08 18:05:56,468 [INFO] modules.pdf_reader - Iniciando processamento do arquivo C:\ProjetosDev\project\data\input\_4CEA5FCD0BB840839C634B020C414D9F-PDF_INVOICE-4a4403cd-cea4-4aac-896d-a1216665f085.pdf
2026-06-08 18:05:56,494 [INFO] modules.pdf_reader - Texto extraido de C:\ProjetosDev\project\data\input\_4CEA5FCD0BB840839C634B020C414D9F-PDF_INVOICE-4a4403cd-cea4-4aac-896d-a1216665f085.pdf com PyMuPDF (2533 caracteres).
2026-06-08 18:05:56,615 [INFO] modules.pdf_reader - Texto extraido de C:\ProjetosDev\project\data\input\_1CCAE489A7784DD0A8394D7E1EC68003-PDF_INVOICE-bf2f7ec8-ea31-4e06-b110-d325db6acb02.pdf com PyMuPDF (2235 caracteres).
2026-06-08 18:05:56,711 [INFO] modules.pdf_reader - Iniciando processamento do arquivo C:\ProjetosDev\project\data\input\_7109232F97194D3A90B2ECF092068CF5-PDF_INVOICE-08f82c37-1977-4d1c-9ff8-7da8c55e8351.pdf
2026-06-08 18:05:56,747 [INFO] modules.pdf_reader - Iniciando processamento do arquivo C:\ProjetosDev\project\data\input\_75F66CCD77FF4F2C94EC7F2886CD3924-PDF_INVOICE-d85e96c3-606e-410b-af42-30cb24d9d921.pdf
2026-06-08 18:05:56,775 [INFO] modules.pdf_reader - Texto extraido de C:\ProjetosDev\project\data\input\_7109232F97194D3A90B2ECF092068CF5-PDF_INVOICE-08f82c37-1977-4d1c-9ff8-7da8c55e8351.pdf com PyMuPDF (562 caracteres).
2026-06-08 18:05:56,811 [INFO] modules.pdf_reader - Texto extraido de C:\ProjetosDev\project\data\input\_75F66CCD77FF4F2C94EC7F2886CD3924-PDF_INVOICE-d85e96c3-606e-410b-af42-30cb24d9d921.pdf com PyMuPDF (556 caracteres).
2026-06-08 18:05:56,961 [INFO] modules.pdf_reader - Iniciando processamento do arquivo C:\ProjetosDev\project\data\input\_6730233D7D0D4BBA922E45F2920F4045-PDF_INVOICE-e191af67-e9d8-4bed-b037-3c65d44ea785.pdf
2026-06-08 18:05:57,028 [INFO] modules.pdf_reader - Texto extraido de C:\ProjetosDev\project\data\input\_6730233D7D0D4BBA922E45F2920F4045-PDF_INVOICE-e191af67-e9d8-4bed-b037-3c65d44ea785.pdf com PyMuPDF (2520 caracteres).
2026-06-08 18:05:57,066 [INFO] modules.pdf_reader - Iniciando processamento do arquivo C:\ProjetosDev\project\data\input\_87B33D6AA34C4F05BE6FBF303843C4DA-PDF_INVOICE-ce6ae3d1-4627-4d75-8010-b496b934b9a0.pdf
2026-06-08 18:05:57,068 [INFO] modules.pdf_reader - Iniciando processamento do arquivo C:\ProjetosDev\project\data\input\_905CA162BCAF4D619A3654B01EFA033B-PDF_INVOICE-73749bf2-e55e-40de-82c2-27d8a2cbaae9.pdf
2026-06-08 18:05:57,131 [INFO] modules.pdf_reader - Texto extraido de C:\ProjetosDev\project\data\input\_905CA162BCAF4D619A3654B01EFA033B-PDF_INVOICE-73749bf2-e55e-40de-82c2-27d8a2cbaae9.pdf com PyMuPDF (555 caracteres).
2026-06-08 18:05:57,141 [INFO] modules.pdf_reader - Texto extraido de C:\ProjetosDev\project\data\input\_87B33D6AA34C4F05BE6FBF303843C4DA-PDF_INVOICE-ce6ae3d1-4627-4d75-8010-b496b934b9a0.pdf com PyMuPDF (562 caracteres).
2026-06-08 18:05:57,316 [INFO] modules.pdf_reader - Iniciando processamento do arquivo C:\ProjetosDev\project\data\input\_C9FE6B6932C54C9A9591AD8E0777278A-PDF_INVOICE-ab96b156-1519-43ef-8fe3-c72b5cd2befe.pdf
2026-06-08 18:05:57,326 [INFO] modules.pdf_reader - Texto extraido de C:\ProjetosDev\project\data\input\_C9FE6B6932C54C9A9591AD8E0777278A-PDF_INVOICE-ab96b156-1519-43ef-8fe3-c72b5cd2befe.pdf com PyMuPDF (568 caracteres).
2026-06-08 18:05:57,369 [INFO] modules.pdf_reader - Iniciando processamento do arquivo C:\ProjetosDev\project\data\input\_D3147319AD524F84AA9E09C5CDEB4B1F-PDF_INVOICE-b12ad359-19e5-47bb-9d4c-0822afa8a54f.pdf
2026-06-08 18:05:57,381 [INFO] modules.pdf_reader - Texto extraido de C:\ProjetosDev\project\data\input\_D3147319AD524F84AA9E09C5CDEB4B1F-PDF_INVOICE-b12ad359-19e5-47bb-9d4c-0822afa8a54f.pdf com PyMuPDF (562 caracteres).
2026-06-08 18:05:57,502 [INFO] modules.pdf_reader - Iniciando processamento do arquivo C:\ProjetosDev\project\data\input\_E0E74E69AFCC430E828677B741B11DB3-PDF_INVOICE-e52728f1-b72d-44c6-b2cb-d0ebef76ef2e.pdf
2026-06-08 18:05:57,543 [INFO] modules.pdf_reader - Texto extraido de C:\ProjetosDev\project\data\input\_E0E74E69AFCC430E828677B741B11DB3-PDF_INVOICE-e52728f1-b72d-44c6-b2cb-d0ebef76ef2e.pdf com PyMuPDF (562 caracteres).
2026-06-08 18:05:57,665 [INFO] modules.pdf_reader - Iniciando processamento do arquivo C:\ProjetosDev\project\data\input\_F6D789AC386844E2B45457BE4A476DE5-PDF_INVOICE-ed7af678-4d55-46fe-a67b-650ab9b279d8.pdf
2026-06-08 18:05:57,679 [INFO] modules.pdf_reader - Texto extraido de C:\ProjetosDev\project\data\input\_F6D789AC386844E2B45457BE4A476DE5-PDF_INVOICE-ed7af678-4d55-46fe-a67b-650ab9b279d8.pdf com PyMuPDF (563 caracteres).
2026-06-08 18:05:57,817 [INFO] modules.pdf_reader - Iniciando processamento do arquivo C:\ProjetosDev\project\data\input\_F7B210EC4D614E04BED9F531ED668FE0-PDF_INVOICE-25c56739-c1b0-4b26-b952-b9c68ff58df5.pdf
2026-06-08 18:05:57,833 [INFO] modules.pdf_reader - Texto extraido de C:\ProjetosDev\project\data\input\_F7B210EC4D614E04BED9F531ED668FE0-PDF_INVOICE-25c56739-c1b0-4b26-b952-b9c68ff58df5.pdf com PyMuPDF (556 caracteres).
2026-06-08 18:05:59,954 [INFO] modules.ocr_handler - Processando OCR na pagina 1 do arquivo: _CE17C4C6D0424AE8B6E0C2083A234295-PDF_INVOICE-3bca9f09-98f3-4b59-aac7-1e84f529f137.pdf
2026-06-08 18:06:02,426 [INFO] modules.pdf_reader - Iniciando processamento do arquivo C:\ProjetosDev\project\data\input\_CE17C4C6D0424AE8B6E0C2083A234295-PDF_INVOICE-3bca9f09-98f3-4b59-aac7-1e84f529f137.pdf
2026-06-08 18:06:02,431 [INFO] modules.pdf_reader - Texto extraido de C:\ProjetosDev\project\data\input\_CE17C4C6D0424AE8B6E0C2083A234295-PDF_INVOICE-3bca9f09-98f3-4b59-aac7-1e84f529f137.pdf com PyMuPDF (2 caracteres).
2026-06-08 18:06:02,432 [WARNING] modules.pdf_reader - Nenhum texto encontrado no PDF C:\ProjetosDev\project\data\input\_CE17C4C6D0424AE8B6E0C2083A234295-PDF_INVOICE-3bca9f09-98f3-4b59-aac7-1e84f529f137.pdf. Tentando OCR...
2026-06-08 18:06:02,582 [INFO] modules.ocr_handler - Processando OCR na pagina 1 do arquivo: _AAC79EBDCDB74FD3AA652BBB487E3879-PDF_INVOICE-2d71bcbe-8a8e-448c-94ba-c97c3ff24526.pdf
2026-06-08 18:06:03,789 [INFO] modules.pdf_reader - Executando OCR na pagina 1 do arquivo C:\ProjetosDev\project\data\input\_CE17C4C6D0424AE8B6E0C2083A234295-PDF_INVOICE-3bca9f09-98f3-4b59-aac7-1e84f529f137.pdf
2026-06-08 18:06:06,349 [INFO] modules.pdf_reader - Iniciando processamento do arquivo C:\ProjetosDev\project\data\input\_AAC79EBDCDB74FD3AA652BBB487E3879-PDF_INVOICE-2d71bcbe-8a8e-448c-94ba-c97c3ff24526.pdf
2026-06-08 18:06:06,403 [INFO] modules.pdf_reader - Texto extraido de C:\ProjetosDev\project\data\input\_AAC79EBDCDB74FD3AA652BBB487E3879-PDF_INVOICE-2d71bcbe-8a8e-448c-94ba-c97c3ff24526.pdf com PyMuPDF (0 caracteres).
2026-06-08 18:06:06,403 [WARNING] modules.pdf_reader - Nenhum texto encontrado no PDF C:\ProjetosDev\project\data\input\_AAC79EBDCDB74FD3AA652BBB487E3879-PDF_INVOICE-2d71bcbe-8a8e-448c-94ba-c97c3ff24526.pdf. Tentando OCR...
2026-06-08 18:06:07,044 [INFO] modules.pdf_reader - Executando OCR na pagina 1 do arquivo C:\ProjetosDev\project\data\input\_AAC79EBDCDB74FD3AA652BBB487E3879-PDF_INVOICE-2d71bcbe-8a8e-448c-94ba-c97c3ff24526.pdf
