2025-11-24 09:52:57,383 [INFO] __main__ - Total de arquivos encontrados: 44
2025-11-24 09:52:57,383 [INFO] __main__ - Processando lote 1 com 44 arquivos...
2025-11-24 09:53:02,207 [INFO] __main__ - 70000138914650.pdf -> DE
NUMERO NFS
2025-11-24 09:53:02,390 [INFO] __main__ - 70000138914667.pdf -> JUIZ DE FORA
2025-11-24 09:53:02,487 [INFO] __main__ - 70000138914704.pdf -> DE
NUMERO NFS
2025-11-24 09:53:02,513 [INFO] __main__ - 70000138914681.pdf -> DE CONTAGEM
SECRETARIA MUNICIPAL DE FAZENDA
2025-11-24 09:53:02,685 [INFO] __main__ - 70000138914728.pdf -> JUIZ DE FORA
2025-11-24 09:53:02,785 [INFO] __main__ - 70000138914759.pdf -> DE CONTAGEM
SECRETARIA MUNICIPAL DE FAZENDA
2025-11-24 09:53:02,797 [INFO] __main__ - 70000138914711.pdf -> DE UBERABA
SECRETARIA MUNICIPAL DE FAZENDA
RUA DOM LUIZ MARIA DE SANTANA
2025-11-24 09:53:02,893 [INFO] __main__ - 70000138914797.pdf -> JUIZ DE FORA
2025-11-24 09:53:02,893 [INFO] __main__ - 70000138914698.pdf -> DE CARUARU
SECRETARIA DA FAZENDA
TIPO RPS
NOTA FISCAL DE SERVICO ELETRONICA
2025-11-24 09:53:02,928 [INFO] __main__ - 70000138914810.pdf -> JUIZ DE FORA
2025-11-24 09:53:02,961 [INFO] __main__ - 70000138914742.pdf -> DE CONTAGEM
SECRETARIA MUNICIPAL DE FAZENDA
2025-11-24 09:53:02,965 [INFO] __main__ - 70000138914780.pdf -> DE CONTAGEM
SECRETARIA MUNICIPAL DE FAZENDA
2025-11-24 09:53:03,027 [INFO] __main__ - 70000138914766.pdf -> DE CONTAGEM
SECRETARIA MUNICIPAL DE FAZENDA
2025-11-24 09:53:03,089 [INFO] __main__ - 70000138914834.pdf -> DE
NUMERO NFS
2025-11-24 09:53:03,092 [INFO] __main__ - 70000138914803.pdf -> DE CONTAGEM
SECRETARIA MUNICIPAL DE FAZENDA
2025-11-24 09:53:03,096 [INFO] __main__ - 70000138914841.pdf -> JUIZ DE FORA
2025-11-24 09:53:03,151 [INFO] __main__ - 70000138914872.pdf -> DE CONTAGEM
SECRETARIA MUNICIPAL DE FAZENDA
2025-11-24 09:53:03,280 [INFO] __main__ - 70000138914865.pdf -> JUIZ DE FORA
2025-11-24 09:53:03,290 [INFO] __main__ - 70000138914889.pdf -> DE
NUMERO NFS
2025-11-24 09:53:03,332 [INFO] __main__ - 70000138914919.pdf -> DE CONTAGEM
SECRETARIA MUNICIPAL DE FAZENDA
2025-11-24 09:53:03,396 [INFO] __main__ - 70000138914773.pdf -> DE
NUMERO NFS
2025-11-24 09:53:03,397 [INFO] __main__ - 70000138914926.pdf -> DE CONTAGEM
SECRETARIA MUNICIPAL DE FAZENDA
2025-11-24 09:53:03,406 [INFO] __main__ - 70000138914827.pdf -> DE CONTAGEM
SECRETARIA MUNICIPAL DE FAZENDA
2025-11-24 09:53:03,494 [INFO] __main__ - 70000138914933.pdf -> DE CONTAGEM
SECRETARIA MUNICIPAL DE FAZENDA
2025-11-24 09:53:03,521 [INFO] __main__ - 70000138914957.pdf -> DE CONTAGEM
SECRETARIA MUNICIPAL DE FAZENDA
2025-11-24 09:53:03,561 [INFO] __main__ - 70000138914896.pdf -> DE CONTAGEM
SECRETARIA MUNICIPAL DE FAZENDA
2025-11-24 09:53:03,601 [INFO] __main__ - 70000138915084.pdf -> DE
NUMERO NFS
2025-11-24 09:53:03,621 [INFO] __main__ - 70000138914902.pdf -> DE CONTAGEM
SECRETARIA MUNICIPAL DE FAZENDA
2025-11-24 09:53:03,654 [INFO] __main__ - 70000138915060.pdf -> DE CONTAGEM
SECRETARIA MUNICIPAL DE FAZENDA
2025-11-24 09:53:03,717 [INFO] __main__ - 70000138914940.pdf -> JUIZ DE FORA
2025-11-24 09:53:03,718 [INFO] __main__ - 70000138915091.pdf -> DE CONTAGEM
SECRETARIA MUNICIPAL DE FAZENDA
2025-11-24 09:53:03,737 [INFO] __main__ - 70000138914988.pdf -> JUIZ DE FORA
2025-11-24 09:53:03,841 [INFO] __main__ - 70000138915145.pdf -> DE CONTAGEM
SECRETARIA MUNICIPAL DE FAZENDA
2025-11-24 09:53:03,863 [INFO] __main__ - 70000138915152.pdf -> JUIZ DE FORA
2025-11-24 09:53:03,872 [INFO] __main__ - 70000138915176.pdf -> DE IPATINGA
SECRETARIA MUNICIPAL DE FAZENDA
NOTA N
2025-11-24 09:53:03,918 [INFO] __main__ - 70000138915015.pdf -> JUIZ DE FORA
2025-11-24 09:53:03,930 [INFO] __main__ - 70000138914995.pdf -> DE CONTAGEM
SECRETARIA MUNICIPAL DE FAZENDA
2025-11-24 09:53:04,003 [INFO] __main__ - 70000138915671.pdf -> JUIZ DE FORA
2025-11-24 09:53:04,027 [INFO] __main__ - 70000138915626.pdf -> JUIZ DE FORA
2025-11-24 09:53:04,089 [INFO] __main__ - 70000138915695.pdf -> DE
NUMERO NFS
2025-11-24 09:53:04,110 [INFO] __main__ - 70000138915619.pdf -> DE
NUMERO NFS
2025-11-24 09:53:04,122 [INFO] __main__ - 70000138915640.pdf -> JUIZ DE FORA
2025-11-24 09:53:04,270 [INFO] __main__ - 70000138915633.pdf -> JUIZ DE FORA
2025-11-24 09:53:04,351 [INFO] __main__ - 70000138915725.pdf -> DE CONTAGEM
SECRETARIA MUNICIPAL DE FAZENDA
2025-11-24 09:53:05,066 [INFO] __main__ - Renomeando e organizando diretorios...
