2025-11-21 17:41:15,877 [INFO] modules.pdf_reader - Iniciando processamento do arquivo C:\ProjetosDev\project\data\input\_02A635A7D105465CBA3F71354C1125D7-PDF_INVOICE-df1c4f32-87f8-4c5a-89ec-a35914a510bf.pdf
2025-11-21 17:41:15,917 [INFO] modules.pdf_reader - Iniciando processamento do arquivo C:\ProjetosDev\project\data\input\_02A635A7D105465CBA3F71354C1125D7-PDF_INVOICE-11fb885a-6ce8-4b62-936c-f73cf0cb5021.pdf
2025-11-21 17:41:15,926 [INFO] modules.pdf_reader - Iniciando processamento do arquivo C:\ProjetosDev\project\data\input\_045C15DAFF744847A1D73E32C40E300B-PDF_INVOICE-efa3b5ec-4ac6-4639-8c07-5e0a7f32e12a.pdf
2025-11-21 17:41:15,973 [INFO] modules.pdf_reader - Texto extraido de C:\ProjetosDev\project\data\input\_045C15DAFF744847A1D73E32C40E300B-PDF_INVOICE-efa3b5ec-4ac6-4639-8c07-5e0a7f32e12a.pdf com PyMuPDF (244 caracteres).
2025-11-21 17:41:15,973 [INFO] modules.pdf_reader - Texto extraido de C:\ProjetosDev\project\data\input\_02A635A7D105465CBA3F71354C1125D7-PDF_INVOICE-df1c4f32-87f8-4c5a-89ec-a35914a510bf.pdf com PyMuPDF (246 caracteres).
2025-11-21 17:41:15,975 [INFO] modules.pdf_reader - Texto extraido de C:\ProjetosDev\project\data\input\_02A635A7D105465CBA3F71354C1125D7-PDF_INVOICE-11fb885a-6ce8-4b62-936c-f73cf0cb5021.pdf com PyMuPDF (246 caracteres).
2025-11-21 17:41:15,991 [INFO] modules.pdf_reader - Iniciando processamento do arquivo C:\ProjetosDev\project\data\input\_0106CB75ABC5460FA421EF0127779964-PDF_INVOICE-85e06ddb-9030-4981-89ec-9f15a6130b88.pdf
2025-11-21 17:41:16,008 [INFO] modules.pdf_reader - Texto extraido de C:\ProjetosDev\project\data\input\_0106CB75ABC5460FA421EF0127779964-PDF_INVOICE-85e06ddb-9030-4981-89ec-9f15a6130b88.pdf com PyMuPDF (246 caracteres).
2025-11-21 17:41:16,081 [INFO] modules.pdf_reader - Iniciando processamento do arquivo C:\ProjetosDev\project\data\input\_01A50C7BED0B4ABAA165AC44A99BED20-PDF_INVOICE-1c1fb4c6-b75f-4b7e-b3a3-74f7a39a7f12.pdf
2025-11-21 17:41:16,114 [INFO] modules.pdf_reader - Iniciando processamento do arquivo C:\ProjetosDev\project\data\input\_0584E1395E3E43A8A5D7CF9C99287667-PDF_INVOICE-a2374ea2-afeb-4a95-bf73-7658ec944bca.pdf
2025-11-21 17:41:16,121 [INFO] modules.pdf_reader - Texto extraido de C:\ProjetosDev\project\data\input\_01A50C7BED0B4ABAA165AC44A99BED20-PDF_INVOICE-1c1fb4c6-b75f-4b7e-b3a3-74f7a39a7f12.pdf com PyMuPDF (2300 caracteres).
2025-11-21 17:41:16,159 [INFO] modules.pdf_reader - Texto extraido de C:\ProjetosDev\project\data\input\_0584E1395E3E43A8A5D7CF9C99287667-PDF_INVOICE-a2374ea2-afeb-4a95-bf73-7658ec944bca.pdf com PyMuPDF (2203 caracteres).
2025-11-21 17:41:16,162 [INFO] modules.pdf_reader - Iniciando processamento do arquivo C:\ProjetosDev\project\data\input\_16976ECDC8394192B74B219216A7F59C-PDF_INVOICE-4db1cb70-6cf5-4e51-a9f0-0b9ef4ea3197.pdf
2025-11-21 17:41:16,185 [INFO] modules.pdf_reader - Texto extraido de C:\ProjetosDev\project\data\input\_16976ECDC8394192B74B219216A7F59C-PDF_INVOICE-4db1cb70-6cf5-4e51-a9f0-0b9ef4ea3197.pdf com PyMuPDF (243 caracteres).
2025-11-21 17:41:16,323 [INFO] modules.pdf_reader - Iniciando processamento do arquivo C:\ProjetosDev\project\data\input\_235E38AFCD3B42BE9BDC9AF34E9D4F43-PDF_INVOICE-d6462a5d-dab2-492c-8844-09f9d1f351a9.pdf
2025-11-21 17:41:16,340 [INFO] modules.pdf_reader - Texto extraido de C:\ProjetosDev\project\data\input\_235E38AFCD3B42BE9BDC9AF34E9D4F43-PDF_INVOICE-d6462a5d-dab2-492c-8844-09f9d1f351a9.pdf com PyMuPDF (241 caracteres).
2025-11-21 17:41:16,556 [INFO] modules.pdf_reader - Iniciando processamento do arquivo C:\ProjetosDev\project\data\input\_0BBA5EE5CCB546409EC6E361FD84639D-PDF_INVOICE-d0308de4-625c-493e-bddb-a3796fd1c83c.pdf
2025-11-21 17:41:16,585 [INFO] modules.pdf_reader - Texto extraido de C:\ProjetosDev\project\data\input\_0BBA5EE5CCB546409EC6E361FD84639D-PDF_INVOICE-d0308de4-625c-493e-bddb-a3796fd1c83c.pdf com PyMuPDF (1907 caracteres).
2025-11-21 17:41:21,126 [INFO] modules.ocr_handler - Processando OCR na pagina 1 do arquivo: _1A96975F209047ECA91D0D5399DA4762-PDF_INVOICE-55f75bfb-5d88-4461-aac7-e8691cfc269f.pdf
2025-11-21 17:41:21,196 [INFO] modules.ocr_handler - Processando OCR na pagina 1 do arquivo: _219653D7C4DC474E9928D07042690709-PDF_INVOICE-429a2a0a-a3f8-4737-8945-86a935675623.pdf
2025-11-21 17:41:21,227 [INFO] modules.ocr_handler - Processando OCR na pagina 1 do arquivo: _270048EC1F6645B99763F6D4B666BCA3-PDF_INVOICE-88c67f93-33e0-450d-b6ba-66eb83943447.pdf
2025-11-21 17:41:21,547 [INFO] modules.ocr_handler - Processando OCR na pagina 1 do arquivo: _0B8D6F4A0DE647F5A9099406491F0DAE-PDF_INVOICE-15553fc4-3543-4c33-a030-aa49a7c5d250.pdf
2025-11-21 17:41:21,549 [INFO] modules.ocr_handler - Processando OCR na pagina 1 do arquivo: _1A96975F209047ECA91D0D5399DA4762-PDF_INVOICE-953df8e2-03a5-48d8-ac1e-4e581424d7ea.pdf
2025-11-21 17:41:21,617 [INFO] modules.ocr_handler - Processando OCR na pagina 1 do arquivo: _0F3D5FAA59C34524A74775AC98709C30-PDF_INVOICE-d0f9952b-0778-4ed8-8e41-f56533cf8e31.pdf
2025-11-21 17:41:21,685 [INFO] modules.ocr_handler - Processando OCR na pagina 1 do arquivo: _20BDEB95DA394568ADB572A615FFB5BE-PDF_INVOICE-0d673a2d-63bb-492b-89cc-1161c76e77e5.pdf
2025-11-21 17:41:21,778 [INFO] modules.ocr_handler - Processando OCR na pagina 1 do arquivo: _29D982A61E394C00A0B87E8324B65648-PDF_INVOICE-e59a34f8-b25f-4d6b-8b2b-3a42c4f119a2.pdf
2025-11-21 17:41:30,054 [INFO] modules.pdf_reader - Iniciando processamento do arquivo C:\ProjetosDev\project\data\input\_219653D7C4DC474E9928D07042690709-PDF_INVOICE-429a2a0a-a3f8-4737-8945-86a935675623.pdf
2025-11-21 17:41:30,057 [INFO] modules.pdf_reader - Iniciando processamento do arquivo C:\ProjetosDev\project\data\input\_29D982A61E394C00A0B87E8324B65648-PDF_INVOICE-e59a34f8-b25f-4d6b-8b2b-3a42c4f119a2.pdf
2025-11-21 17:41:30,061 [INFO] modules.pdf_reader - Texto extraido de C:\ProjetosDev\project\data\input\_219653D7C4DC474E9928D07042690709-PDF_INVOICE-429a2a0a-a3f8-4737-8945-86a935675623.pdf com PyMuPDF (2 caracteres).
2025-11-21 17:41:30,062 [WARNING] modules.pdf_reader - Nenhum texto encontrado no PDF C:\ProjetosDev\project\data\input\_219653D7C4DC474E9928D07042690709-PDF_INVOICE-429a2a0a-a3f8-4737-8945-86a935675623.pdf. Tentando OCR...
2025-11-21 17:41:30,074 [INFO] modules.pdf_reader - Texto extraido de C:\ProjetosDev\project\data\input\_29D982A61E394C00A0B87E8324B65648-PDF_INVOICE-e59a34f8-b25f-4d6b-8b2b-3a42c4f119a2.pdf com PyMuPDF (0 caracteres).
2025-11-21 17:41:30,141 [WARNING] modules.pdf_reader - Nenhum texto encontrado no PDF C:\ProjetosDev\project\data\input\_29D982A61E394C00A0B87E8324B65648-PDF_INVOICE-e59a34f8-b25f-4d6b-8b2b-3a42c4f119a2.pdf. Tentando OCR...
2025-11-21 17:41:30,377 [INFO] modules.pdf_reader - Iniciando processamento do arquivo C:\ProjetosDev\project\data\input\_0F3D5FAA59C34524A74775AC98709C30-PDF_INVOICE-d0f9952b-0778-4ed8-8e41-f56533cf8e31.pdf
2025-11-21 17:41:30,384 [INFO] modules.pdf_reader - Texto extraido de C:\ProjetosDev\project\data\input\_0F3D5FAA59C34524A74775AC98709C30-PDF_INVOICE-d0f9952b-0778-4ed8-8e41-f56533cf8e31.pdf com PyMuPDF (2 caracteres).
2025-11-21 17:41:30,384 [WARNING] modules.pdf_reader - Nenhum texto encontrado no PDF C:\ProjetosDev\project\data\input\_0F3D5FAA59C34524A74775AC98709C30-PDF_INVOICE-d0f9952b-0778-4ed8-8e41-f56533cf8e31.pdf. Tentando OCR...
2025-11-21 17:41:32,647 [INFO] modules.pdf_reader - Iniciando processamento do arquivo C:\ProjetosDev\project\data\input\_1A96975F209047ECA91D0D5399DA4762-PDF_INVOICE-953df8e2-03a5-48d8-ac1e-4e581424d7ea.pdf
2025-11-21 17:41:32,650 [INFO] modules.pdf_reader - Texto extraido de C:\ProjetosDev\project\data\input\_1A96975F209047ECA91D0D5399DA4762-PDF_INVOICE-953df8e2-03a5-48d8-ac1e-4e581424d7ea.pdf com PyMuPDF (0 caracteres).
2025-11-21 17:41:32,651 [WARNING] modules.pdf_reader - Nenhum texto encontrado no PDF C:\ProjetosDev\project\data\input\_1A96975F209047ECA91D0D5399DA4762-PDF_INVOICE-953df8e2-03a5-48d8-ac1e-4e581424d7ea.pdf. Tentando OCR...
2025-11-21 17:41:33,346 [INFO] modules.pdf_reader - Iniciando processamento do arquivo C:\ProjetosDev\project\data\input\_0B8D6F4A0DE647F5A9099406491F0DAE-PDF_INVOICE-15553fc4-3543-4c33-a030-aa49a7c5d250.pdf
2025-11-21 17:41:33,423 [INFO] modules.pdf_reader - Executando OCR na pagina 1 do arquivo C:\ProjetosDev\project\data\input\_29D982A61E394C00A0B87E8324B65648-PDF_INVOICE-e59a34f8-b25f-4d6b-8b2b-3a42c4f119a2.pdf
2025-11-21 17:41:33,433 [INFO] modules.pdf_reader - Texto extraido de C:\ProjetosDev\project\data\input\_0B8D6F4A0DE647F5A9099406491F0DAE-PDF_INVOICE-15553fc4-3543-4c33-a030-aa49a7c5d250.pdf com PyMuPDF (2 caracteres).
2025-11-21 17:41:33,434 [WARNING] modules.pdf_reader - Nenhum texto encontrado no PDF C:\ProjetosDev\project\data\input\_0B8D6F4A0DE647F5A9099406491F0DAE-PDF_INVOICE-15553fc4-3543-4c33-a030-aa49a7c5d250.pdf. Tentando OCR...
2025-11-21 17:41:34,005 [INFO] modules.pdf_reader - Executando OCR na pagina 1 do arquivo C:\ProjetosDev\project\data\input\_0F3D5FAA59C34524A74775AC98709C30-PDF_INVOICE-d0f9952b-0778-4ed8-8e41-f56533cf8e31.pdf
2025-11-21 17:41:34,310 [INFO] modules.pdf_reader - Executando OCR na pagina 1 do arquivo C:\ProjetosDev\project\data\input\_219653D7C4DC474E9928D07042690709-PDF_INVOICE-429a2a0a-a3f8-4737-8945-86a935675623.pdf
2025-11-21 17:41:34,920 [INFO] modules.pdf_reader - Iniciando processamento do arquivo C:\ProjetosDev\project\data\input\_1A96975F209047ECA91D0D5399DA4762-PDF_INVOICE-55f75bfb-5d88-4461-aac7-e8691cfc269f.pdf
2025-11-21 17:41:34,926 [INFO] modules.pdf_reader - Texto extraido de C:\ProjetosDev\project\data\input\_1A96975F209047ECA91D0D5399DA4762-PDF_INVOICE-55f75bfb-5d88-4461-aac7-e8691cfc269f.pdf com PyMuPDF (0 caracteres).
2025-11-21 17:41:34,926 [WARNING] modules.pdf_reader - Nenhum texto encontrado no PDF C:\ProjetosDev\project\data\input\_1A96975F209047ECA91D0D5399DA4762-PDF_INVOICE-55f75bfb-5d88-4461-aac7-e8691cfc269f.pdf. Tentando OCR...
2025-11-21 17:41:35,009 [INFO] modules.pdf_reader - Executando OCR na pagina 1 do arquivo C:\ProjetosDev\project\data\input\_1A96975F209047ECA91D0D5399DA4762-PDF_INVOICE-953df8e2-03a5-48d8-ac1e-4e581424d7ea.pdf
2025-11-21 17:41:35,263 [INFO] modules.pdf_reader - Iniciando processamento do arquivo C:\ProjetosDev\project\data\input\_270048EC1F6645B99763F6D4B666BCA3-PDF_INVOICE-88c67f93-33e0-450d-b6ba-66eb83943447.pdf
2025-11-21 17:41:35,267 [INFO] modules.pdf_reader - Texto extraido de C:\ProjetosDev\project\data\input\_270048EC1F6645B99763F6D4B666BCA3-PDF_INVOICE-88c67f93-33e0-450d-b6ba-66eb83943447.pdf com PyMuPDF (0 caracteres).
2025-11-21 17:41:35,267 [WARNING] modules.pdf_reader - Nenhum texto encontrado no PDF C:\ProjetosDev\project\data\input\_270048EC1F6645B99763F6D4B666BCA3-PDF_INVOICE-88c67f93-33e0-450d-b6ba-66eb83943447.pdf. Tentando OCR...
2025-11-21 17:41:35,688 [INFO] modules.pdf_reader - Iniciando processamento do arquivo C:\ProjetosDev\project\data\input\_20BDEB95DA394568ADB572A615FFB5BE-PDF_INVOICE-0d673a2d-63bb-492b-89cc-1161c76e77e5.pdf
2025-11-21 17:41:35,695 [INFO] modules.pdf_reader - Texto extraido de C:\ProjetosDev\project\data\input\_20BDEB95DA394568ADB572A615FFB5BE-PDF_INVOICE-0d673a2d-63bb-492b-89cc-1161c76e77e5.pdf com PyMuPDF (2 caracteres).
2025-11-21 17:41:35,698 [WARNING] modules.pdf_reader - Nenhum texto encontrado no PDF C:\ProjetosDev\project\data\input\_20BDEB95DA394568ADB572A615FFB5BE-PDF_INVOICE-0d673a2d-63bb-492b-89cc-1161c76e77e5.pdf. Tentando OCR...
2025-11-21 17:41:37,501 [INFO] modules.pdf_reader - Executando OCR na pagina 1 do arquivo C:\ProjetosDev\project\data\input\_0B8D6F4A0DE647F5A9099406491F0DAE-PDF_INVOICE-15553fc4-3543-4c33-a030-aa49a7c5d250.pdf
2025-11-21 17:41:38,583 [INFO] modules.pdf_reader - Executando OCR na pagina 1 do arquivo C:\ProjetosDev\project\data\input\_1A96975F209047ECA91D0D5399DA4762-PDF_INVOICE-55f75bfb-5d88-4461-aac7-e8691cfc269f.pdf
2025-11-21 17:41:38,972 [INFO] modules.pdf_reader - Executando OCR na pagina 1 do arquivo C:\ProjetosDev\project\data\input\_270048EC1F6645B99763F6D4B666BCA3-PDF_INVOICE-88c67f93-33e0-450d-b6ba-66eb83943447.pdf
2025-11-21 17:41:40,966 [INFO] modules.pdf_reader - Executando OCR na pagina 1 do arquivo C:\ProjetosDev\project\data\input\_20BDEB95DA394568ADB572A615FFB5BE-PDF_INVOICE-0d673a2d-63bb-492b-89cc-1161c76e77e5.pdf
2025-11-21 17:41:51,355 [INFO] modules.pdf_reader - Iniciando processamento do arquivo C:\ProjetosDev\project\data\input\_2A31523FA46F470A99961B10D547AB7C-PDF_INVOICE-27934114-0628-4e83-b26b-e0607a07a3f6.pdf
2025-11-21 17:41:51,428 [INFO] modules.pdf_reader - Texto extraido de C:\ProjetosDev\project\data\input\_2A31523FA46F470A99961B10D547AB7C-PDF_INVOICE-27934114-0628-4e83-b26b-e0607a07a3f6.pdf com PyMuPDF (243 caracteres).
2025-11-21 17:41:52,188 [INFO] modules.pdf_reader - Iniciando processamento do arquivo C:\ProjetosDev\project\data\input\_2C5F00604B0A4D3BB1BDDE327CD6C3FE-PDF_INVOICE-4dc1b0d7-1c57-48b4-8a28-41b7e58e24d2.pdf
2025-11-21 17:41:52,583 [INFO] modules.pdf_reader - Texto extraido de C:\ProjetosDev\project\data\input\_2C5F00604B0A4D3BB1BDDE327CD6C3FE-PDF_INVOICE-4dc1b0d7-1c57-48b4-8a28-41b7e58e24d2.pdf com PyMuPDF (633 caracteres).
2025-11-21 17:41:53,086 [INFO] modules.pdf_reader - Iniciando processamento do arquivo C:\ProjetosDev\project\data\input\_2FEC4B5383E9497092BB180003BA3399-PDF_INVOICE-58c16fa5-2a36-40a7-b058-27b06f47913b.pdf
2025-11-21 17:41:53,175 [INFO] modules.pdf_reader - Texto extraido de C:\ProjetosDev\project\data\input\_2FEC4B5383E9497092BB180003BA3399-PDF_INVOICE-58c16fa5-2a36-40a7-b058-27b06f47913b.pdf com PyMuPDF (244 caracteres).
2025-11-21 17:41:53,265 [INFO] modules.pdf_reader - Iniciando processamento do arquivo C:\ProjetosDev\project\data\input\_2C9B263021DC4D8689B490EAA1210824-PDF_INVOICE-deade5b5-e4c2-4967-bdc9-f8e563832e08.pdf
2025-11-21 17:41:53,354 [INFO] modules.pdf_reader - Texto extraido de C:\ProjetosDev\project\data\input\_2C9B263021DC4D8689B490EAA1210824-PDF_INVOICE-deade5b5-e4c2-4967-bdc9-f8e563832e08.pdf com PyMuPDF (2155 caracteres).
2025-11-21 17:41:53,834 [INFO] modules.pdf_reader - Iniciando processamento do arquivo C:\ProjetosDev\project\data\input\_33FA68D97EF644A68BCDC6EFF77602AA-PDF_INVOICE-0a94727e-e007-4315-95fa-e65254412930.pdf
2025-11-21 17:41:53,888 [INFO] modules.pdf_reader - Iniciando processamento do arquivo C:\ProjetosDev\project\data\input\_37277A0C2ADA493CB7C0B9CFBEA7AD92-PDF_INVOICE-d5cf3ac6-0223-4e6e-a658-027a13156495.pdf
2025-11-21 17:41:53,893 [INFO] modules.pdf_reader - Texto extraido de C:\ProjetosDev\project\data\input\_33FA68D97EF644A68BCDC6EFF77602AA-PDF_INVOICE-0a94727e-e007-4315-95fa-e65254412930.pdf com PyMuPDF (2467 caracteres).
2025-11-21 17:41:53,909 [INFO] modules.pdf_reader - Iniciando processamento do arquivo C:\ProjetosDev\project\data\input\_3864067B1FD143F398DC0572D8F2F856-PDF_INVOICE-baaa571c-6760-487b-8ff0-c564387d4d45.pdf
2025-11-21 17:41:54,028 [INFO] modules.pdf_reader - Texto extraido de C:\ProjetosDev\project\data\input\_37277A0C2ADA493CB7C0B9CFBEA7AD92-PDF_INVOICE-d5cf3ac6-0223-4e6e-a658-027a13156495.pdf com PyMuPDF (2357 caracteres).
2025-11-21 17:41:54,039 [INFO] modules.pdf_reader - Texto extraido de C:\ProjetosDev\project\data\input\_3864067B1FD143F398DC0572D8F2F856-PDF_INVOICE-baaa571c-6760-487b-8ff0-c564387d4d45.pdf com PyMuPDF (2353 caracteres).
2025-11-21 17:41:54,149 [INFO] modules.pdf_reader - Iniciando processamento do arquivo C:\ProjetosDev\project\data\input\_3DE51A617E4E4CDB8F99A60FC7870831-PDF_INVOICE-9ce88529-9f6f-4060-b8da-bf707bed7248.pdf
2025-11-21 17:41:54,165 [INFO] modules.pdf_reader - Texto extraido de C:\ProjetosDev\project\data\input\_3DE51A617E4E4CDB8F99A60FC7870831-PDF_INVOICE-9ce88529-9f6f-4060-b8da-bf707bed7248.pdf com PyMuPDF (246 caracteres).
2025-11-21 17:41:56,671 [INFO] modules.pdf_reader - Iniciando processamento do arquivo C:\ProjetosDev\project\data\input\_44F682E863024D2090E54A35F1D80658-PDF_INVOICE-16168a83-3e46-49d2-b422-23ea2b5e6987.pdf
2025-11-21 17:41:56,701 [INFO] modules.ocr_handler - Processando OCR na pagina 1 do arquivo: _3C92F5E2FF694EA5955558F9D2009A7D-PDF_INVOICE-1344cec9-4599-4c20-a9b0-c243f8038484.pdf
2025-11-21 17:41:56,916 [INFO] modules.pdf_reader - Texto extraido de C:\ProjetosDev\project\data\input\_44F682E863024D2090E54A35F1D80658-PDF_INVOICE-16168a83-3e46-49d2-b422-23ea2b5e6987.pdf com PyMuPDF (2190 caracteres).
2025-11-21 17:41:57,269 [INFO] modules.ocr_handler - Processando OCR na pagina 1 do arquivo: _419D9375D3414CCE9636FBC027662109-PDF_INVOICE-18a34f2b-00d5-4d4b-9fb6-5f0b0ed7d0fe.pdf
2025-11-21 17:41:57,376 [INFO] modules.ocr_handler - Processando OCR na pagina 1 do arquivo: _3A860D8A6F684B85B530C8ACBD2D1388-PDF_INVOICE-e3b5fc3c-32ad-49c0-bf97-dc9ec15110ba.pdf
2025-11-21 17:41:57,819 [INFO] modules.ocr_handler - Processando OCR na pagina 1 do arquivo: _4413465D0D704792A7BB0E62A05EF5CC-PDF_INVOICE-6e1264ac-3752-463c-895a-53b8382cf6f6.pdf
2025-11-21 17:41:59,525 [INFO] modules.pdf_reader - Iniciando processamento do arquivo C:\ProjetosDev\project\data\input\_45D80E3B295E4425A47653688372D4C2-PDF_INVOICE-ea687321-83db-433d-9924-7926c1d7d490.pdf
2025-11-21 17:41:59,532 [INFO] modules.pdf_reader - Texto extraido de C:\ProjetosDev\project\data\input\_45D80E3B295E4425A47653688372D4C2-PDF_INVOICE-ea687321-83db-433d-9924-7926c1d7d490.pdf com PyMuPDF (243 caracteres).
2025-11-21 17:41:59,620 [INFO] modules.ocr_handler - Processando OCR na pagina 1 do arquivo: _45257F5B0EF14257B4117627B7EA04ED-PDF_INVOICE-861a511b-56d7-4647-949e-e11d31f2c4d9.pdf
2025-11-21 17:41:59,642 [INFO] modules.pdf_reader - Iniciando processamento do arquivo C:\ProjetosDev\project\data\input\_4B8CA8ED218A4DDF83E10C21B205F2AF-PDF_INVOICE-2683f380-db10-4d0e-84db-223033bbdd7e.pdf
2025-11-21 17:41:59,711 [INFO] modules.pdf_reader - Texto extraido de C:\ProjetosDev\project\data\input\_4B8CA8ED218A4DDF83E10C21B205F2AF-PDF_INVOICE-2683f380-db10-4d0e-84db-223033bbdd7e.pdf com PyMuPDF (243 caracteres).
2025-11-21 17:41:59,997 [INFO] modules.pdf_reader - Iniciando processamento do arquivo C:\ProjetosDev\project\data\input\_4E64BD7DAE224B7F82BC4A2C449696AD-PDF_INVOICE-9aa69647-678b-41cb-99c2-780da5e3fea7.pdf
2025-11-21 17:42:00,134 [INFO] modules.pdf_reader - Texto extraido de C:\ProjetosDev\project\data\input\_4E64BD7DAE224B7F82BC4A2C449696AD-PDF_INVOICE-9aa69647-678b-41cb-99c2-780da5e3fea7.pdf com PyMuPDF (624 caracteres).
2025-11-21 17:42:00,213 [INFO] modules.pdf_reader - Iniciando processamento do arquivo C:\ProjetosDev\project\data\input\_4FB023B92CDB44E08350210B0BF28504-PDF_INVOICE-c4918bf4-129b-4bd2-bebc-75aac71028cc.pdf
2025-11-21 17:42:00,229 [INFO] modules.pdf_reader - Texto extraido de C:\ProjetosDev\project\data\input\_4FB023B92CDB44E08350210B0BF28504-PDF_INVOICE-c4918bf4-129b-4bd2-bebc-75aac71028cc.pdf com PyMuPDF (241 caracteres).
2025-11-21 17:42:00,513 [INFO] modules.pdf_reader - Iniciando processamento do arquivo C:\ProjetosDev\project\data\input\_5354588D693741CAB8DB430EF476C0AD-PDF_INVOICE-89d933bc-eaa1-46ed-8e82-53a9ed659549.pdf
2025-11-21 17:42:00,531 [INFO] modules.pdf_reader - Texto extraido de C:\ProjetosDev\project\data\input\_5354588D693741CAB8DB430EF476C0AD-PDF_INVOICE-89d933bc-eaa1-46ed-8e82-53a9ed659549.pdf com PyMuPDF (2382 caracteres).
2025-11-21 17:42:00,790 [INFO] modules.pdf_reader - Iniciando processamento do arquivo C:\ProjetosDev\project\data\input\_535F4FB7FE5A417186C3CD0DEBE284A6-PDF_INVOICE-485d7312-5213-4668-9475-f63f012560aa.pdf
2025-11-21 17:42:00,832 [INFO] modules.pdf_reader - Texto extraido de C:\ProjetosDev\project\data\input\_535F4FB7FE5A417186C3CD0DEBE284A6-PDF_INVOICE-485d7312-5213-4668-9475-f63f012560aa.pdf com PyMuPDF (2338 caracteres).
2025-11-21 17:42:00,880 [INFO] modules.pdf_reader - Iniciando processamento do arquivo C:\ProjetosDev\project\data\input\_5354588D693741CAB8DB430EF476C0AD-PDF_INVOICE-c1b42706-753f-4348-b415-bedcffa573b4.pdf
2025-11-21 17:42:00,932 [INFO] modules.pdf_reader - Texto extraido de C:\ProjetosDev\project\data\input\_5354588D693741CAB8DB430EF476C0AD-PDF_INVOICE-c1b42706-753f-4348-b415-bedcffa573b4.pdf com PyMuPDF (2382 caracteres).
2025-11-21 17:42:00,988 [INFO] modules.pdf_reader - Iniciando processamento do arquivo C:\ProjetosDev\project\data\input\_588A123575B547FC9B5964FA1A5593E6-PDF_INVOICE-b1ae794f-dab0-4f8c-b67f-e8f8ec307aa0.pdf
2025-11-21 17:42:00,998 [INFO] modules.pdf_reader - Texto extraido de C:\ProjetosDev\project\data\input\_588A123575B547FC9B5964FA1A5593E6-PDF_INVOICE-b1ae794f-dab0-4f8c-b67f-e8f8ec307aa0.pdf com PyMuPDF (244 caracteres).
2025-11-21 17:42:01,379 [INFO] modules.pdf_reader - Iniciando processamento do arquivo C:\ProjetosDev\project\data\input\_58F138A050CC49E9BB9A89CC43991DE7-PDF_INVOICE-313509aa-90b9-40c0-a7df-6a67074c3550.pdf
2025-11-21 17:42:01,490 [INFO] modules.pdf_reader - Texto extraido de C:\ProjetosDev\project\data\input\_58F138A050CC49E9BB9A89CC43991DE7-PDF_INVOICE-313509aa-90b9-40c0-a7df-6a67074c3550.pdf com PyMuPDF (1905 caracteres).
2025-11-21 17:42:01,687 [INFO] modules.pdf_reader - Iniciando processamento do arquivo C:\ProjetosDev\project\data\input\_61B69366E9F44A19B584CE6E09513AE2-PDF_INVOICE-d13742ea-2b12-458e-aa9b-f131f7ea40c0.pdf
2025-11-21 17:42:01,733 [INFO] modules.pdf_reader - Texto extraido de C:\ProjetosDev\project\data\input\_61B69366E9F44A19B584CE6E09513AE2-PDF_INVOICE-d13742ea-2b12-458e-aa9b-f131f7ea40c0.pdf com PyMuPDF (1943 caracteres).
2025-11-21 17:42:01,915 [INFO] modules.pdf_reader - Iniciando processamento do arquivo C:\ProjetosDev\project\data\input\_62AFAE46D4C448E7BECE13D42340910A-PDF_INVOICE-7689d8c3-b19b-4086-91bf-707425cd43a3.pdf
2025-11-21 17:42:01,928 [INFO] modules.pdf_reader - Texto extraido de C:\ProjetosDev\project\data\input\_62AFAE46D4C448E7BECE13D42340910A-PDF_INVOICE-7689d8c3-b19b-4086-91bf-707425cd43a3.pdf com PyMuPDF (244 caracteres).
2025-11-21 17:42:02,186 [INFO] modules.pdf_reader - Iniciando processamento do arquivo C:\ProjetosDev\project\data\input\_3C92F5E2FF694EA5955558F9D2009A7D-PDF_INVOICE-1344cec9-4599-4c20-a9b0-c243f8038484.pdf
2025-11-21 17:42:02,191 [INFO] modules.pdf_reader - Texto extraido de C:\ProjetosDev\project\data\input\_3C92F5E2FF694EA5955558F9D2009A7D-PDF_INVOICE-1344cec9-4599-4c20-a9b0-c243f8038484.pdf com PyMuPDF (0 caracteres).
2025-11-21 17:42:02,192 [WARNING] modules.pdf_reader - Nenhum texto encontrado no PDF C:\ProjetosDev\project\data\input\_3C92F5E2FF694EA5955558F9D2009A7D-PDF_INVOICE-1344cec9-4599-4c20-a9b0-c243f8038484.pdf. Tentando OCR...
2025-11-21 17:42:02,255 [INFO] modules.pdf_reader - Iniciando processamento do arquivo C:\ProjetosDev\project\data\input\_6625E123B63B481197289C7BA296EF99-PDF_INVOICE-18226f63-0069-4d96-82a1-d2065c345cc2.pdf
2025-11-21 17:42:02,327 [INFO] modules.pdf_reader - Texto extraido de C:\ProjetosDev\project\data\input\_6625E123B63B481197289C7BA296EF99-PDF_INVOICE-18226f63-0069-4d96-82a1-d2065c345cc2.pdf com PyMuPDF (2202 caracteres).
2025-11-21 17:42:02,401 [INFO] modules.pdf_reader - Iniciando processamento do arquivo C:\ProjetosDev\project\data\input\_6A64ADE2DEB64EBCA87D15AABBC7A00D-PDF_INVOICE-ca9cb1f7-54ee-41e5-8d28-df36b788fbd1.pdf
2025-11-21 17:42:02,445 [INFO] modules.pdf_reader - Texto extraido de C:\ProjetosDev\project\data\input\_6A64ADE2DEB64EBCA87D15AABBC7A00D-PDF_INVOICE-ca9cb1f7-54ee-41e5-8d28-df36b788fbd1.pdf com PyMuPDF (244 caracteres).
2025-11-21 17:42:02,692 [INFO] modules.pdf_reader - Iniciando processamento do arquivo C:\ProjetosDev\project\data\input\_4413465D0D704792A7BB0E62A05EF5CC-PDF_INVOICE-6e1264ac-3752-463c-895a-53b8382cf6f6.pdf
2025-11-21 17:42:02,748 [INFO] modules.pdf_reader - Texto extraido de C:\ProjetosDev\project\data\input\_4413465D0D704792A7BB0E62A05EF5CC-PDF_INVOICE-6e1264ac-3752-463c-895a-53b8382cf6f6.pdf com PyMuPDF (2 caracteres).
2025-11-21 17:42:02,748 [WARNING] modules.pdf_reader - Nenhum texto encontrado no PDF C:\ProjetosDev\project\data\input\_4413465D0D704792A7BB0E62A05EF5CC-PDF_INVOICE-6e1264ac-3752-463c-895a-53b8382cf6f6.pdf. Tentando OCR...
2025-11-21 17:42:03,022 [INFO] modules.ocr_handler - Processando OCR na pagina 1 do arquivo: _5579C7E9E8CF46968765178EE7D1593C-PDF_INVOICE-c3f729f6-6fe9-4f48-82f4-0bc8e93b69c7.pdf
2025-11-21 17:42:03,867 [INFO] modules.ocr_handler - Processando OCR na pagina 1 do arquivo: _5B657542D4434DAF85131151BFABE67D-PDF_INVOICE-f220ce09-fb6d-4a9f-a0d1-6d0e88460b25.pdf
2025-11-21 17:42:04,126 [INFO] modules.pdf_reader - Executando OCR na pagina 1 do arquivo C:\ProjetosDev\project\data\input\_3C92F5E2FF694EA5955558F9D2009A7D-PDF_INVOICE-1344cec9-4599-4c20-a9b0-c243f8038484.pdf
2025-11-21 17:42:04,547 [INFO] modules.ocr_handler - Processando OCR na pagina 1 do arquivo: _6D45047296F842BF82A6C456F5BB97A6-PDF_INVOICE-941f3629-96d0-4c77-a2e0-622cd9ee09a4.pdf
2025-11-21 17:42:05,933 [INFO] modules.pdf_reader - Iniciando processamento do arquivo C:\ProjetosDev\project\data\input\_419D9375D3414CCE9636FBC027662109-PDF_INVOICE-18a34f2b-00d5-4d4b-9fb6-5f0b0ed7d0fe.pdf
2025-11-21 17:42:05,937 [INFO] modules.pdf_reader - Texto extraido de C:\ProjetosDev\project\data\input\_419D9375D3414CCE9636FBC027662109-PDF_INVOICE-18a34f2b-00d5-4d4b-9fb6-5f0b0ed7d0fe.pdf com PyMuPDF (0 caracteres).
2025-11-21 17:42:05,937 [WARNING] modules.pdf_reader - Nenhum texto encontrado no PDF C:\ProjetosDev\project\data\input\_419D9375D3414CCE9636FBC027662109-PDF_INVOICE-18a34f2b-00d5-4d4b-9fb6-5f0b0ed7d0fe.pdf. Tentando OCR...
2025-11-21 17:42:05,939 [INFO] modules.pdf_reader - Iniciando processamento do arquivo C:\ProjetosDev\project\data\input\_45257F5B0EF14257B4117627B7EA04ED-PDF_INVOICE-861a511b-56d7-4647-949e-e11d31f2c4d9.pdf
2025-11-21 17:42:05,942 [INFO] modules.pdf_reader - Texto extraido de C:\ProjetosDev\project\data\input\_45257F5B0EF14257B4117627B7EA04ED-PDF_INVOICE-861a511b-56d7-4647-949e-e11d31f2c4d9.pdf com PyMuPDF (0 caracteres).
2025-11-21 17:42:05,942 [WARNING] modules.pdf_reader - Nenhum texto encontrado no PDF C:\ProjetosDev\project\data\input\_45257F5B0EF14257B4117627B7EA04ED-PDF_INVOICE-861a511b-56d7-4647-949e-e11d31f2c4d9.pdf. Tentando OCR...
2025-11-21 17:42:05,970 [INFO] modules.pdf_reader - Iniciando processamento do arquivo C:\ProjetosDev\project\data\input\_3A860D8A6F684B85B530C8ACBD2D1388-PDF_INVOICE-e3b5fc3c-32ad-49c0-bf97-dc9ec15110ba.pdf
2025-11-21 17:42:06,026 [INFO] modules.pdf_reader - Texto extraido de C:\ProjetosDev\project\data\input\_3A860D8A6F684B85B530C8ACBD2D1388-PDF_INVOICE-e3b5fc3c-32ad-49c0-bf97-dc9ec15110ba.pdf com PyMuPDF (2 caracteres).
2025-11-21 17:42:06,027 [WARNING] modules.pdf_reader - Nenhum texto encontrado no PDF C:\ProjetosDev\project\data\input\_3A860D8A6F684B85B530C8ACBD2D1388-PDF_INVOICE-e3b5fc3c-32ad-49c0-bf97-dc9ec15110ba.pdf. Tentando OCR...
2025-11-21 17:42:06,053 [INFO] modules.pdf_reader - Executando OCR na pagina 1 do arquivo C:\ProjetosDev\project\data\input\_4413465D0D704792A7BB0E62A05EF5CC-PDF_INVOICE-6e1264ac-3752-463c-895a-53b8382cf6f6.pdf
2025-11-21 17:42:08,133 [INFO] modules.pdf_reader - Iniciando processamento do arquivo C:\ProjetosDev\project\data\input\_5B657542D4434DAF85131151BFABE67D-PDF_INVOICE-f220ce09-fb6d-4a9f-a0d1-6d0e88460b25.pdf
2025-11-21 17:42:08,135 [INFO] modules.pdf_reader - Iniciando processamento do arquivo C:\ProjetosDev\project\data\input\_5579C7E9E8CF46968765178EE7D1593C-PDF_INVOICE-c3f729f6-6fe9-4f48-82f4-0bc8e93b69c7.pdf
2025-11-21 17:42:08,142 [INFO] modules.pdf_reader - Texto extraido de C:\ProjetosDev\project\data\input\_5579C7E9E8CF46968765178EE7D1593C-PDF_INVOICE-c3f729f6-6fe9-4f48-82f4-0bc8e93b69c7.pdf com PyMuPDF (2 caracteres).
2025-11-21 17:42:08,143 [WARNING] modules.pdf_reader - Nenhum texto encontrado no PDF C:\ProjetosDev\project\data\input\_5579C7E9E8CF46968765178EE7D1593C-PDF_INVOICE-c3f729f6-6fe9-4f48-82f4-0bc8e93b69c7.pdf. Tentando OCR...
2025-11-21 17:42:08,146 [INFO] modules.pdf_reader - Texto extraido de C:\ProjetosDev\project\data\input\_5B657542D4434DAF85131151BFABE67D-PDF_INVOICE-f220ce09-fb6d-4a9f-a0d1-6d0e88460b25.pdf com PyMuPDF (0 caracteres).
2025-11-21 17:42:08,147 [WARNING] modules.pdf_reader - Nenhum texto encontrado no PDF C:\ProjetosDev\project\data\input\_5B657542D4434DAF85131151BFABE67D-PDF_INVOICE-f220ce09-fb6d-4a9f-a0d1-6d0e88460b25.pdf. Tentando OCR...
2025-11-21 17:42:09,120 [INFO] modules.pdf_reader - Executando OCR na pagina 1 do arquivo C:\ProjetosDev\project\data\input\_45257F5B0EF14257B4117627B7EA04ED-PDF_INVOICE-861a511b-56d7-4647-949e-e11d31f2c4d9.pdf
2025-11-21 17:42:09,421 [INFO] modules.pdf_reader - Executando OCR na pagina 1 do arquivo C:\ProjetosDev\project\data\input\_419D9375D3414CCE9636FBC027662109-PDF_INVOICE-18a34f2b-00d5-4d4b-9fb6-5f0b0ed7d0fe.pdf
2025-11-21 17:42:11,298 [INFO] modules.pdf_reader - Executando OCR na pagina 1 do arquivo C:\ProjetosDev\project\data\input\_5B657542D4434DAF85131151BFABE67D-PDF_INVOICE-f220ce09-fb6d-4a9f-a0d1-6d0e88460b25.pdf
2025-11-21 17:42:11,550 [INFO] modules.pdf_reader - Executando OCR na pagina 1 do arquivo C:\ProjetosDev\project\data\input\_3A860D8A6F684B85B530C8ACBD2D1388-PDF_INVOICE-e3b5fc3c-32ad-49c0-bf97-dc9ec15110ba.pdf
2025-11-21 17:42:11,874 [INFO] modules.pdf_reader - Iniciando processamento do arquivo C:\ProjetosDev\project\data\input\_6D45047296F842BF82A6C456F5BB97A6-PDF_INVOICE-941f3629-96d0-4c77-a2e0-622cd9ee09a4.pdf
2025-11-21 17:42:11,887 [INFO] modules.pdf_reader - Texto extraido de C:\ProjetosDev\project\data\input\_6D45047296F842BF82A6C456F5BB97A6-PDF_INVOICE-941f3629-96d0-4c77-a2e0-622cd9ee09a4.pdf com PyMuPDF (0 caracteres).
2025-11-21 17:42:11,888 [WARNING] modules.pdf_reader - Nenhum texto encontrado no PDF C:\ProjetosDev\project\data\input\_6D45047296F842BF82A6C456F5BB97A6-PDF_INVOICE-941f3629-96d0-4c77-a2e0-622cd9ee09a4.pdf. Tentando OCR...
2025-11-21 17:42:11,940 [INFO] modules.pdf_reader - Executando OCR na pagina 1 do arquivo C:\ProjetosDev\project\data\input\_5579C7E9E8CF46968765178EE7D1593C-PDF_INVOICE-c3f729f6-6fe9-4f48-82f4-0bc8e93b69c7.pdf
2025-11-21 17:42:14,915 [INFO] modules.pdf_reader - Executando OCR na pagina 1 do arquivo C:\ProjetosDev\project\data\input\_6D45047296F842BF82A6C456F5BB97A6-PDF_INVOICE-941f3629-96d0-4c77-a2e0-622cd9ee09a4.pdf
2025-11-21 17:42:20,682 [INFO] modules.pdf_reader - Iniciando processamento do arquivo C:\ProjetosDev\project\data\input\_6D8C0B15EA97404582F6DAB9BD4A6B0E-PDF_INVOICE-3b33567e-b3e8-47e9-b81d-e7856186a039.pdf
2025-11-21 17:42:20,759 [INFO] modules.pdf_reader - Texto extraido de C:\ProjetosDev\project\data\input\_6D8C0B15EA97404582F6DAB9BD4A6B0E-PDF_INVOICE-3b33567e-b3e8-47e9-b81d-e7856186a039.pdf com PyMuPDF (2162 caracteres).
2025-11-21 17:42:20,866 [INFO] modules.pdf_reader - Iniciando processamento do arquivo C:\ProjetosDev\project\data\input\_6DFB1D50D4BA4625942BE8768FB61565-PDF_INVOICE-007c1b84-a07d-4210-8af2-f735112c9eeb.pdf
2025-11-21 17:42:20,879 [INFO] modules.pdf_reader - Texto extraido de C:\ProjetosDev\project\data\input\_6DFB1D50D4BA4625942BE8768FB61565-PDF_INVOICE-007c1b84-a07d-4210-8af2-f735112c9eeb.pdf com PyMuPDF (246 caracteres).
2025-11-21 17:42:21,135 [INFO] modules.pdf_reader - Iniciando processamento do arquivo C:\ProjetosDev\project\data\input\_6FC778A27661461D9A24C8AED414C115-PDF_INVOICE-c496f8d8-f49f-42ac-9619-972973dd61ee.pdf
2025-11-21 17:42:21,438 [INFO] modules.pdf_reader - Texto extraido de C:\ProjetosDev\project\data\input\_6FC778A27661461D9A24C8AED414C115-PDF_INVOICE-c496f8d8-f49f-42ac-9619-972973dd61ee.pdf com PyMuPDF (246 caracteres).
2025-11-21 17:42:21,663 [INFO] modules.pdf_reader - Iniciando processamento do arquivo C:\ProjetosDev\project\data\input\_70342D4170834724ADAAEA8247683245-PDF_INVOICE-f951233d-4656-4383-ab87-c072203ddfa9.pdf
2025-11-21 17:42:21,741 [INFO] modules.pdf_reader - Texto extraido de C:\ProjetosDev\project\data\input\_70342D4170834724ADAAEA8247683245-PDF_INVOICE-f951233d-4656-4383-ab87-c072203ddfa9.pdf com PyMuPDF (244 caracteres).
2025-11-21 17:42:21,884 [INFO] modules.pdf_reader - Iniciando processamento do arquivo C:\ProjetosDev\project\data\input\_7108FC7F4AB34D84B24590B50DFFED31-PDF_INVOICE-0fa7dcf2-5bee-46ff-8a22-d4940226b994.pdf
2025-11-21 17:42:21,939 [INFO] modules.pdf_reader - Texto extraido de C:\ProjetosDev\project\data\input\_7108FC7F4AB34D84B24590B50DFFED31-PDF_INVOICE-0fa7dcf2-5bee-46ff-8a22-d4940226b994.pdf com PyMuPDF (244 caracteres).
2025-11-21 17:42:23,538 [INFO] modules.pdf_reader - Iniciando processamento do arquivo C:\ProjetosDev\project\data\input\_7732B8CCC5684A96B395B3F9F9FFFB24-PDF_INVOICE-edf41acc-dbf2-40fc-b3ae-f017730611ff.pdf
2025-11-21 17:42:23,652 [INFO] modules.pdf_reader - Texto extraido de C:\ProjetosDev\project\data\input\_7732B8CCC5684A96B395B3F9F9FFFB24-PDF_INVOICE-edf41acc-dbf2-40fc-b3ae-f017730611ff.pdf com PyMuPDF (2207 caracteres).
2025-11-21 17:42:23,803 [INFO] modules.pdf_reader - Iniciando processamento do arquivo C:\ProjetosDev\project\data\input\_79FEB4E23415401F913CFC6AEE6CCF9B-PDF_INVOICE-3ed844dc-fa70-480e-b2f2-e8bc98411ee7.pdf
2025-11-21 17:42:23,878 [INFO] modules.pdf_reader - Texto extraido de C:\ProjetosDev\project\data\input\_79FEB4E23415401F913CFC6AEE6CCF9B-PDF_INVOICE-3ed844dc-fa70-480e-b2f2-e8bc98411ee7.pdf com PyMuPDF (244 caracteres).
2025-11-21 17:42:26,483 [INFO] modules.ocr_handler - Processando OCR na pagina 1 do arquivo: _723C1E64FC3147C4AE26CCA11933A5A2-PDF_INVOICE-c20157ce-1161-4341-b561-c3bafa4fc9a8.pdf
2025-11-21 17:42:26,605 [INFO] modules.pdf_reader - Iniciando processamento do arquivo C:\ProjetosDev\project\data\input\_8F1ED64F00DE474B8049F1E48A7C2F05-PDF_INVOICE-4c6a7c05-c03b-45dc-8b71-93dda01825dd.pdf
2025-11-21 17:42:26,657 [INFO] modules.ocr_handler - Processando OCR na pagina 1 do arquivo: _89A38C55E399443588F72A92FEDE9767-PDF_INVOICE-9024dd31-9ec1-4833-bf16-a9fc8ab9514c.pdf
2025-11-21 17:42:26,658 [INFO] modules.pdf_reader - Texto extraido de C:\ProjetosDev\project\data\input\_8F1ED64F00DE474B8049F1E48A7C2F05-PDF_INVOICE-4c6a7c05-c03b-45dc-8b71-93dda01825dd.pdf com PyMuPDF (243 caracteres).
2025-11-21 17:42:26,807 [INFO] modules.ocr_handler - Processando OCR na pagina 1 do arquivo: _85D2E87FBBF348F7A36CD95BC96C9CC9-PDF_INVOICE-9bf7149d-0eb8-4a48-9724-67e909b1f478.pdf
2025-11-21 17:42:27,086 [INFO] modules.ocr_handler - Processando OCR na pagina 1 do arquivo: _815E0BE906964204B7094D93C3E96CBB-PDF_INVOICE-0ed3b36e-3c7f-4285-9b9d-56a7ddf148e1.pdf
2025-11-21 17:42:27,086 [INFO] modules.pdf_reader - Iniciando processamento do arquivo C:\ProjetosDev\project\data\input\_921CAD8DDAE045EEBA02498DC40352B4-PDF_INVOICE-1d9e1e42-ed42-4875-ba44-8dd9311c7b6e.pdf
2025-11-21 17:42:27,357 [INFO] modules.pdf_reader - Texto extraido de C:\ProjetosDev\project\data\input\_921CAD8DDAE045EEBA02498DC40352B4-PDF_INVOICE-1d9e1e42-ed42-4875-ba44-8dd9311c7b6e.pdf com PyMuPDF (2321 caracteres).
2025-11-21 17:42:29,615 [INFO] modules.pdf_reader - Iniciando processamento do arquivo C:\ProjetosDev\project\data\input\_997998CF57004191AEB1E03ACB3F7756-PDF_INVOICE-6537a4ec-efbe-4f56-98d3-c8278affb9a2.pdf
2025-11-21 17:42:29,693 [INFO] modules.pdf_reader - Texto extraido de C:\ProjetosDev\project\data\input\_997998CF57004191AEB1E03ACB3F7756-PDF_INVOICE-6537a4ec-efbe-4f56-98d3-c8278affb9a2.pdf com PyMuPDF (2275 caracteres).
2025-11-21 17:42:30,660 [INFO] modules.pdf_reader - Iniciando processamento do arquivo C:\ProjetosDev\project\data\input\_9A11B2B38FEB40508911E4245484E4A3-PDF_INVOICE-00308bd6-fccd-4190-a20b-aa8a788dbe18.pdf
2025-11-21 17:42:30,779 [INFO] modules.pdf_reader - Texto extraido de C:\ProjetosDev\project\data\input\_9A11B2B38FEB40508911E4245484E4A3-PDF_INVOICE-00308bd6-fccd-4190-a20b-aa8a788dbe18.pdf com PyMuPDF (2338 caracteres).
2025-11-21 17:42:31,001 [INFO] modules.ocr_handler - Processando OCR na pagina 1 do arquivo: _97255D3F009B479DA981C542807F39AD-PDF_INVOICE-ebeaf441-b74b-4ca3-99e0-dc3a814c84ff.pdf
2025-11-21 17:42:31,045 [INFO] modules.pdf_reader - Iniciando processamento do arquivo C:\ProjetosDev\project\data\input\_9B4E93220D15472B8C0438A6B0753795-PDF_INVOICE-462238fa-623d-4efe-8de4-afd2b40db004.pdf
2025-11-21 17:42:31,121 [INFO] modules.pdf_reader - Texto extraido de C:\ProjetosDev\project\data\input\_9B4E93220D15472B8C0438A6B0753795-PDF_INVOICE-462238fa-623d-4efe-8de4-afd2b40db004.pdf com PyMuPDF (1920 caracteres).
2025-11-21 17:42:31,553 [INFO] modules.pdf_reader - Iniciando processamento do arquivo C:\ProjetosDev\project\data\input\_A2C840A144DD47B2B8AB393954DA74C9-PDF_INVOICE-3a6d8a72-830a-4d70-a05f-6ebef06ec76f.pdf
2025-11-21 17:42:31,684 [INFO] modules.pdf_reader - Texto extraido de C:\ProjetosDev\project\data\input\_A2C840A144DD47B2B8AB393954DA74C9-PDF_INVOICE-3a6d8a72-830a-4d70-a05f-6ebef06ec76f.pdf com PyMuPDF (2297 caracteres).
2025-11-21 17:42:31,814 [INFO] modules.pdf_reader - Iniciando processamento do arquivo C:\ProjetosDev\project\data\input\_A38CC5CE872E46ECB5BA5A4830C43EAC-PDF_INVOICE-bd7cb4f1-c43e-40f8-a874-5f74857fd49f.pdf
2025-11-21 17:42:32,022 [INFO] modules.pdf_reader - Texto extraido de C:\ProjetosDev\project\data\input\_A38CC5CE872E46ECB5BA5A4830C43EAC-PDF_INVOICE-bd7cb4f1-c43e-40f8-a874-5f74857fd49f.pdf com PyMuPDF (231 caracteres).
2025-11-21 17:42:32,515 [INFO] modules.pdf_reader - Iniciando processamento do arquivo C:\ProjetosDev\project\data\input\_A3BC0D0350394C2E8B0CD3FE1FA3D3CC-PDF_INVOICE-e8ebd684-5073-4128-a8ec-5ae564fcbd06.pdf
2025-11-21 17:42:32,535 [INFO] modules.pdf_reader - Texto extraido de C:\ProjetosDev\project\data\input\_A3BC0D0350394C2E8B0CD3FE1FA3D3CC-PDF_INVOICE-e8ebd684-5073-4128-a8ec-5ae564fcbd06.pdf com PyMuPDF (637 caracteres).
2025-11-21 17:42:32,668 [INFO] modules.pdf_reader - Iniciando processamento do arquivo C:\ProjetosDev\project\data\input\_89A38C55E399443588F72A92FEDE9767-PDF_INVOICE-9024dd31-9ec1-4833-bf16-a9fc8ab9514c.pdf
2025-11-21 17:42:32,682 [INFO] modules.pdf_reader - Texto extraido de C:\ProjetosDev\project\data\input\_89A38C55E399443588F72A92FEDE9767-PDF_INVOICE-9024dd31-9ec1-4833-bf16-a9fc8ab9514c.pdf com PyMuPDF (2 caracteres).
2025-11-21 17:42:32,682 [WARNING] modules.pdf_reader - Nenhum texto encontrado no PDF C:\ProjetosDev\project\data\input\_89A38C55E399443588F72A92FEDE9767-PDF_INVOICE-9024dd31-9ec1-4833-bf16-a9fc8ab9514c.pdf. Tentando OCR...
2025-11-21 17:42:33,659 [INFO] modules.pdf_reader - Iniciando processamento do arquivo C:\ProjetosDev\project\data\input\_85D2E87FBBF348F7A36CD95BC96C9CC9-PDF_INVOICE-9bf7149d-0eb8-4a48-9724-67e909b1f478.pdf
2025-11-21 17:42:33,665 [INFO] modules.pdf_reader - Texto extraido de C:\ProjetosDev\project\data\input\_85D2E87FBBF348F7A36CD95BC96C9CC9-PDF_INVOICE-9bf7149d-0eb8-4a48-9724-67e909b1f478.pdf com PyMuPDF (2 caracteres).
2025-11-21 17:42:33,665 [WARNING] modules.pdf_reader - Nenhum texto encontrado no PDF C:\ProjetosDev\project\data\input\_85D2E87FBBF348F7A36CD95BC96C9CC9-PDF_INVOICE-9bf7149d-0eb8-4a48-9724-67e909b1f478.pdf. Tentando OCR...
2025-11-21 17:42:34,434 [INFO] modules.pdf_reader - Iniciando processamento do arquivo C:\ProjetosDev\project\data\input\_723C1E64FC3147C4AE26CCA11933A5A2-PDF_INVOICE-c20157ce-1161-4341-b561-c3bafa4fc9a8.pdf
2025-11-21 17:42:34,501 [INFO] modules.pdf_reader - Texto extraido de C:\ProjetosDev\project\data\input\_723C1E64FC3147C4AE26CCA11933A5A2-PDF_INVOICE-c20157ce-1161-4341-b561-c3bafa4fc9a8.pdf com PyMuPDF (0 caracteres).
2025-11-21 17:42:34,502 [WARNING] modules.pdf_reader - Nenhum texto encontrado no PDF C:\ProjetosDev\project\data\input\_723C1E64FC3147C4AE26CCA11933A5A2-PDF_INVOICE-c20157ce-1161-4341-b561-c3bafa4fc9a8.pdf. Tentando OCR...
2025-11-21 17:42:35,525 [INFO] modules.ocr_handler - Processando OCR na pagina 1 do arquivo: _A6223AC50F844C50A177EA66760B5D83-PDF_INVOICE-7cbd72d6-c573-49ea-8133-bc76f1bf1ec3.pdf
2025-11-21 17:42:36,415 [INFO] modules.pdf_reader - Iniciando processamento do arquivo C:\ProjetosDev\project\data\input\_815E0BE906964204B7094D93C3E96CBB-PDF_INVOICE-0ed3b36e-3c7f-4285-9b9d-56a7ddf148e1.pdf
2025-11-21 17:42:36,497 [INFO] modules.pdf_reader - Texto extraido de C:\ProjetosDev\project\data\input\_815E0BE906964204B7094D93C3E96CBB-PDF_INVOICE-0ed3b36e-3c7f-4285-9b9d-56a7ddf148e1.pdf com PyMuPDF (2 caracteres).
2025-11-21 17:42:36,498 [WARNING] modules.pdf_reader - Nenhum texto encontrado no PDF C:\ProjetosDev\project\data\input\_815E0BE906964204B7094D93C3E96CBB-PDF_INVOICE-0ed3b36e-3c7f-4285-9b9d-56a7ddf148e1.pdf. Tentando OCR...
2025-11-21 17:42:36,877 [INFO] modules.pdf_reader - Executando OCR na pagina 1 do arquivo C:\ProjetosDev\project\data\input\_89A38C55E399443588F72A92FEDE9767-PDF_INVOICE-9024dd31-9ec1-4833-bf16-a9fc8ab9514c.pdf
2025-11-21 17:42:37,253 [INFO] modules.pdf_reader - Executando OCR na pagina 1 do arquivo C:\ProjetosDev\project\data\input\_85D2E87FBBF348F7A36CD95BC96C9CC9-PDF_INVOICE-9bf7149d-0eb8-4a48-9724-67e909b1f478.pdf
2025-11-21 17:42:37,429 [INFO] modules.pdf_reader - Executando OCR na pagina 1 do arquivo C:\ProjetosDev\project\data\input\_723C1E64FC3147C4AE26CCA11933A5A2-PDF_INVOICE-c20157ce-1161-4341-b561-c3bafa4fc9a8.pdf
2025-11-21 17:42:38,446 [INFO] modules.ocr_handler - Processando OCR na pagina 1 do arquivo: _AAD971A756434A0C8351034A8E00B142-PDF_INVOICE-a74ca1aa-c2de-48b3-b3e0-b7636ecbd5e9.pdf
2025-11-21 17:42:38,662 [INFO] modules.pdf_reader - Iniciando processamento do arquivo C:\ProjetosDev\project\data\input\_97255D3F009B479DA981C542807F39AD-PDF_INVOICE-ebeaf441-b74b-4ca3-99e0-dc3a814c84ff.pdf
2025-11-21 17:42:38,669 [INFO] modules.pdf_reader - Texto extraido de C:\ProjetosDev\project\data\input\_97255D3F009B479DA981C542807F39AD-PDF_INVOICE-ebeaf441-b74b-4ca3-99e0-dc3a814c84ff.pdf com PyMuPDF (2 caracteres).
2025-11-21 17:42:38,670 [WARNING] modules.pdf_reader - Nenhum texto encontrado no PDF C:\ProjetosDev\project\data\input\_97255D3F009B479DA981C542807F39AD-PDF_INVOICE-ebeaf441-b74b-4ca3-99e0-dc3a814c84ff.pdf. Tentando OCR...
2025-11-21 17:42:41,234 [INFO] modules.ocr_handler - Processando OCR na pagina 1 do arquivo: _9E59391048824DD188B30F68D77CC30A-PDF_INVOICE-00980567-f6c2-4815-895b-4bfd58045b9a.pdf
2025-11-21 17:42:42,635 [INFO] modules.pdf_reader - Executando OCR na pagina 1 do arquivo C:\ProjetosDev\project\data\input\_97255D3F009B479DA981C542807F39AD-PDF_INVOICE-ebeaf441-b74b-4ca3-99e0-dc3a814c84ff.pdf
2025-11-21 17:42:42,971 [INFO] modules.pdf_reader - Executando OCR na pagina 1 do arquivo C:\ProjetosDev\project\data\input\_815E0BE906964204B7094D93C3E96CBB-PDF_INVOICE-0ed3b36e-3c7f-4285-9b9d-56a7ddf148e1.pdf
2025-11-21 17:42:44,985 [INFO] modules.pdf_reader - Iniciando processamento do arquivo C:\ProjetosDev\project\data\input\_A6223AC50F844C50A177EA66760B5D83-PDF_INVOICE-7cbd72d6-c573-49ea-8133-bc76f1bf1ec3.pdf
2025-11-21 17:42:45,062 [INFO] modules.pdf_reader - Texto extraido de C:\ProjetosDev\project\data\input\_A6223AC50F844C50A177EA66760B5D83-PDF_INVOICE-7cbd72d6-c573-49ea-8133-bc76f1bf1ec3.pdf com PyMuPDF (0 caracteres).
2025-11-21 17:42:45,062 [WARNING] modules.pdf_reader - Nenhum texto encontrado no PDF C:\ProjetosDev\project\data\input\_A6223AC50F844C50A177EA66760B5D83-PDF_INVOICE-7cbd72d6-c573-49ea-8133-bc76f1bf1ec3.pdf. Tentando OCR...
2025-11-21 17:42:47,504 [INFO] modules.pdf_reader - Iniciando processamento do arquivo C:\ProjetosDev\project\data\input\_AAD971A756434A0C8351034A8E00B142-PDF_INVOICE-a74ca1aa-c2de-48b3-b3e0-b7636ecbd5e9.pdf
2025-11-21 17:42:47,506 [INFO] modules.pdf_reader - Texto extraido de C:\ProjetosDev\project\data\input\_AAD971A756434A0C8351034A8E00B142-PDF_INVOICE-a74ca1aa-c2de-48b3-b3e0-b7636ecbd5e9.pdf com PyMuPDF (0 caracteres).
2025-11-21 17:42:47,507 [WARNING] modules.pdf_reader - Nenhum texto encontrado no PDF C:\ProjetosDev\project\data\input\_AAD971A756434A0C8351034A8E00B142-PDF_INVOICE-a74ca1aa-c2de-48b3-b3e0-b7636ecbd5e9.pdf. Tentando OCR...
2025-11-21 17:42:50,025 [INFO] modules.pdf_reader - Executando OCR na pagina 1 do arquivo C:\ProjetosDev\project\data\input\_A6223AC50F844C50A177EA66760B5D83-PDF_INVOICE-7cbd72d6-c573-49ea-8133-bc76f1bf1ec3.pdf
2025-11-21 17:42:50,433 [INFO] modules.pdf_reader - Executando OCR na pagina 1 do arquivo C:\ProjetosDev\project\data\input\_AAD971A756434A0C8351034A8E00B142-PDF_INVOICE-a74ca1aa-c2de-48b3-b3e0-b7636ecbd5e9.pdf
2025-11-21 17:42:54,234 [INFO] modules.pdf_reader - Iniciando processamento do arquivo C:\ProjetosDev\project\data\input\_9E59391048824DD188B30F68D77CC30A-PDF_INVOICE-00980567-f6c2-4815-895b-4bfd58045b9a.pdf
2025-11-21 17:42:54,621 [INFO] modules.pdf_reader - Texto extraido de C:\ProjetosDev\project\data\input\_9E59391048824DD188B30F68D77CC30A-PDF_INVOICE-00980567-f6c2-4815-895b-4bfd58045b9a.pdf com PyMuPDF (0 caracteres).
2025-11-21 17:42:54,621 [WARNING] modules.pdf_reader - Nenhum texto encontrado no PDF C:\ProjetosDev\project\data\input\_9E59391048824DD188B30F68D77CC30A-PDF_INVOICE-00980567-f6c2-4815-895b-4bfd58045b9a.pdf. Tentando OCR...
2025-11-21 17:42:55,762 [INFO] modules.ocr_handler - Processando OCR na pagina 1 do arquivo: _B093F9E51660477488E44B220B77BE40-PDF_INVOICE-5bf19380-21ec-46a0-8b4f-7f75f606e686.pdf
2025-11-21 17:42:55,850 [INFO] modules.ocr_handler - Processando OCR na pagina 1 do arquivo: _B093F9E51660477488E44B220B77BE40-PDF_INVOICE-a94405de-128f-40d4-8ea5-1d03bd7be99f.pdf
2025-11-21 17:42:56,364 [INFO] modules.pdf_reader - Iniciando processamento do arquivo C:\ProjetosDev\project\data\input\_AD2187181A084C7AB6443BBCFCB56FF6-PDF_INVOICE-a3cc3b90-9cba-40e4-877f-bc1e89671214.pdf
2025-11-21 17:42:56,528 [INFO] modules.pdf_reader - Texto extraido de C:\ProjetosDev\project\data\input\_AD2187181A084C7AB6443BBCFCB56FF6-PDF_INVOICE-a3cc3b90-9cba-40e4-877f-bc1e89671214.pdf com PyMuPDF (932 caracteres).
2025-11-21 17:42:56,656 [INFO] modules.pdf_reader - Iniciando processamento do arquivo C:\ProjetosDev\project\data\input\_B143F0AABBEB47CCB77B786D9FD81EF2-PDF_INVOICE-8dc4ea10-f211-4e39-b5e6-3813f872a716.pdf
2025-11-21 17:42:56,767 [INFO] modules.pdf_reader - Texto extraido de C:\ProjetosDev\project\data\input\_B143F0AABBEB47CCB77B786D9FD81EF2-PDF_INVOICE-8dc4ea10-f211-4e39-b5e6-3813f872a716.pdf com PyMuPDF (246 caracteres).
2025-11-21 17:42:57,005 [INFO] modules.pdf_reader - Executando OCR na pagina 1 do arquivo C:\ProjetosDev\project\data\input\_9E59391048824DD188B30F68D77CC30A-PDF_INVOICE-00980567-f6c2-4815-895b-4bfd58045b9a.pdf
2025-11-21 17:42:59,361 [INFO] modules.pdf_reader - Iniciando processamento do arquivo C:\ProjetosDev\project\data\input\_B6064AF5E4FC41EFA8C1B48FE30012EE-PDF_INVOICE-c31256e4-08a9-4f94-a911-caf8932ebc91.pdf
2025-11-21 17:42:59,412 [INFO] modules.pdf_reader - Texto extraido de C:\ProjetosDev\project\data\input\_B6064AF5E4FC41EFA8C1B48FE30012EE-PDF_INVOICE-c31256e4-08a9-4f94-a911-caf8932ebc91.pdf com PyMuPDF (246 caracteres).
2025-11-21 17:43:00,032 [INFO] modules.pdf_reader - Iniciando processamento do arquivo C:\ProjetosDev\project\data\input\_B093F9E51660477488E44B220B77BE40-PDF_INVOICE-5bf19380-21ec-46a0-8b4f-7f75f606e686.pdf
2025-11-21 17:43:00,035 [INFO] modules.pdf_reader - Texto extraido de C:\ProjetosDev\project\data\input\_B093F9E51660477488E44B220B77BE40-PDF_INVOICE-5bf19380-21ec-46a0-8b4f-7f75f606e686.pdf com PyMuPDF (0 caracteres).
2025-11-21 17:43:00,036 [WARNING] modules.pdf_reader - Nenhum texto encontrado no PDF C:\ProjetosDev\project\data\input\_B093F9E51660477488E44B220B77BE40-PDF_INVOICE-5bf19380-21ec-46a0-8b4f-7f75f606e686.pdf. Tentando OCR...
2025-11-21 17:43:00,348 [INFO] modules.ocr_handler - Processando OCR na pagina 1 do arquivo: _B2D11E6AC93D42489FEE6887BC92AD48-PDF_INVOICE-a7d0953f-24db-4aad-a6d6-c9f6e8029856.pdf
2025-11-21 17:43:01,352 [INFO] modules.ocr_handler - Processando OCR na pagina 1 do arquivo: _B7F27B55CB89422182682619E6C6F987-PDF_INVOICE-e4cd8d08-1a30-42df-924a-8c48564c966a.pdf
2025-11-21 17:43:02,491 [INFO] modules.pdf_reader - Executando OCR na pagina 1 do arquivo C:\ProjetosDev\project\data\input\_B093F9E51660477488E44B220B77BE40-PDF_INVOICE-5bf19380-21ec-46a0-8b4f-7f75f606e686.pdf
2025-11-21 17:43:02,840 [INFO] modules.pdf_reader - Iniciando processamento do arquivo C:\ProjetosDev\project\data\input\_B093F9E51660477488E44B220B77BE40-PDF_INVOICE-a94405de-128f-40d4-8ea5-1d03bd7be99f.pdf
2025-11-21 17:43:02,845 [INFO] modules.pdf_reader - Texto extraido de C:\ProjetosDev\project\data\input\_B093F9E51660477488E44B220B77BE40-PDF_INVOICE-a94405de-128f-40d4-8ea5-1d03bd7be99f.pdf com PyMuPDF (0 caracteres).
2025-11-21 17:43:02,845 [WARNING] modules.pdf_reader - Nenhum texto encontrado no PDF C:\ProjetosDev\project\data\input\_B093F9E51660477488E44B220B77BE40-PDF_INVOICE-a94405de-128f-40d4-8ea5-1d03bd7be99f.pdf. Tentando OCR...
2025-11-21 17:43:06,000 [INFO] modules.pdf_reader - Executando OCR na pagina 1 do arquivo C:\ProjetosDev\project\data\input\_B093F9E51660477488E44B220B77BE40-PDF_INVOICE-a94405de-128f-40d4-8ea5-1d03bd7be99f.pdf
2025-11-21 17:43:07,008 [INFO] modules.pdf_reader - Iniciando processamento do arquivo C:\ProjetosDev\project\data\input\_B2D11E6AC93D42489FEE6887BC92AD48-PDF_INVOICE-a7d0953f-24db-4aad-a6d6-c9f6e8029856.pdf
2025-11-21 17:43:07,022 [INFO] modules.pdf_reader - Texto extraido de C:\ProjetosDev\project\data\input\_B2D11E6AC93D42489FEE6887BC92AD48-PDF_INVOICE-a7d0953f-24db-4aad-a6d6-c9f6e8029856.pdf com PyMuPDF (0 caracteres).
2025-11-21 17:43:07,023 [WARNING] modules.pdf_reader - Nenhum texto encontrado no PDF C:\ProjetosDev\project\data\input\_B2D11E6AC93D42489FEE6887BC92AD48-PDF_INVOICE-a7d0953f-24db-4aad-a6d6-c9f6e8029856.pdf. Tentando OCR...
2025-11-21 17:43:09,302 [INFO] modules.ocr_handler - Processando OCR na pagina 1 do arquivo: _B9FB54EB83FF4060968D62659BAA5190-PDF_INVOICE-cf9d5787-7484-494e-81b2-ac8e02d5e10b.pdf
2025-11-21 17:43:09,950 [INFO] modules.pdf_reader - Iniciando processamento do arquivo C:\ProjetosDev\project\data\input\_B7F27B55CB89422182682619E6C6F987-PDF_INVOICE-e4cd8d08-1a30-42df-924a-8c48564c966a.pdf
2025-11-21 17:43:09,952 [INFO] modules.pdf_reader - Texto extraido de C:\ProjetosDev\project\data\input\_B7F27B55CB89422182682619E6C6F987-PDF_INVOICE-e4cd8d08-1a30-42df-924a-8c48564c966a.pdf com PyMuPDF (0 caracteres).
2025-11-21 17:43:09,953 [WARNING] modules.pdf_reader - Nenhum texto encontrado no PDF C:\ProjetosDev\project\data\input\_B7F27B55CB89422182682619E6C6F987-PDF_INVOICE-e4cd8d08-1a30-42df-924a-8c48564c966a.pdf. Tentando OCR...
2025-11-21 17:43:10,524 [INFO] modules.pdf_reader - Executando OCR na pagina 1 do arquivo C:\ProjetosDev\project\data\input\_B2D11E6AC93D42489FEE6887BC92AD48-PDF_INVOICE-a7d0953f-24db-4aad-a6d6-c9f6e8029856.pdf
2025-11-21 17:43:10,863 [INFO] modules.ocr_handler - Processando OCR na pagina 1 do arquivo: _BCD5A7E6564B4E3482BE4129D4E5C6FE-PDF_INVOICE-c1bf4cf0-0b01-4ced-a6d6-a1ca034e6771.pdf
2025-11-21 17:43:11,979 [INFO] modules.pdf_reader - Iniciando processamento do arquivo C:\ProjetosDev\project\data\input\_C17055289D604C54941F7E733F3F415D-PDF_INVOICE-f35cfdb7-f666-4371-bff9-4d4eeefa9781.pdf
2025-11-21 17:43:12,095 [INFO] modules.pdf_reader - Texto extraido de C:\ProjetosDev\project\data\input\_C17055289D604C54941F7E733F3F415D-PDF_INVOICE-f35cfdb7-f666-4371-bff9-4d4eeefa9781.pdf com PyMuPDF (241 caracteres).
2025-11-21 17:43:12,907 [INFO] modules.pdf_reader - Iniciando processamento do arquivo C:\ProjetosDev\project\data\input\_C5ED05BD47E44564B01E2C1CD7E6F408-PDF_INVOICE-d34c04c2-50df-467a-9019-f001363f9fb8.pdf
2025-11-21 17:43:12,947 [INFO] modules.pdf_reader - Texto extraido de C:\ProjetosDev\project\data\input\_C5ED05BD47E44564B01E2C1CD7E6F408-PDF_INVOICE-d34c04c2-50df-467a-9019-f001363f9fb8.pdf com PyMuPDF (2463 caracteres).
2025-11-21 17:43:13,140 [INFO] modules.pdf_reader - Iniciando processamento do arquivo C:\ProjetosDev\project\data\input\_CCB9DFD30E394A6EB94C11C90061C371-PDF_INVOICE-eeb9203a-caaf-47a7-9aca-efea430eb4d4.pdf
2025-11-21 17:43:13,151 [INFO] modules.pdf_reader - Texto extraido de C:\ProjetosDev\project\data\input\_CCB9DFD30E394A6EB94C11C90061C371-PDF_INVOICE-eeb9203a-caaf-47a7-9aca-efea430eb4d4.pdf com PyMuPDF (246 caracteres).
2025-11-21 17:43:13,780 [INFO] modules.pdf_reader - Iniciando processamento do arquivo C:\ProjetosDev\project\data\input\_D20107B4EB4B4D56B529F8C7C528F5AD-PDF_INVOICE-4ee71ea8-1714-4266-bcb0-8a0f7a5a3261.pdf
2025-11-21 17:43:13,857 [INFO] modules.pdf_reader - Texto extraido de C:\ProjetosDev\project\data\input\_D20107B4EB4B4D56B529F8C7C528F5AD-PDF_INVOICE-4ee71ea8-1714-4266-bcb0-8a0f7a5a3261.pdf com PyMuPDF (2362 caracteres).
2025-11-21 17:43:13,999 [INFO] modules.pdf_reader - Iniciando processamento do arquivo C:\ProjetosDev\project\data\input\_D2A2E29BF2BF4207A0C68C708C587DC7-PDF_INVOICE-bd8fd754-e1e6-4657-9840-77b01829cbfb.pdf
2025-11-21 17:43:14,013 [INFO] modules.pdf_reader - Texto extraido de C:\ProjetosDev\project\data\input\_D2A2E29BF2BF4207A0C68C708C587DC7-PDF_INVOICE-bd8fd754-e1e6-4657-9840-77b01829cbfb.pdf com PyMuPDF (241 caracteres).
2025-11-21 17:43:14,218 [INFO] modules.pdf_reader - Executando OCR na pagina 1 do arquivo C:\ProjetosDev\project\data\input\_B7F27B55CB89422182682619E6C6F987-PDF_INVOICE-e4cd8d08-1a30-42df-924a-8c48564c966a.pdf
2025-11-21 17:43:14,510 [INFO] modules.pdf_reader - Iniciando processamento do arquivo C:\ProjetosDev\project\data\input\_B9FB54EB83FF4060968D62659BAA5190-PDF_INVOICE-cf9d5787-7484-494e-81b2-ac8e02d5e10b.pdf
2025-11-21 17:43:14,527 [INFO] modules.pdf_reader - Texto extraido de C:\ProjetosDev\project\data\input\_B9FB54EB83FF4060968D62659BAA5190-PDF_INVOICE-cf9d5787-7484-494e-81b2-ac8e02d5e10b.pdf com PyMuPDF (0 caracteres).
2025-11-21 17:43:14,527 [WARNING] modules.pdf_reader - Nenhum texto encontrado no PDF C:\ProjetosDev\project\data\input\_B9FB54EB83FF4060968D62659BAA5190-PDF_INVOICE-cf9d5787-7484-494e-81b2-ac8e02d5e10b.pdf. Tentando OCR...
2025-11-21 17:43:14,552 [INFO] modules.pdf_reader - Iniciando processamento do arquivo C:\ProjetosDev\project\data\input\_D2ECA1F8CA494D11A22CC1A6D119063D-PDF_INVOICE-9398009f-a289-492e-8372-eb5b068c650c.pdf
2025-11-21 17:43:14,661 [INFO] modules.pdf_reader - Texto extraido de C:\ProjetosDev\project\data\input\_D2ECA1F8CA494D11A22CC1A6D119063D-PDF_INVOICE-9398009f-a289-492e-8372-eb5b068c650c.pdf com PyMuPDF (2048 caracteres).
2025-11-21 17:43:14,762 [INFO] modules.pdf_reader - Iniciando processamento do arquivo C:\ProjetosDev\project\data\input\_D45E8635A4084CB79A478B7C981A27D0-PDF_INVOICE-0145e6a9-db7f-44ab-950a-6bc4756dc55a.pdf
2025-11-21 17:43:14,815 [INFO] modules.pdf_reader - Texto extraido de C:\ProjetosDev\project\data\input\_D45E8635A4084CB79A478B7C981A27D0-PDF_INVOICE-0145e6a9-db7f-44ab-950a-6bc4756dc55a.pdf com PyMuPDF (244 caracteres).
2025-11-21 17:43:15,012 [INFO] modules.pdf_reader - Iniciando processamento do arquivo C:\ProjetosDev\project\data\input\_D49987AEFCD24C998D041A7A2DD09DD5-PDF_INVOICE-c38abd4a-5ee4-4c80-828e-3bd22eefe4db.pdf
2025-11-21 17:43:15,021 [INFO] modules.pdf_reader - Texto extraido de C:\ProjetosDev\project\data\input\_D49987AEFCD24C998D041A7A2DD09DD5-PDF_INVOICE-c38abd4a-5ee4-4c80-828e-3bd22eefe4db.pdf com PyMuPDF (246 caracteres).
2025-11-21 17:43:15,175 [INFO] modules.pdf_reader - Iniciando processamento do arquivo C:\ProjetosDev\project\data\input\_D49987AEFCD24C998D041A7A2DD09DD5-PDF_INVOICE-e027134f-34c1-4505-820d-410e25b19831.pdf
2025-11-21 17:43:15,265 [INFO] modules.pdf_reader - Texto extraido de C:\ProjetosDev\project\data\input\_D49987AEFCD24C998D041A7A2DD09DD5-PDF_INVOICE-e027134f-34c1-4505-820d-410e25b19831.pdf com PyMuPDF (246 caracteres).
2025-11-21 17:43:15,456 [INFO] modules.ocr_handler - Processando OCR na pagina 1 do arquivo: _B9B008DFBEC147FEAD6ECD311C048ABF-PDF_INVOICE-675cd626-3883-4729-b457-68edd88c83f5.pdf
2025-11-21 17:43:16,163 [INFO] modules.ocr_handler - Processando OCR na pagina 1 do arquivo: _D2677A208DAF48B5BB867363770DD1B3-PDF_INVOICE-50737256-e670-4f23-8398-997e8b2a002c.pdf
2025-11-21 17:43:16,667 [INFO] modules.pdf_reader - Iniciando processamento do arquivo C:\ProjetosDev\project\data\input\_BCD5A7E6564B4E3482BE4129D4E5C6FE-PDF_INVOICE-c1bf4cf0-0b01-4ced-a6d6-a1ca034e6771.pdf
2025-11-21 17:43:16,682 [INFO] modules.pdf_reader - Texto extraido de C:\ProjetosDev\project\data\input\_BCD5A7E6564B4E3482BE4129D4E5C6FE-PDF_INVOICE-c1bf4cf0-0b01-4ced-a6d6-a1ca034e6771.pdf com PyMuPDF (0 caracteres).
2025-11-21 17:43:16,683 [WARNING] modules.pdf_reader - Nenhum texto encontrado no PDF C:\ProjetosDev\project\data\input\_BCD5A7E6564B4E3482BE4129D4E5C6FE-PDF_INVOICE-c1bf4cf0-0b01-4ced-a6d6-a1ca034e6771.pdf. Tentando OCR...
2025-11-21 17:43:17,648 [INFO] modules.pdf_reader - Executando OCR na pagina 1 do arquivo C:\ProjetosDev\project\data\input\_B9FB54EB83FF4060968D62659BAA5190-PDF_INVOICE-cf9d5787-7484-494e-81b2-ac8e02d5e10b.pdf
2025-11-21 17:43:17,934 [INFO] modules.ocr_handler - Processando OCR na pagina 1 do arquivo: _D516694FB3654EFE8F7C08F612E97FCC-PDF_INVOICE-b607cc1a-ec9d-4a2c-8076-6699303c9c29.pdf
2025-11-21 17:43:18,892 [INFO] modules.pdf_reader - Iniciando processamento do arquivo C:\ProjetosDev\project\data\input\_DA7E7BF29B124955A72835A7EBE6FBE9-PDF_INVOICE-5eae27d4-58f1-476b-aab4-eed68fc81385.pdf
2025-11-21 17:43:18,939 [INFO] modules.pdf_reader - Texto extraido de C:\ProjetosDev\project\data\input\_DA7E7BF29B124955A72835A7EBE6FBE9-PDF_INVOICE-5eae27d4-58f1-476b-aab4-eed68fc81385.pdf com PyMuPDF (246 caracteres).
2025-11-21 17:43:19,085 [INFO] modules.pdf_reader - Iniciando processamento do arquivo C:\ProjetosDev\project\data\input\_DA7E7BF29B124955A72835A7EBE6FBE9-PDF_INVOICE-646fd2df-4e84-49f1-9e2f-2d039009a22d.pdf
2025-11-21 17:43:19,113 [INFO] modules.pdf_reader - Texto extraido de C:\ProjetosDev\project\data\input\_DA7E7BF29B124955A72835A7EBE6FBE9-PDF_INVOICE-646fd2df-4e84-49f1-9e2f-2d039009a22d.pdf com PyMuPDF (246 caracteres).
2025-11-21 17:43:19,382 [INFO] modules.pdf_reader - Executando OCR na pagina 1 do arquivo C:\ProjetosDev\project\data\input\_BCD5A7E6564B4E3482BE4129D4E5C6FE-PDF_INVOICE-c1bf4cf0-0b01-4ced-a6d6-a1ca034e6771.pdf
2025-11-21 17:43:19,988 [INFO] modules.ocr_handler - Processando OCR na pagina 1 do arquivo: _DF3F95B304774E74AD58D8FA9816C61E-PDF_INVOICE-e3db61ac-f3ad-41bb-ad0f-66edc6060f97.pdf
2025-11-21 17:43:22,436 [INFO] modules.pdf_reader - Iniciando processamento do arquivo C:\ProjetosDev\project\data\input\_D516694FB3654EFE8F7C08F612E97FCC-PDF_INVOICE-b607cc1a-ec9d-4a2c-8076-6699303c9c29.pdf
2025-11-21 17:43:22,439 [INFO] modules.pdf_reader - Texto extraido de C:\ProjetosDev\project\data\input\_D516694FB3654EFE8F7C08F612E97FCC-PDF_INVOICE-b607cc1a-ec9d-4a2c-8076-6699303c9c29.pdf com PyMuPDF (0 caracteres).
2025-11-21 17:43:22,440 [WARNING] modules.pdf_reader - Nenhum texto encontrado no PDF C:\ProjetosDev\project\data\input\_D516694FB3654EFE8F7C08F612E97FCC-PDF_INVOICE-b607cc1a-ec9d-4a2c-8076-6699303c9c29.pdf. Tentando OCR...
2025-11-21 17:43:22,631 [INFO] modules.pdf_reader - Iniciando processamento do arquivo C:\ProjetosDev\project\data\input\_D2677A208DAF48B5BB867363770DD1B3-PDF_INVOICE-50737256-e670-4f23-8398-997e8b2a002c.pdf
2025-11-21 17:43:22,637 [INFO] modules.pdf_reader - Texto extraido de C:\ProjetosDev\project\data\input\_D2677A208DAF48B5BB867363770DD1B3-PDF_INVOICE-50737256-e670-4f23-8398-997e8b2a002c.pdf com PyMuPDF (2 caracteres).
2025-11-21 17:43:22,638 [WARNING] modules.pdf_reader - Nenhum texto encontrado no PDF C:\ProjetosDev\project\data\input\_D2677A208DAF48B5BB867363770DD1B3-PDF_INVOICE-50737256-e670-4f23-8398-997e8b2a002c.pdf. Tentando OCR...
2025-11-21 17:43:23,221 [INFO] modules.pdf_reader - Iniciando processamento do arquivo C:\ProjetosDev\project\data\input\_B9B008DFBEC147FEAD6ECD311C048ABF-PDF_INVOICE-675cd626-3883-4729-b457-68edd88c83f5.pdf
2025-11-21 17:43:23,411 [INFO] modules.pdf_reader - Executando OCR na pagina 1 do arquivo C:\ProjetosDev\project\data\input\_D516694FB3654EFE8F7C08F612E97FCC-PDF_INVOICE-b607cc1a-ec9d-4a2c-8076-6699303c9c29.pdf
2025-11-21 17:43:23,418 [INFO] modules.pdf_reader - Texto extraido de C:\ProjetosDev\project\data\input\_B9B008DFBEC147FEAD6ECD311C048ABF-PDF_INVOICE-675cd626-3883-4729-b457-68edd88c83f5.pdf com PyMuPDF (0 caracteres).
2025-11-21 17:43:23,418 [WARNING] modules.pdf_reader - Nenhum texto encontrado no PDF C:\ProjetosDev\project\data\input\_B9B008DFBEC147FEAD6ECD311C048ABF-PDF_INVOICE-675cd626-3883-4729-b457-68edd88c83f5.pdf. Tentando OCR...
2025-11-21 17:43:24,466 [INFO] modules.pdf_reader - Iniciando processamento do arquivo C:\ProjetosDev\project\data\input\_E3AFFFC207884575AF2CE98B03605E34-PDF_INVOICE-c268563d-0b21-472e-912d-93d73be9cf6b.pdf
2025-11-21 17:43:24,573 [INFO] modules.pdf_reader - Texto extraido de C:\ProjetosDev\project\data\input\_E3AFFFC207884575AF2CE98B03605E34-PDF_INVOICE-c268563d-0b21-472e-912d-93d73be9cf6b.pdf com PyMuPDF (2467 caracteres).
2025-11-21 17:43:25,293 [INFO] modules.pdf_reader - Iniciando processamento do arquivo C:\ProjetosDev\project\data\input\_DF3F95B304774E74AD58D8FA9816C61E-PDF_INVOICE-e3db61ac-f3ad-41bb-ad0f-66edc6060f97.pdf
2025-11-21 17:43:25,296 [INFO] modules.pdf_reader - Texto extraido de C:\ProjetosDev\project\data\input\_DF3F95B304774E74AD58D8FA9816C61E-PDF_INVOICE-e3db61ac-f3ad-41bb-ad0f-66edc6060f97.pdf com PyMuPDF (0 caracteres).
2025-11-21 17:43:25,297 [WARNING] modules.pdf_reader - Nenhum texto encontrado no PDF C:\ProjetosDev\project\data\input\_DF3F95B304774E74AD58D8FA9816C61E-PDF_INVOICE-e3db61ac-f3ad-41bb-ad0f-66edc6060f97.pdf. Tentando OCR...
2025-11-21 17:43:25,473 [INFO] modules.pdf_reader - Executando OCR na pagina 1 do arquivo C:\ProjetosDev\project\data\input\_B9B008DFBEC147FEAD6ECD311C048ABF-PDF_INVOICE-675cd626-3883-4729-b457-68edd88c83f5.pdf
2025-11-21 17:43:25,994 [INFO] modules.pdf_reader - Iniciando processamento do arquivo C:\ProjetosDev\project\data\input\_ED16CB6232434062A048754A3F753B01-PDF_INVOICE-78841e47-856d-494f-915f-3eddb4086526.pdf
2025-11-21 17:43:26,072 [INFO] modules.pdf_reader - Texto extraido de C:\ProjetosDev\project\data\input\_ED16CB6232434062A048754A3F753B01-PDF_INVOICE-78841e47-856d-494f-915f-3eddb4086526.pdf com PyMuPDF (2134 caracteres).
2025-11-21 17:43:26,287 [INFO] modules.pdf_reader - Iniciando processamento do arquivo C:\ProjetosDev\project\data\input\_ED3B49E003D04A1B88ECFE4E0BAF7DF0-PDF_INVOICE-76bf7bb0-bc2f-4789-bb6d-96e9c1360b51.pdf
2025-11-21 17:43:26,303 [INFO] modules.pdf_reader - Texto extraido de C:\ProjetosDev\project\data\input\_ED3B49E003D04A1B88ECFE4E0BAF7DF0-PDF_INVOICE-76bf7bb0-bc2f-4789-bb6d-96e9c1360b51.pdf com PyMuPDF (1919 caracteres).
2025-11-21 17:43:26,417 [INFO] modules.pdf_reader - Executando OCR na pagina 1 do arquivo C:\ProjetosDev\project\data\input\_D2677A208DAF48B5BB867363770DD1B3-PDF_INVOICE-50737256-e670-4f23-8398-997e8b2a002c.pdf
2025-11-21 17:43:26,516 [INFO] modules.pdf_reader - Iniciando processamento do arquivo C:\ProjetosDev\project\data\input\_EEF64C22398444B18C78DFB01C251CD1-PDF_INVOICE-4ddac302-3e36-432b-a59f-a74dd99f82ee.pdf
2025-11-21 17:43:26,563 [INFO] modules.pdf_reader - Texto extraido de C:\ProjetosDev\project\data\input\_EEF64C22398444B18C78DFB01C251CD1-PDF_INVOICE-4ddac302-3e36-432b-a59f-a74dd99f82ee.pdf com PyMuPDF (1817 caracteres).
2025-11-21 17:43:26,741 [INFO] modules.pdf_reader - Iniciando processamento do arquivo C:\ProjetosDev\project\data\input\_F6F7E8532BB24D96BECDFE4DF2AE536D-PDF_INVOICE-161cd88c-6329-4cd3-8871-abf3cb4da80b.pdf
2025-11-21 17:43:26,784 [INFO] modules.pdf_reader - Texto extraido de C:\ProjetosDev\project\data\input\_F6F7E8532BB24D96BECDFE4DF2AE536D-PDF_INVOICE-161cd88c-6329-4cd3-8871-abf3cb4da80b.pdf com PyMuPDF (1891 caracteres).
2025-11-21 17:43:26,948 [INFO] modules.pdf_reader - Executando OCR na pagina 1 do arquivo C:\ProjetosDev\project\data\input\_DF3F95B304774E74AD58D8FA9816C61E-PDF_INVOICE-e3db61ac-f3ad-41bb-ad0f-66edc6060f97.pdf
2025-11-21 17:43:27,005 [INFO] modules.ocr_handler - Processando OCR na pagina 1 do arquivo: _E911119713BC47FAAEE5988B0753999C-PDF_INVOICE-83cbae19-cd34-40ab-8bbe-aac5f9339fbb.pdf
2025-11-21 17:43:31,049 [INFO] modules.pdf_reader - Iniciando processamento do arquivo C:\ProjetosDev\project\data\input\_E911119713BC47FAAEE5988B0753999C-PDF_INVOICE-83cbae19-cd34-40ab-8bbe-aac5f9339fbb.pdf
2025-11-21 17:43:31,113 [INFO] modules.pdf_reader - Texto extraido de C:\ProjetosDev\project\data\input\_E911119713BC47FAAEE5988B0753999C-PDF_INVOICE-83cbae19-cd34-40ab-8bbe-aac5f9339fbb.pdf com PyMuPDF (0 caracteres).
2025-11-21 17:43:31,114 [WARNING] modules.pdf_reader - Nenhum texto encontrado no PDF C:\ProjetosDev\project\data\input\_E911119713BC47FAAEE5988B0753999C-PDF_INVOICE-83cbae19-cd34-40ab-8bbe-aac5f9339fbb.pdf. Tentando OCR...
2025-11-21 17:43:32,946 [INFO] modules.pdf_reader - Executando OCR na pagina 1 do arquivo C:\ProjetosDev\project\data\input\_E911119713BC47FAAEE5988B0753999C-PDF_INVOICE-83cbae19-cd34-40ab-8bbe-aac5f9339fbb.pdf
