2025-11-21 17:41:07,711 [INFO] __main__ - Total de arquivos encontrados: 100
2025-11-21 17:41:07,711 [INFO] __main__ - Processando lote 1 com 100 arquivos...
2025-11-21 17:41:16,006 [INFO] __main__ - _02A635A7D105465CBA3F71354C1125D7-PDF_INVOICE-11fb885a-6ce8-4b62-936c-f73cf0cb5021.pdf -> SAO PAULO
HTTPS
2025-11-21 17:41:16,027 [INFO] __main__ - _02A635A7D105465CBA3F71354C1125D7-PDF_INVOICE-df1c4f32-87f8-4c5a-89ec-a35914a510bf.pdf -> SAO PAULO
HTTPS
2025-11-21 17:41:16,045 [INFO] __main__ - _045C15DAFF744847A1D73E32C40E300B-PDF_INVOICE-efa3b5ec-4ac6-4639-8c07-5e0a7f32e12a.pdf -> SAO PAULO
HTTPS
2025-11-21 17:41:16,108 [INFO] __main__ - _0106CB75ABC5460FA421EF0127779964-PDF_INVOICE-85e06ddb-9030-4981-89ec-9f15a6130b88.pdf -> SAO PAULO
HTTPS
2025-11-21 17:41:16,153 [INFO] __main__ - _01A50C7BED0B4ABAA165AC44A99BED20-PDF_INVOICE-1c1fb4c6-b75f-4b7e-b3a3-74f7a39a7f12.pdf -> DISTRITO FEDERAL 
SECRETARIA DE ESTADO DE ECONOMIA DO DISTRITO FEDERAL 
FONE
2025-11-21 17:41:16,182 [INFO] __main__ - _0584E1395E3E43A8A5D7CF9C99287667-PDF_INVOICE-a2374ea2-afeb-4a95-bf73-7658ec944bca.pdf -> SAO BERNARDO DO CAMPO
SECRETARIA DE FINANCAS
NOTA FISCAL DE SERVICOS ELETRONICA
2025-11-21 17:41:16,231 [INFO] __main__ - _16976ECDC8394192B74B219216A7F59C-PDF_INVOICE-4db1cb70-6cf5-4e51-a9f0-0b9ef4ea3197.pdf -> SAO PAULO
HTTPS
2025-11-21 17:41:16,359 [INFO] __main__ - _235E38AFCD3B42BE9BDC9AF34E9D4F43-PDF_INVOICE-d6462a5d-dab2-492c-8844-09f9d1f351a9.pdf -> SAO PAULO
HTTPS
2025-11-21 17:41:16,611 [INFO] __main__ - _0BBA5EE5CCB546409EC6E361FD84639D-PDF_INVOICE-d0308de4-625c-493e-bddb-a3796fd1c83c.pdf -> DA ESTANCIA TURISTICA DE ITU
SECRETARIA MUNICIPAL DE FINANCAS
TIPO RPS
NOTA FISCAL DE SERVICO ELETRONICA
2025-11-21 17:41:51,241 [INFO] __main__ - _219653D7C4DC474E9928D07042690709-PDF_INVOICE-429a2a0a-a3f8-4737-8945-86a935675623.pdf -> SAO PAULO
2025-11-21 17:41:51,433 [INFO] __main__ - _2A31523FA46F470A99961B10D547AB7C-PDF_INVOICE-27934114-0628-4e83-b26b-e0607a07a3f6.pdf -> SAO PAULO
HTTPS
2025-11-21 17:41:52,740 [INFO] __main__ - _2C5F00604B0A4D3BB1BDDE327CD6C3FE-PDF_INVOICE-4dc1b0d7-1c57-48b4-8a28-41b7e58e24d2.pdf -> Desconhecido
2025-11-21 17:41:52,992 [INFO] __main__ - _1A96975F209047ECA91D0D5399DA4762-PDF_INVOICE-953df8e2-03a5-48d8-ac1e-4e581424d7ea.pdf -> SAO PAULO
2025-11-21 17:41:53,180 [INFO] __main__ - _2FEC4B5383E9497092BB180003BA3399-PDF_INVOICE-58c16fa5-2a36-40a7-b058-27b06f47913b.pdf -> SAO PAULO
HTTPS
2025-11-21 17:41:53,361 [INFO] __main__ - _2C9B263021DC4D8689B490EAA1210824-PDF_INVOICE-deade5b5-e4c2-4967-bdc9-f8e563832e08.pdf -> DE GUARULHOS
SECRETARIA DE FINANCAS
2025-11-21 17:41:53,499 [INFO] __main__ - _0F3D5FAA59C34524A74775AC98709C30-PDF_INVOICE-d0f9952b-0778-4ed8-8e41-f56533cf8e31.pdf -> SAO PAULO
2025-11-21 17:41:53,898 [INFO] __main__ - _33FA68D97EF644A68BCDC6EFF77602AA-PDF_INVOICE-0a94727e-e007-4315-95fa-e65254412930.pdf -> CAMPINAS
SECRETARIA MUNICIPAL DE FINANCAS
NFSE CAMPINAS
2025-11-21 17:41:54,025 [INFO] __main__ - _29D982A61E394C00A0B87E8324B65648-PDF_INVOICE-e59a34f8-b25f-4d6b-8b2b-3a42c4f119a2.pdf -> SAO PAULO
2025-11-21 17:41:54,086 [INFO] __main__ - _3864067B1FD143F398DC0572D8F2F856-PDF_INVOICE-baaa571c-6760-487b-8ff0-c564387d4d45.pdf -> CAUCAIA
NFSE
DISCRIMINACAO DE SERVICOS
SERVICOS DE ENTREGAS DE PACOTES
2025-11-21 17:41:54,093 [INFO] __main__ - _37277A0C2ADA493CB7C0B9CFBEA7AD92-PDF_INVOICE-d5cf3ac6-0223-4e6e-a658-027a13156495.pdf -> CAUCAIA
NFSE
DISCRIMINACAO DE SERVICOS
SERVICOS DE ENTREGAS DE PACOTES
2025-11-21 17:41:54,248 [INFO] __main__ - _3DE51A617E4E4CDB8F99A60FC7870831-PDF_INVOICE-9ce88529-9f6f-4060-b8da-bf707bed7248.pdf -> SAO PAULO
HTTPS
2025-11-21 17:41:56,524 [INFO] __main__ - _20BDEB95DA394568ADB572A615FFB5BE-PDF_INVOICE-0d673a2d-63bb-492b-89cc-1161c76e77e5.pdf -> MUNICIPIO DE SAO PAULO
2025-11-21 17:41:56,926 [INFO] __main__ - _44F682E863024D2090E54A35F1D80658-PDF_INVOICE-16168a83-3e46-49d2-b422-23ea2b5e6987.pdf -> DE SAO JOSE DOS PINHAIS
SECRETARIA DE FINANCAS
NOTA FISCAL ELETRONICA DE SERVICO
2025-11-21 17:41:59,466 [INFO] __main__ - _270048EC1F6645B99763F6D4B666BCA3-PDF_INVOICE-88c67f93-33e0-450d-b6ba-66eb83943447.pdf -> RIO DE JANEIRO
2025-11-21 17:41:59,577 [INFO] __main__ - _45D80E3B295E4425A47653688372D4C2-PDF_INVOICE-ea687321-83db-433d-9924-7926c1d7d490.pdf -> SAO PAULO
HTTPS
2025-11-21 17:41:59,754 [INFO] __main__ - _4B8CA8ED218A4DDF83E10C21B205F2AF-PDF_INVOICE-2683f380-db10-4d0e-84db-223033bbdd7e.pdf -> SAO PAULO
HTTPS
2025-11-21 17:42:00,113 [INFO] __main__ - _1A96975F209047ECA91D0D5399DA4762-PDF_INVOICE-55f75bfb-5d88-4461-aac7-e8691cfc269f.pdf -> SAO PAULO
2025-11-21 17:42:00,222 [INFO] __main__ - _4E64BD7DAE224B7F82BC4A2C449696AD-PDF_INVOICE-9aa69647-678b-41cb-99c2-780da5e3fea7.pdf -> Desconhecido
2025-11-21 17:42:00,256 [INFO] __main__ - _0B8D6F4A0DE647F5A9099406491F0DAE-PDF_INVOICE-15553fc4-3543-4c33-a030-aa49a7c5d250.pdf -> SAO PAULO
2025-11-21 17:42:00,290 [INFO] __main__ - _4FB023B92CDB44E08350210B0BF28504-PDF_INVOICE-c4918bf4-129b-4bd2-bebc-75aac71028cc.pdf -> SAO PAULO
HTTPS
2025-11-21 17:42:00,574 [INFO] __main__ - _5354588D693741CAB8DB430EF476C0AD-PDF_INVOICE-89d933bc-eaa1-46ed-8e82-53a9ed659549.pdf -> DE FORTALEZA
SECRETARIA MUNICIPAL DAS FINANCAS
NOTA FISCAL ELETRONICA DE SERVICO
2025-11-21 17:42:00,871 [INFO] __main__ - _535F4FB7FE5A417186C3CD0DEBE284A6-PDF_INVOICE-485d7312-5213-4668-9475-f63f012560aa.pdf -> DE FORTALEZA
SECRETARIA MUNICIPAL DAS FINANCAS
NOTA FISCAL ELETRONICA DE SERVICO
2025-11-21 17:42:00,982 [INFO] __main__ - _5354588D693741CAB8DB430EF476C0AD-PDF_INVOICE-c1b42706-753f-4348-b415-bedcffa573b4.pdf -> DE FORTALEZA
SECRETARIA MUNICIPAL DAS FINANCAS
NOTA FISCAL ELETRONICA DE SERVICO
2025-11-21 17:42:01,004 [INFO] __main__ - _588A123575B547FC9B5964FA1A5593E6-PDF_INVOICE-b1ae794f-dab0-4f8c-b67f-e8f8ec307aa0.pdf -> SAO PAULO
HTTPS
2025-11-21 17:42:01,509 [INFO] __main__ - _58F138A050CC49E9BB9A89CC43991DE7-PDF_INVOICE-313509aa-90b9-40c0-a7df-6a67074c3550.pdf -> DA ESTANCIA TURISTICA DE ITU
SECRETARIA MUNICIPAL DE FINANCAS
TIPO RPS
NOTA FISCAL DE SERVICO ELETRONICA
2025-11-21 17:42:01,831 [INFO] __main__ - _61B69366E9F44A19B584CE6E09513AE2-PDF_INVOICE-d13742ea-2b12-458e-aa9b-f131f7ea40c0.pdf -> DE TABOAO DA SERRA
NOTA FISCAL ELETRONICA DE SERVICOS
2025-11-21 17:42:01,999 [INFO] __main__ - _62AFAE46D4C448E7BECE13D42340910A-PDF_INVOICE-7689d8c3-b19b-4086-91bf-707425cd43a3.pdf -> SAO PAULO
HTTPS
2025-11-21 17:42:02,355 [INFO] __main__ - _6625E123B63B481197289C7BA296EF99-PDF_INVOICE-18226f63-0069-4d96-82a1-d2065c345cc2.pdf -> SAO BERNARDO DO CAMPO
SECRETARIA DE FINANCAS
NOTA FISCAL DE SERVICOS ELETRONICA
2025-11-21 17:42:02,450 [INFO] __main__ - _6A64ADE2DEB64EBCA87D15AABBC7A00D-PDF_INVOICE-ca9cb1f7-54ee-41e5-8d28-df36b788fbd1.pdf -> SAO PAULO
HTTPS
2025-11-21 17:42:20,429 [INFO] __main__ - _4413465D0D704792A7BB0E62A05EF5CC-PDF_INVOICE-6e1264ac-3752-463c-895a-53b8382cf6f6.pdf -> SAO PAULO
2025-11-21 17:42:20,764 [INFO] __main__ - _6D8C0B15EA97404582F6DAB9BD4A6B0E-PDF_INVOICE-3b33567e-b3e8-47e9-b81d-e7856186a039.pdf -> DE GOIANIA
2025-11-21 17:42:20,889 [INFO] __main__ - _6DFB1D50D4BA4625942BE8768FB61565-PDF_INVOICE-007c1b84-a07d-4210-8af2-f735112c9eeb.pdf -> SAO PAULO
HTTPS
2025-11-21 17:42:21,471 [INFO] __main__ - _6FC778A27661461D9A24C8AED414C115-PDF_INVOICE-c496f8d8-f49f-42ac-9619-972973dd61ee.pdf -> SAO PAULO
HTTPS
2025-11-21 17:42:21,746 [INFO] __main__ - _70342D4170834724ADAAEA8247683245-PDF_INVOICE-f951233d-4656-4383-ab87-c072203ddfa9.pdf -> SAO PAULO
HTTPS
2025-11-21 17:42:22,018 [INFO] __main__ - _7108FC7F4AB34D84B24590B50DFFED31-PDF_INVOICE-0fa7dcf2-5bee-46ff-8a22-d4940226b994.pdf -> SAO PAULO
HTTPS
2025-11-21 17:42:23,349 [INFO] __main__ - _5579C7E9E8CF46968765178EE7D1593C-PDF_INVOICE-c3f729f6-6fe9-4f48-82f4-0bc8e93b69c7.pdf -> SAO PAULO
2025-11-21 17:42:23,687 [INFO] __main__ - _7732B8CCC5684A96B395B3F9F9FFFB24-PDF_INVOICE-edf41acc-dbf2-40fc-b3ae-f017730611ff.pdf -> DE SAO JOSE DOS PINHAIS
SECRETARIA DE FINANCAS
NOTA FISCAL ELETRONICA DE SERVICO
2025-11-21 17:42:23,865 [INFO] __main__ - _3C92F5E2FF694EA5955558F9D2009A7D-PDF_INVOICE-1344cec9-4599-4c20-a9b0-c243f8038484.pdf -> SAO PAULO
2025-11-21 17:42:23,945 [INFO] __main__ - _79FEB4E23415401F913CFC6AEE6CCF9B-PDF_INVOICE-3ed844dc-fa70-480e-b2f2-e8bc98411ee7.pdf -> SAO PAULO
HTTPS
2025-11-21 17:42:24,366 [INFO] __main__ - _45257F5B0EF14257B4117627B7EA04ED-PDF_INVOICE-861a511b-56d7-4647-949e-e11d31f2c4d9.pdf -> SAO PAULO
2025-11-21 17:42:26,476 [INFO] __main__ - _5B657542D4434DAF85131151BFABE67D-PDF_INVOICE-f220ce09-fb6d-4a9f-a0d1-6d0e88460b25.pdf -> SAO PAULO
2025-11-21 17:42:26,777 [INFO] __main__ - _8F1ED64F00DE474B8049F1E48A7C2F05-PDF_INVOICE-4c6a7c05-c03b-45dc-8b71-93dda01825dd.pdf -> SAO PAULO
HTTPS
2025-11-21 17:42:27,408 [INFO] __main__ - _921CAD8DDAE045EEBA02498DC40352B4-PDF_INVOICE-1d9e1e42-ed42-4875-ba44-8dd9311c7b6e.pdf -> SALTO
SECRETARIA DE FINANCAS
2025-11-21 17:42:29,220 [INFO] __main__ - _419D9375D3414CCE9636FBC027662109-PDF_INVOICE-18a34f2b-00d5-4d4b-9fb6-5f0b0ed7d0fe.pdf -> SAO PAULO
2025-11-21 17:42:29,743 [INFO] __main__ - _997998CF57004191AEB1E03ACB3F7756-PDF_INVOICE-6537a4ec-efbe-4f56-98d3-c8278affb9a2.pdf -> CAUCAIA
NFSE
DISCRIMINACAO DE SERVICOS
PERIODO DE
2025-11-21 17:42:30,783 [INFO] __main__ - _9A11B2B38FEB40508911E4245484E4A3-PDF_INVOICE-00308bd6-fccd-4190-a20b-aa8a788dbe18.pdf -> DE FORTALEZA
SECRETARIA MUNICIPAL DAS FINANCAS
NOTA FISCAL ELETRONICA DE SERVICO
2025-11-21 17:42:30,795 [INFO] __main__ - _3A860D8A6F684B85B530C8ACBD2D1388-PDF_INVOICE-e3b5fc3c-32ad-49c0-bf97-dc9ec15110ba.pdf -> SAO PAULO
2025-11-21 17:42:31,137 [INFO] __main__ - _9B4E93220D15472B8C0438A6B0753795-PDF_INVOICE-462238fa-623d-4efe-8de4-afd2b40db004.pdf -> DE TABOAO DA SERRA
NOTA FISCAL ELETRONICA DE SERVICOS
2025-11-21 17:42:31,730 [INFO] __main__ - _A2C840A144DD47B2B8AB393954DA74C9-PDF_INVOICE-3a6d8a72-830a-4d70-a05f-6ebef06ec76f.pdf -> DISTRITO FEDERAL 
SECRETARIA DE ESTADO DE ECONOMIA DO DISTRITO FEDERAL 
FONE
2025-11-21 17:42:32,118 [INFO] __main__ - _A38CC5CE872E46ECB5BA5A4830C43EAC-PDF_INVOICE-bd7cb4f1-c43e-40f8-a874-5f74857fd49f.pdf -> SAO PAULO
HTTPS
2025-11-21 17:42:32,540 [INFO] __main__ - _A3BC0D0350394C2E8B0CD3FE1FA3D3CC-PDF_INVOICE-e8ebd684-5073-4128-a8ec-5ae564fcbd06.pdf -> ENTREGA DE PACOTE
RUA SENADOR NILO COELHO
2025-11-21 17:42:35,193 [INFO] __main__ - _6D45047296F842BF82A6C456F5BB97A6-PDF_INVOICE-941f3629-96d0-4c77-a2e0-622cd9ee09a4.pdf -> SAO PAULO
2025-11-21 17:42:50,357 [INFO] __main__ - _85D2E87FBBF348F7A36CD95BC96C9CC9-PDF_INVOICE-9bf7149d-0eb8-4a48-9724-67e909b1f478.pdf -> SAO PAULO
2025-11-21 17:42:53,080 [INFO] __main__ - _723C1E64FC3147C4AE26CCA11933A5A2-PDF_INVOICE-c20157ce-1161-4341-b561-c3bafa4fc9a8.pdf -> SAO PAULO
2025-11-21 17:42:54,046 [INFO] __main__ - _89A38C55E399443588F72A92FEDE9767-PDF_INVOICE-9024dd31-9ec1-4833-bf16-a9fc8ab9514c.pdf -> SAO PAULO
2025-11-21 17:42:56,533 [INFO] __main__ - _AD2187181A084C7AB6443BBCFCB56FF6-PDF_INVOICE-a3cc3b90-9cba-40e4-877f-bc1e89671214.pdf -> 
2025-11-21 17:42:56,879 [INFO] __main__ - _B143F0AABBEB47CCB77B786D9FD81EF2-PDF_INVOICE-8dc4ea10-f211-4e39-b5e6-3813f872a716.pdf -> SAO PAULO
HTTPS
2025-11-21 17:42:59,178 [INFO] __main__ - _815E0BE906964204B7094D93C3E96CBB-PDF_INVOICE-0ed3b36e-3c7f-4285-9b9d-56a7ddf148e1.pdf -> SAO PAULO
2025-11-21 17:42:59,439 [INFO] __main__ - _B6064AF5E4FC41EFA8C1B48FE30012EE-PDF_INVOICE-c31256e4-08a9-4f94-a911-caf8932ebc91.pdf -> SAO PAULO
HTTPS
2025-11-21 17:43:01,969 [INFO] __main__ - _97255D3F009B479DA981C542807F39AD-PDF_INVOICE-ebeaf441-b74b-4ca3-99e0-dc3a814c84ff.pdf -> SAO PAULO
2025-11-21 17:43:04,662 [INFO] __main__ - _A6223AC50F844C50A177EA66760B5D83-PDF_INVOICE-7cbd72d6-c573-49ea-8133-bc76f1bf1ec3.pdf -> SAO PAULO
2025-11-21 17:43:06,900 [INFO] __main__ - _AAD971A756434A0C8351034A8E00B142-PDF_INVOICE-a74ca1aa-c2de-48b3-b3e0-b7636ecbd5e9.pdf -> SAO PAULO
2025-11-21 17:43:11,880 [INFO] __main__ - _9E59391048824DD188B30F68D77CC30A-PDF_INVOICE-00980567-f6c2-4815-895b-4bfd58045b9a.pdf -> DE GUARULHOS NUMERO DA
SECRETARIA DE FINANCAS NFS
2025-11-21 17:43:12,170 [INFO] __main__ - _C17055289D604C54941F7E733F3F415D-PDF_INVOICE-f35cfdb7-f666-4371-bff9-4d4eeefa9781.pdf -> SAO PAULO
HTTPS
2025-11-21 17:43:12,962 [INFO] __main__ - _C5ED05BD47E44564B01E2C1CD7E6F408-PDF_INVOICE-d34c04c2-50df-467a-9019-f001363f9fb8.pdf -> CAMPINAS
SECRETARIA MUNICIPAL DE FINANCAS
NFSE CAMPINAS
2025-11-21 17:43:13,039 [INFO] __main__ - _B093F9E51660477488E44B220B77BE40-PDF_INVOICE-5bf19380-21ec-46a0-8b4f-7f75f606e686.pdf -> ENDERECO AMAZON
2025-11-21 17:43:13,346 [INFO] __main__ - _CCB9DFD30E394A6EB94C11C90061C371-PDF_INVOICE-eeb9203a-caaf-47a7-9aca-efea430eb4d4.pdf -> SAO PAULO
HTTPS
2025-11-21 17:43:13,862 [INFO] __main__ - _D20107B4EB4B4D56B529F8C7C528F5AD-PDF_INVOICE-4ee71ea8-1714-4266-bcb0-8a0f7a5a3261.pdf -> DE FORTALEZA
SECRETARIA MUNICIPAL DAS FINANCAS
NOTA FISCAL ELETRONICA DE SERVICO
2025-11-21 17:43:14,187 [INFO] __main__ - _D2A2E29BF2BF4207A0C68C708C587DC7-PDF_INVOICE-bd8fd754-e1e6-4657-9840-77b01829cbfb.pdf -> SAO PAULO
HTTPS
2025-11-21 17:43:14,665 [INFO] __main__ - _D2ECA1F8CA494D11A22CC1A6D119063D-PDF_INVOICE-9398009f-a289-492e-8372-eb5b068c650c.pdf -> DE CONTAGEM
SECRETARIA MUNICIPAL DE FAZENDA
2025-11-21 17:43:14,864 [INFO] __main__ - _D45E8635A4084CB79A478B7C981A27D0-PDF_INVOICE-0145e6a9-db7f-44ab-950a-6bc4756dc55a.pdf -> SAO PAULO
HTTPS
2025-11-21 17:43:15,043 [INFO] __main__ - _D49987AEFCD24C998D041A7A2DD09DD5-PDF_INVOICE-c38abd4a-5ee4-4c80-828e-3bd22eefe4db.pdf -> SAO PAULO
HTTPS
2025-11-21 17:43:15,270 [INFO] __main__ - _D49987AEFCD24C998D041A7A2DD09DD5-PDF_INVOICE-e027134f-34c1-4505-820d-410e25b19831.pdf -> SAO PAULO
HTTPS
2025-11-21 17:43:18,824 [INFO] __main__ - _B093F9E51660477488E44B220B77BE40-PDF_INVOICE-a94405de-128f-40d4-8ea5-1d03bd7be99f.pdf -> ENDERECO AMAZON
2025-11-21 17:43:18,976 [INFO] __main__ - _DA7E7BF29B124955A72835A7EBE6FBE9-PDF_INVOICE-5eae27d4-58f1-476b-aab4-eed68fc81385.pdf -> SAO PAULO
HTTPS
2025-11-21 17:43:19,120 [INFO] __main__ - _DA7E7BF29B124955A72835A7EBE6FBE9-PDF_INVOICE-646fd2df-4e84-49f1-9e2f-2d039009a22d.pdf -> SAO PAULO
HTTPS
2025-11-21 17:43:23,772 [INFO] __main__ - _B2D11E6AC93D42489FEE6887BC92AD48-PDF_INVOICE-a7d0953f-24db-4aad-a6d6-c9f6e8029856.pdf -> SAO PAULO
2025-11-21 17:43:24,576 [INFO] __main__ - _E3AFFFC207884575AF2CE98B03605E34-PDF_INVOICE-c268563d-0b21-472e-912d-93d73be9cf6b.pdf -> CAMPINAS
SECRETARIA MUNICIPAL DE FINANCAS
NFSE CAMPINAS
2025-11-21 17:43:25,645 [INFO] __main__ - _B7F27B55CB89422182682619E6C6F987-PDF_INVOICE-e4cd8d08-1a30-42df-924a-8c48564c966a.pdf -> SAO PAULO
2025-11-21 17:43:26,093 [INFO] __main__ - _ED16CB6232434062A048754A3F753B01-PDF_INVOICE-78841e47-856d-494f-915f-3eddb4086526.pdf -> DE GUARULHOS
SECRETARIA DE FINANCAS
2025-11-21 17:43:26,327 [INFO] __main__ - _ED3B49E003D04A1B88ECFE4E0BAF7DF0-PDF_INVOICE-76bf7bb0-bc2f-4789-bb6d-96e9c1360b51.pdf -> DE TABOAO DA SERRA
NOTA FISCAL ELETRONICA DE SERVICOS
2025-11-21 17:43:26,572 [INFO] __main__ - _EEF64C22398444B18C78DFB01C251CD1-PDF_INVOICE-4ddac302-3e36-432b-a59f-a74dd99f82ee.pdf -> LAURO DE FREITAS
DATA E HORA DE EMISSAO
2025-11-21 17:43:26,795 [INFO] __main__ - _F6F7E8532BB24D96BECDFE4DF2AE536D-PDF_INVOICE-161cd88c-6329-4cd3-8871-abf3cb4da80b.pdf -> DE TABOAO DA SERRA
NOTA FISCAL ELETRONICA DE SERVICOS
2025-11-21 17:43:30,374 [INFO] __main__ - _BCD5A7E6564B4E3482BE4129D4E5C6FE-PDF_INVOICE-c1bf4cf0-0b01-4ced-a6d6-a1ca034e6771.pdf -> SAO PAULO
2025-11-21 17:43:34,697 [INFO] __main__ - _B9FB54EB83FF4060968D62659BAA5190-PDF_INVOICE-cf9d5787-7484-494e-81b2-ac8e02d5e10b.pdf -> SAO PAULO
2025-11-21 17:43:36,077 [INFO] __main__ - _D516694FB3654EFE8F7C08F612E97FCC-PDF_INVOICE-b607cc1a-ec9d-4a2c-8076-6699303c9c29.pdf -> MUNICIPIO DE SAO PAULO
2025-11-21 17:43:37,240 [INFO] __main__ - _DF3F95B304774E74AD58D8FA9816C61E-PDF_INVOICE-e3db61ac-f3ad-41bb-ad0f-66edc6060f97.pdf -> SAO PAULO
2025-11-21 17:43:38,458 [INFO] __main__ - _B9B008DFBEC147FEAD6ECD311C048ABF-PDF_INVOICE-675cd626-3883-4729-b457-68edd88c83f5.pdf -> DE GUARULHOS NUMERO DA
SECRETARIA DE FINANCAS NFS
2025-11-21 17:43:38,501 [INFO] __main__ - _D2677A208DAF48B5BB867363770DD1B3-PDF_INVOICE-50737256-e670-4f23-8398-997e8b2a002c.pdf -> MUNICIPIO DE SAO PAULO
2025-11-21 17:43:42,029 [INFO] __main__ - _E911119713BC47FAAEE5988B0753999C-PDF_INVOICE-83cbae19-cd34-40ab-8bbe-aac5f9339fbb.pdf -> SAO PAULO
2025-11-21 17:43:42,728 [INFO] __main__ - Renomeando e organizando diretorios...
