2026-06-08 18:05:55,811 [INFO] modules.pdf_reader - Iniciando processamento do arquivo C:\ProjetosDev\project\data\input\_2DD125FD7314440BA35831C5CBF81A7E-PDF_INVOICE-b84a324b-1878-4775-a9f5-63f20ec5e743.pdf
2026-06-08 18:05:55,859 [INFO] modules.pdf_reader - Texto extraido de C:\ProjetosDev\project\data\input\_2DD125FD7314440BA35831C5CBF81A7E-PDF_INVOICE-b84a324b-1878-4775-a9f5-63f20ec5e743.pdf com PyMuPDF (561 caracteres).
2026-06-08 18:05:55,988 [INFO] modules.pdf_reader - Iniciando processamento do arquivo C:\ProjetosDev\project\data\input\_4C8CB45ED328457E97AABEE4170FA046-PDF_INVOICE-c2f2817b-c070-4400-8f08-a61e20ff3815.pdf
2026-06-08 18:05:56,056 [INFO] modules.pdf_reader - Texto extraido de C:\ProjetosDev\project\data\input\_4C8CB45ED328457E97AABEE4170FA046-PDF_INVOICE-c2f2817b-c070-4400-8f08-a61e20ff3815.pdf com PyMuPDF (1848 caracteres).
2026-06-08 18:05:56,360 [INFO] modules.pdf_reader - Iniciando processamento do arquivo C:\ProjetosDev\project\data\input\_552277FFC4B440D79EEBE889502B48CB-PDF_INVOICE-655e6c48-e9f0-4e8b-8fc0-0e9b4b858a07.pdf
2026-06-08 18:05:56,442 [INFO] modules.pdf_reader - Texto extraido de C:\ProjetosDev\project\data\input\_552277FFC4B440D79EEBE889502B48CB-PDF_INVOICE-655e6c48-e9f0-4e8b-8fc0-0e9b4b858a07.pdf com PyMuPDF (555 caracteres).
2026-06-08 18:05:56,447 [INFO] modules.pdf_reader - Iniciando processamento do arquivo C:\ProjetosDev\project\data\input\_35C856D3AC4547BEA4E1EA7B2866D677-PDF_INVOICE-1f5d3719-edcf-4756-9d8a-7c35f1c37298.pdf
2026-06-08 18:05:56,483 [INFO] modules.pdf_reader - Texto extraido de C:\ProjetosDev\project\data\input\_35C856D3AC4547BEA4E1EA7B2866D677-PDF_INVOICE-1f5d3719-edcf-4756-9d8a-7c35f1c37298.pdf com PyMuPDF (563 caracteres).
2026-06-08 18:05:56,692 [INFO] modules.pdf_reader - Iniciando processamento do arquivo C:\ProjetosDev\project\data\input\_82C4FBBB21D74B3580D598807AAF7DFD-PDF_INVOICE-37bc0a87-ffff-482a-a95c-f02354fe98a2.pdf
2026-06-08 18:05:56,723 [INFO] modules.pdf_reader - Iniciando processamento do arquivo C:\ProjetosDev\project\data\input\_75F66CCD77FF4F2C94EC7F2886CD3924-PDF_INVOICE-47a4806a-2c6c-4a5f-8fc5-02beca4a1b3d.pdf
2026-06-08 18:05:56,757 [INFO] modules.pdf_reader - Texto extraido de C:\ProjetosDev\project\data\input\_82C4FBBB21D74B3580D598807AAF7DFD-PDF_INVOICE-37bc0a87-ffff-482a-a95c-f02354fe98a2.pdf com PyMuPDF (1689 caracteres).
2026-06-08 18:05:56,800 [INFO] modules.pdf_reader - Texto extraido de C:\ProjetosDev\project\data\input\_75F66CCD77FF4F2C94EC7F2886CD3924-PDF_INVOICE-47a4806a-2c6c-4a5f-8fc5-02beca4a1b3d.pdf com PyMuPDF (556 caracteres).
2026-06-08 18:05:56,946 [INFO] modules.pdf_reader - Iniciando processamento do arquivo C:\ProjetosDev\project\data\input\_8B6458573F3F4DF48A77A026D6608AE3-PDF_INVOICE-cb262173-427b-41de-ac48-ea9b20186119.pdf
2026-06-08 18:05:56,976 [INFO] modules.pdf_reader - Texto extraido de C:\ProjetosDev\project\data\input\_8B6458573F3F4DF48A77A026D6608AE3-PDF_INVOICE-cb262173-427b-41de-ac48-ea9b20186119.pdf com PyMuPDF (562 caracteres).
2026-06-08 18:05:57,161 [INFO] modules.pdf_reader - Iniciando processamento do arquivo C:\ProjetosDev\project\data\input\_A6386FEA15E54FF5B5DAF53EB57A51A1-PDF_INVOICE-3b02d8db-ddfe-400e-a7b3-a1d54a716d09.pdf
2026-06-08 18:05:57,173 [INFO] modules.pdf_reader - Texto extraido de C:\ProjetosDev\project\data\input\_A6386FEA15E54FF5B5DAF53EB57A51A1-PDF_INVOICE-3b02d8db-ddfe-400e-a7b3-a1d54a716d09.pdf com PyMuPDF (559 caracteres).
2026-06-08 18:05:57,345 [INFO] modules.pdf_reader - Iniciando processamento do arquivo C:\ProjetosDev\project\data\input\_BAAACF5022E44EFB8617A820A641494B-PDF_INVOICE-6bd97118-1179-4966-8d52-c4123a6e49ec.pdf
2026-06-08 18:05:57,376 [INFO] modules.pdf_reader - Iniciando processamento do arquivo C:\ProjetosDev\project\data\input\_DC25C4358514439AB573C845428A70DF-PDF_INVOICE-8b5a07b3-e290-4fe1-b062-6cdf7d9a89b1.pdf
2026-06-08 18:05:57,388 [INFO] modules.pdf_reader - Texto extraido de C:\ProjetosDev\project\data\input\_DC25C4358514439AB573C845428A70DF-PDF_INVOICE-8b5a07b3-e290-4fe1-b062-6cdf7d9a89b1.pdf com PyMuPDF (564 caracteres).
2026-06-08 18:05:57,435 [INFO] modules.pdf_reader - Texto extraido de C:\ProjetosDev\project\data\input\_BAAACF5022E44EFB8617A820A641494B-PDF_INVOICE-6bd97118-1179-4966-8d52-c4123a6e49ec.pdf com PyMuPDF (3447 caracteres).
2026-06-08 18:05:57,569 [INFO] modules.pdf_reader - Iniciando processamento do arquivo C:\ProjetosDev\project\data\input\_EC3D1DA77EFD4AB18EDBC5497FB8C49D-PDF_INVOICE-9f44f848-3111-4216-886a-c9eec3845aea.pdf
2026-06-08 18:05:57,618 [INFO] modules.pdf_reader - Texto extraido de C:\ProjetosDev\project\data\input\_EC3D1DA77EFD4AB18EDBC5497FB8C49D-PDF_INVOICE-9f44f848-3111-4216-886a-c9eec3845aea.pdf com PyMuPDF (1743 caracteres).
2026-06-08 18:05:57,795 [INFO] modules.pdf_reader - Iniciando processamento do arquivo C:\ProjetosDev\project\data\input\_F05B343A21DE464B8BB39E76FDF36FA2-PDF_INVOICE-22956713-4204-4a47-a5ed-6b723e4fb53b.pdf
2026-06-08 18:05:57,902 [INFO] modules.pdf_reader - Texto extraido de C:\ProjetosDev\project\data\input\_F05B343A21DE464B8BB39E76FDF36FA2-PDF_INVOICE-22956713-4204-4a47-a5ed-6b723e4fb53b.pdf com PyMuPDF (1136 caracteres).
2026-06-08 18:05:58,270 [INFO] modules.pdf_reader - Iniciando processamento do arquivo C:\ProjetosDev\project\data\input\_F9DECE189E4C4A8AA54B9322BD0C5CFD-PDF_INVOICE-7061daa9-c087-4f93-b504-a2c833ac8fa6.pdf
2026-06-08 18:05:58,450 [INFO] modules.pdf_reader - Texto extraido de C:\ProjetosDev\project\data\input\_F9DECE189E4C4A8AA54B9322BD0C5CFD-PDF_INVOICE-7061daa9-c087-4f93-b504-a2c833ac8fa6.pdf com PyMuPDF (2074 caracteres).
