2026-06-10 11:02:16,388 [INFO] modules.pdf_reader - Iniciando processamento do arquivo C:\ProjetosDev\project\data\input\_04F83927B58D4F42B863ED37E7722A11-PDF_INVOICE-8641d86a-6caa-42d8-af67-0431efaa6309.pdf
2026-06-10 11:02:16,654 [INFO] modules.pdf_reader - Texto extraido de C:\ProjetosDev\project\data\input\_04F83927B58D4F42B863ED37E7722A11-PDF_INVOICE-8641d86a-6caa-42d8-af67-0431efaa6309.pdf com PyMuPDF (562 caracteres).
2026-06-10 11:02:16,699 [WARNING] PyPDF2._reader - incorrect startxref pointer(1)
2026-06-10 11:02:16,720 [INFO] modules.pdf_reader - Iniciando processamento do arquivo C:\ProjetosDev\project\data\input\_2211D3FA878D42F1AE56B97AE240B610-PDF_INVOICE-7dc6a73a-a368-43c9-b91e-4078394da243.pdf
2026-06-10 11:02:16,733 [INFO] modules.pdf_reader - Iniciando processamento do arquivo C:\ProjetosDev\project\data\input\_0D071CDAA1B241CD9A098A16D6647E47-PDF_INVOICE-bdb109e7-8f18-4731-84d1-db902b19b864.pdf
2026-06-10 11:02:16,799 [INFO] modules.pdf_reader - Texto extraido de C:\ProjetosDev\project\data\input\_0D071CDAA1B241CD9A098A16D6647E47-PDF_INVOICE-bdb109e7-8f18-4731-84d1-db902b19b864.pdf com PyMuPDF (1844 caracteres).
2026-06-10 11:02:16,811 [INFO] modules.pdf_reader - Texto extraido de C:\ProjetosDev\project\data\input\_2211D3FA878D42F1AE56B97AE240B610-PDF_INVOICE-7dc6a73a-a368-43c9-b91e-4078394da243.pdf com PyMuPDF (1558 caracteres).
2026-06-10 11:02:16,856 [INFO] modules.pdf_reader - Iniciando processamento do arquivo C:\ProjetosDev\project\data\input\_08634270462448BFB60C423FD39F76E1-PDF_INVOICE-4c4dc35f-9100-441c-913a-41435033ea72.pdf
2026-06-10 11:02:16,940 [INFO] modules.pdf_reader - Iniciando processamento do arquivo C:\ProjetosDev\project\data\input\_1C7B1728D1AB4C33B1E121BBE17F3D02-PDF_INVOICE-1ec63c9a-9a0f-42f2-bde7-296d08114cb3.pdf
2026-06-10 11:02:16,949 [INFO] modules.pdf_reader - Iniciando processamento do arquivo C:\ProjetosDev\project\data\input\_26F2EEE90C7F4D5185EC8D71261FD5E9-PDF_INVOICE-fe65386c-9424-4505-b80b-cc2a52d0654f.pdf
2026-06-10 11:02:16,958 [INFO] modules.pdf_reader - Texto extraido de C:\ProjetosDev\project\data\input\_08634270462448BFB60C423FD39F76E1-PDF_INVOICE-4c4dc35f-9100-441c-913a-41435033ea72.pdf com PyMuPDF (567 caracteres).
2026-06-10 11:02:16,975 [INFO] modules.pdf_reader - Texto extraido de C:\ProjetosDev\project\data\input\_26F2EEE90C7F4D5185EC8D71261FD5E9-PDF_INVOICE-fe65386c-9424-4505-b80b-cc2a52d0654f.pdf com PyMuPDF (2358 caracteres).
2026-06-10 11:02:17,004 [INFO] modules.pdf_reader - Texto extraido de C:\ProjetosDev\project\data\input\_1C7B1728D1AB4C33B1E121BBE17F3D02-PDF_INVOICE-1ec63c9a-9a0f-42f2-bde7-296d08114cb3.pdf com PyMuPDF (638 caracteres).
2026-06-10 11:02:17,022 [INFO] modules.pdf_reader - Iniciando processamento do arquivo C:\ProjetosDev\project\data\input\_25426781519049C79C8D8AC739376198-PDF_INVOICE-2d499ece-281e-4b5a-acf8-d47aca93d29f.pdf
2026-06-10 11:02:17,049 [INFO] modules.pdf_reader - Texto extraido de C:\ProjetosDev\project\data\input\_25426781519049C79C8D8AC739376198-PDF_INVOICE-2d499ece-281e-4b5a-acf8-d47aca93d29f.pdf com PyMuPDF (2361 caracteres).
2026-06-10 11:02:17,095 [INFO] modules.pdf_reader - Iniciando processamento do arquivo C:\ProjetosDev\project\data\input\_31A2D0B31D1B4D14873E65042274AF2A-PDF_INVOICE-f12a5805-91eb-4459-8200-e5a972abcead.pdf
2026-06-10 11:02:17,101 [INFO] modules.pdf_reader - Iniciando processamento do arquivo C:\ProjetosDev\project\data\input\_3326B087F2C24B9C9D9040C6591B498D-PDF_INVOICE-0ef752b0-cbe9-4e2d-8f17-e9e7f7f70e52.pdf
2026-06-10 11:02:17,111 [INFO] modules.pdf_reader - Texto extraido de C:\ProjetosDev\project\data\input\_3326B087F2C24B9C9D9040C6591B498D-PDF_INVOICE-0ef752b0-cbe9-4e2d-8f17-e9e7f7f70e52.pdf com PyMuPDF (1811 caracteres).
2026-06-10 11:02:17,213 [INFO] modules.pdf_reader - Texto extraido de C:\ProjetosDev\project\data\input\_31A2D0B31D1B4D14873E65042274AF2A-PDF_INVOICE-f12a5805-91eb-4459-8200-e5a972abcead.pdf com PyMuPDF (1754 caracteres).
2026-06-10 11:02:17,213 [INFO] modules.pdf_reader - Iniciando processamento do arquivo C:\ProjetosDev\project\data\input\_38719A967DD2424D9BABD48C50BA5BB3-PDF_INVOICE-8c1b9834-d3bd-42c9-9058-5ae7a1eff389.pdf
2026-06-10 11:02:17,214 [INFO] modules.pdf_reader - Iniciando processamento do arquivo C:\ProjetosDev\project\data\input\_28B0CB01831B4EF6B87BB881A7092ABD-PDF_INVOICE-c8260ff8-b2c2-40a1-8c17-bf44dc379798.pdf
2026-06-10 11:02:17,221 [INFO] modules.pdf_reader - Texto extraido de C:\ProjetosDev\project\data\input\_38719A967DD2424D9BABD48C50BA5BB3-PDF_INVOICE-8c1b9834-d3bd-42c9-9058-5ae7a1eff389.pdf com PyMuPDF (1842 caracteres).
2026-06-10 11:02:17,227 [INFO] modules.pdf_reader - Texto extraido de C:\ProjetosDev\project\data\input\_28B0CB01831B4EF6B87BB881A7092ABD-PDF_INVOICE-c8260ff8-b2c2-40a1-8c17-bf44dc379798.pdf com PyMuPDF (1695 caracteres).
2026-06-10 11:02:17,331 [INFO] modules.pdf_reader - Iniciando processamento do arquivo C:\ProjetosDev\project\data\input\_35C856D3AC4547BEA4E1EA7B2866D677-PDF_INVOICE-1f5d3719-edcf-4756-9d8a-7c35f1c37298.pdf
2026-06-10 11:02:17,362 [INFO] modules.pdf_reader - Texto extraido de C:\ProjetosDev\project\data\input\_35C856D3AC4547BEA4E1EA7B2866D677-PDF_INVOICE-1f5d3719-edcf-4756-9d8a-7c35f1c37298.pdf com PyMuPDF (563 caracteres).
2026-06-10 11:02:17,511 [INFO] modules.pdf_reader - Iniciando processamento do arquivo C:\ProjetosDev\project\data\input\_3D8CD892B1DF4D97BD692CB13655E9C8-PDF_INVOICE-6dee474a-c92d-4f27-a077-4cff61fb87ba.pdf
2026-06-10 11:02:17,537 [INFO] modules.pdf_reader - Texto extraido de C:\ProjetosDev\project\data\input\_3D8CD892B1DF4D97BD692CB13655E9C8-PDF_INVOICE-6dee474a-c92d-4f27-a077-4cff61fb87ba.pdf com PyMuPDF (632 caracteres).
2026-06-10 11:02:17,600 [INFO] modules.pdf_reader - Iniciando processamento do arquivo C:\ProjetosDev\project\data\input\_3BD7FDFA53F6429BB1E200274E5B3172-PDF_INVOICE-d7545c9c-00af-450f-a49f-1c888508554b.pdf
2026-06-10 11:02:17,717 [INFO] modules.pdf_reader - Texto extraido de C:\ProjetosDev\project\data\input\_3BD7FDFA53F6429BB1E200274E5B3172-PDF_INVOICE-d7545c9c-00af-450f-a49f-1c888508554b.pdf com PyMuPDF (2076 caracteres).
2026-06-10 11:02:17,766 [INFO] modules.pdf_reader - Iniciando processamento do arquivo C:\ProjetosDev\project\data\input\_3EB5B68446D04BCE8CE4518AEE7B261C-PDF_INVOICE-8f3f0387-0e7d-444c-a37f-d9b077d212c2.pdf
2026-06-10 11:02:17,787 [INFO] modules.pdf_reader - Texto extraido de C:\ProjetosDev\project\data\input\_3EB5B68446D04BCE8CE4518AEE7B261C-PDF_INVOICE-8f3f0387-0e7d-444c-a37f-d9b077d212c2.pdf com PyMuPDF (2078 caracteres).
2026-06-10 11:02:17,888 [INFO] modules.pdf_reader - Iniciando processamento do arquivo C:\ProjetosDev\project\data\input\_547D472BEC104747B117A27FE0B66E2B-PDF_INVOICE-62a7b6ef-bedd-4833-b160-bc4f7784e37e.pdf
2026-06-10 11:02:17,905 [INFO] modules.pdf_reader - Iniciando processamento do arquivo C:\ProjetosDev\project\data\input\_509D024001C34C998DEFB20E6F5E5822-PDF_INVOICE-795d3122-1072-4fe6-bcee-1b13bd507213.pdf
2026-06-10 11:02:17,915 [INFO] modules.pdf_reader - Texto extraido de C:\ProjetosDev\project\data\input\_509D024001C34C998DEFB20E6F5E5822-PDF_INVOICE-795d3122-1072-4fe6-bcee-1b13bd507213.pdf com PyMuPDF (564 caracteres).
2026-06-10 11:02:17,981 [INFO] modules.pdf_reader - Iniciando processamento do arquivo C:\ProjetosDev\project\data\input\_50EDE56B0A9E42AEB660C2E22E1D1635-PDF_INVOICE-171ffb8e-3de7-4e5f-8e5e-091e1a0a5495.pdf
2026-06-10 11:02:17,987 [INFO] modules.pdf_reader - Texto extraido de C:\ProjetosDev\project\data\input\_547D472BEC104747B117A27FE0B66E2B-PDF_INVOICE-62a7b6ef-bedd-4833-b160-bc4f7784e37e.pdf com PyMuPDF (1758 caracteres).
2026-06-10 11:02:17,992 [INFO] modules.pdf_reader - Texto extraido de C:\ProjetosDev\project\data\input\_50EDE56B0A9E42AEB660C2E22E1D1635-PDF_INVOICE-171ffb8e-3de7-4e5f-8e5e-091e1a0a5495.pdf com PyMuPDF (559 caracteres).
2026-06-10 11:02:18,072 [INFO] modules.pdf_reader - Iniciando processamento do arquivo C:\ProjetosDev\project\data\input\_63DD214685A241D38582F12D89560EE5-PDF_INVOICE-6aa3f3fb-faed-4088-ae37-03b54105d2ae.pdf
2026-06-10 11:02:18,102 [INFO] modules.pdf_reader - Texto extraido de C:\ProjetosDev\project\data\input\_63DD214685A241D38582F12D89560EE5-PDF_INVOICE-6aa3f3fb-faed-4088-ae37-03b54105d2ae.pdf com PyMuPDF (1844 caracteres).
2026-06-10 11:02:18,132 [INFO] modules.pdf_reader - Iniciando processamento do arquivo C:\ProjetosDev\project\data\input\_64D41CDB6C8443EC918853A17CA94E5B-PDF_INVOICE-35f8091a-88b7-40c4-8692-555f4e2e9a70.pdf
2026-06-10 11:02:18,184 [INFO] modules.pdf_reader - Iniciando processamento do arquivo C:\ProjetosDev\project\data\input\_68E6B1916F5C4953AB53A731AC5990F7-PDF_INVOICE-84969312-a928-4811-a792-e95ac60e2b87.pdf
2026-06-10 11:02:18,204 [INFO] modules.pdf_reader - Texto extraido de C:\ProjetosDev\project\data\input\_68E6B1916F5C4953AB53A731AC5990F7-PDF_INVOICE-84969312-a928-4811-a792-e95ac60e2b87.pdf com PyMuPDF (2076 caracteres).
2026-06-10 11:02:18,209 [INFO] modules.pdf_reader - Iniciando processamento do arquivo C:\ProjetosDev\project\data\input\_4A6B795D7C1B4ADCA06ECED44D429FA9-PDF_INVOICE-3faecf20-3e26-49df-a5f5-c12a7727dc4d.pdf
2026-06-10 11:02:18,231 [INFO] modules.pdf_reader - Texto extraido de C:\ProjetosDev\project\data\input\_4A6B795D7C1B4ADCA06ECED44D429FA9-PDF_INVOICE-3faecf20-3e26-49df-a5f5-c12a7727dc4d.pdf com PyMuPDF (2094 caracteres).
2026-06-10 11:02:18,310 [INFO] modules.pdf_reader - Iniciando processamento do arquivo C:\ProjetosDev\project\data\input\_7109232F97194D3A90B2ECF092068CF5-PDF_INVOICE-08f82c37-1977-4d1c-9ff8-7da8c55e8351.pdf
2026-06-10 11:02:18,320 [INFO] modules.pdf_reader - Texto extraido de C:\ProjetosDev\project\data\input\_7109232F97194D3A90B2ECF092068CF5-PDF_INVOICE-08f82c37-1977-4d1c-9ff8-7da8c55e8351.pdf com PyMuPDF (562 caracteres).
2026-06-10 11:02:18,358 [INFO] modules.pdf_reader - Texto extraido de C:\ProjetosDev\project\data\input\_64D41CDB6C8443EC918853A17CA94E5B-PDF_INVOICE-35f8091a-88b7-40c4-8692-555f4e2e9a70.pdf com PyMuPDF (3785 caracteres).
2026-06-10 11:02:18,375 [INFO] modules.pdf_reader - Iniciando processamento do arquivo C:\ProjetosDev\project\data\input\_7400109B3CC844CFAF40870501734C1B-PDF_INVOICE-1786b878-ccf8-4767-870e-26c0c25847c6.pdf
2026-06-10 11:02:18,385 [INFO] modules.pdf_reader - Iniciando processamento do arquivo C:\ProjetosDev\project\data\input\_72C7CA4B29E74B10A6EC048F6E65B115-PDF_INVOICE-1b6bd65d-903a-43ba-9c8a-56d47ddd7d50.pdf
2026-06-10 11:02:18,386 [INFO] modules.pdf_reader - Texto extraido de C:\ProjetosDev\project\data\input\_7400109B3CC844CFAF40870501734C1B-PDF_INVOICE-1786b878-ccf8-4767-870e-26c0c25847c6.pdf com PyMuPDF (565 caracteres).
2026-06-10 11:02:18,402 [INFO] modules.pdf_reader - Texto extraido de C:\ProjetosDev\project\data\input\_72C7CA4B29E74B10A6EC048F6E65B115-PDF_INVOICE-1b6bd65d-903a-43ba-9c8a-56d47ddd7d50.pdf com PyMuPDF (2529 caracteres).
2026-06-10 11:02:18,451 [INFO] modules.pdf_reader - Iniciando processamento do arquivo C:\ProjetosDev\project\data\input\_77FA700F8D284E61A05034E315DEC833-PDF_INVOICE-30785b02-e494-4f28-8b78-a3fc21c8f12e.pdf
2026-06-10 11:02:18,459 [INFO] modules.pdf_reader - Texto extraido de C:\ProjetosDev\project\data\input\_77FA700F8D284E61A05034E315DEC833-PDF_INVOICE-30785b02-e494-4f28-8b78-a3fc21c8f12e.pdf com PyMuPDF (1696 caracteres).
2026-06-10 11:02:18,489 [INFO] modules.pdf_reader - Iniciando processamento do arquivo C:\ProjetosDev\project\data\input\_8871096DFB824AD4AC5D06739F06E324-PDF_INVOICE-747c65d3-689e-4dfc-9ab0-08a65ee451d9.pdf
2026-06-10 11:02:18,508 [INFO] modules.pdf_reader - Iniciando processamento do arquivo C:\ProjetosDev\project\data\input\_87B33D6AA34C4F05BE6FBF303843C4DA-PDF_INVOICE-ce6ae3d1-4627-4d75-8010-b496b934b9a0.pdf
2026-06-10 11:02:18,551 [INFO] modules.pdf_reader - Texto extraido de C:\ProjetosDev\project\data\input\_8871096DFB824AD4AC5D06739F06E324-PDF_INVOICE-747c65d3-689e-4dfc-9ab0-08a65ee451d9.pdf com PyMuPDF (1732 caracteres).
2026-06-10 11:02:18,562 [INFO] modules.pdf_reader - Texto extraido de C:\ProjetosDev\project\data\input\_87B33D6AA34C4F05BE6FBF303843C4DA-PDF_INVOICE-ce6ae3d1-4627-4d75-8010-b496b934b9a0.pdf com PyMuPDF (562 caracteres).
2026-06-10 11:02:18,606 [WARNING] PyPDF2._reader - incorrect startxref pointer(1)
2026-06-10 11:02:18,621 [INFO] modules.pdf_reader - Iniciando processamento do arquivo C:\ProjetosDev\project\data\input\_959A1E7301704BB0A9308E5E799256AF-PDF_INVOICE-3d5ef181-45c6-4346-94dc-66ebd9e805fb.pdf
2026-06-10 11:02:18,630 [INFO] modules.pdf_reader - Iniciando processamento do arquivo C:\ProjetosDev\project\data\input\_90382A07A977428DA139E403605BE27A-PDF_INVOICE-389f6a2b-188f-4886-a791-023c597a484c.pdf
2026-06-10 11:02:18,633 [INFO] modules.pdf_reader - Texto extraido de C:\ProjetosDev\project\data\input\_959A1E7301704BB0A9308E5E799256AF-PDF_INVOICE-3d5ef181-45c6-4346-94dc-66ebd9e805fb.pdf com PyMuPDF (1572 caracteres).
2026-06-10 11:02:18,638 [INFO] modules.pdf_reader - Texto extraido de C:\ProjetosDev\project\data\input\_90382A07A977428DA139E403605BE27A-PDF_INVOICE-389f6a2b-188f-4886-a791-023c597a484c.pdf com PyMuPDF (1707 caracteres).
2026-06-10 11:02:18,669 [INFO] modules.pdf_reader - Iniciando processamento do arquivo C:\ProjetosDev\project\data\input\_8B6458573F3F4DF48A77A026D6608AE3-PDF_INVOICE-cb262173-427b-41de-ac48-ea9b20186119.pdf
2026-06-10 11:02:18,743 [INFO] modules.pdf_reader - Texto extraido de C:\ProjetosDev\project\data\input\_8B6458573F3F4DF48A77A026D6608AE3-PDF_INVOICE-cb262173-427b-41de-ac48-ea9b20186119.pdf com PyMuPDF (562 caracteres).
2026-06-10 11:02:18,948 [INFO] modules.pdf_reader - Iniciando processamento do arquivo C:\ProjetosDev\project\data\input\_95C9968DD66749BBB4EE17DB59BF7E68-PDF_INVOICE-f226b8a4-92b3-4c4a-b029-2888cf64b793.pdf
2026-06-10 11:02:18,949 [INFO] modules.pdf_reader - Iniciando processamento do arquivo C:\ProjetosDev\project\data\input\_97CBD2002849445290953C36B66F5168-PDF_INVOICE-0599c17a-6b1b-4fa1-8dfa-71ceedd5ef9d.pdf
2026-06-10 11:02:18,953 [INFO] modules.pdf_reader - Iniciando processamento do arquivo C:\ProjetosDev\project\data\input\_7616DD6BDD124814AD3CD21D5620FA8B-PDF_INVOICE-5ea094c4-5961-454e-a0c2-a294f5e591c4.pdf
2026-06-10 11:02:18,965 [INFO] modules.pdf_reader - Texto extraido de C:\ProjetosDev\project\data\input\_95C9968DD66749BBB4EE17DB59BF7E68-PDF_INVOICE-f226b8a4-92b3-4c4a-b029-2888cf64b793.pdf com PyMuPDF (2795 caracteres).
2026-06-10 11:02:18,986 [INFO] modules.pdf_reader - Iniciando processamento do arquivo C:\ProjetosDev\project\data\input\_9B298C3DD82B488581496CC3B3530E25-PDF_INVOICE-da44ccb9-3250-4987-b06e-1b64e224e8fe.pdf
2026-06-10 11:02:19,029 [INFO] modules.pdf_reader - Texto extraido de C:\ProjetosDev\project\data\input\_7616DD6BDD124814AD3CD21D5620FA8B-PDF_INVOICE-5ea094c4-5961-454e-a0c2-a294f5e591c4.pdf com PyMuPDF (2168 caracteres).
2026-06-10 11:02:19,060 [INFO] modules.pdf_reader - Texto extraido de C:\ProjetosDev\project\data\input\_97CBD2002849445290953C36B66F5168-PDF_INVOICE-0599c17a-6b1b-4fa1-8dfa-71ceedd5ef9d.pdf com PyMuPDF (2177 caracteres).
2026-06-10 11:02:19,102 [INFO] modules.pdf_reader - Texto extraido de C:\ProjetosDev\project\data\input\_9B298C3DD82B488581496CC3B3530E25-PDF_INVOICE-da44ccb9-3250-4987-b06e-1b64e224e8fe.pdf com PyMuPDF (2205 caracteres).
2026-06-10 11:02:19,137 [INFO] modules.pdf_reader - Iniciando processamento do arquivo C:\ProjetosDev\project\data\input\_B1AB1118070942C5BC0FE8D68AB9F97E-PDF_INVOICE-7132b0cd-3a20-42bc-baf9-79489a0b39c2.pdf
2026-06-10 11:02:19,156 [INFO] modules.pdf_reader - Texto extraido de C:\ProjetosDev\project\data\input\_B1AB1118070942C5BC0FE8D68AB9F97E-PDF_INVOICE-7132b0cd-3a20-42bc-baf9-79489a0b39c2.pdf com PyMuPDF (1758 caracteres).
2026-06-10 11:02:19,162 [INFO] modules.pdf_reader - Iniciando processamento do arquivo C:\ProjetosDev\project\data\input\_B0296B2E628C481283788DF993398FBF-PDF_INVOICE-8aa76808-8998-4ea6-bcea-686b8b3d9b01.pdf
2026-06-10 11:02:19,222 [INFO] modules.pdf_reader - Texto extraido de C:\ProjetosDev\project\data\input\_B0296B2E628C481283788DF993398FBF-PDF_INVOICE-8aa76808-8998-4ea6-bcea-686b8b3d9b01.pdf com PyMuPDF (1809 caracteres).
2026-06-10 11:02:19,251 [INFO] modules.pdf_reader - Iniciando processamento do arquivo C:\ProjetosDev\project\data\input\_BB9C2843D1C24872B8553B3135BC97E7-PDF_INVOICE-65f24cab-0de0-4f41-ad43-cc1a0da2e91c.pdf
2026-06-10 11:02:19,261 [INFO] modules.pdf_reader - Texto extraido de C:\ProjetosDev\project\data\input\_BB9C2843D1C24872B8553B3135BC97E7-PDF_INVOICE-65f24cab-0de0-4f41-ad43-cc1a0da2e91c.pdf com PyMuPDF (1672 caracteres).
2026-06-10 11:02:19,332 [INFO] modules.pdf_reader - Iniciando processamento do arquivo C:\ProjetosDev\project\data\input\_CB199796597D4C92B1A875588C52B197-PDF_INVOICE-3231c8e3-d4d4-40e0-abd2-42b0e5af6c2a.pdf
2026-06-10 11:02:19,450 [INFO] modules.pdf_reader - Iniciando processamento do arquivo C:\ProjetosDev\project\data\input\_CB7DDC31FB8544B690B1FEC9D5C69896-PDF_INVOICE-372934b0-e9e2-4c1e-955a-1953bd2b46ff.pdf
2026-06-10 11:02:19,456 [INFO] modules.pdf_reader - Texto extraido de C:\ProjetosDev\project\data\input\_CB199796597D4C92B1A875588C52B197-PDF_INVOICE-3231c8e3-d4d4-40e0-abd2-42b0e5af6c2a.pdf com PyMuPDF (1707 caracteres).
2026-06-10 11:02:19,523 [INFO] modules.pdf_reader - Iniciando processamento do arquivo C:\ProjetosDev\project\data\input\_B736A2F58F154336A91F61EBFBE7CF36-PDF_INVOICE-3a9cb1e1-4ab0-43fc-9e9c-267aef849ed5.pdf
2026-06-10 11:02:19,531 [INFO] modules.pdf_reader - Texto extraido de C:\ProjetosDev\project\data\input\_CB7DDC31FB8544B690B1FEC9D5C69896-PDF_INVOICE-372934b0-e9e2-4c1e-955a-1953bd2b46ff.pdf com PyMuPDF (556 caracteres).
2026-06-10 11:02:19,554 [INFO] modules.pdf_reader - Texto extraido de C:\ProjetosDev\project\data\input\_B736A2F58F154336A91F61EBFBE7CF36-PDF_INVOICE-3a9cb1e1-4ab0-43fc-9e9c-267aef849ed5.pdf com PyMuPDF (2239 caracteres).
2026-06-10 11:02:19,585 [INFO] modules.pdf_reader - Iniciando processamento do arquivo C:\ProjetosDev\project\data\input\_A02DC2E9ED0E4D78BAFAE02CC4151A48-PDF_INVOICE-f436f0d2-faa8-4b76-b517-a702ea0da6e5.pdf
2026-06-10 11:02:19,594 [INFO] modules.pdf_reader - Iniciando processamento do arquivo C:\ProjetosDev\project\data\input\_D3147319AD524F84AA9E09C5CDEB4B1F-PDF_INVOICE-b12ad359-19e5-47bb-9d4c-0822afa8a54f.pdf
2026-06-10 11:02:19,606 [INFO] modules.pdf_reader - Texto extraido de C:\ProjetosDev\project\data\input\_D3147319AD524F84AA9E09C5CDEB4B1F-PDF_INVOICE-b12ad359-19e5-47bb-9d4c-0822afa8a54f.pdf com PyMuPDF (562 caracteres).
2026-06-10 11:02:19,606 [INFO] modules.pdf_reader - Texto extraido de C:\ProjetosDev\project\data\input\_A02DC2E9ED0E4D78BAFAE02CC4151A48-PDF_INVOICE-f436f0d2-faa8-4b76-b517-a702ea0da6e5.pdf com PyMuPDF (2800 caracteres).
2026-06-10 11:02:19,845 [INFO] modules.pdf_reader - Iniciando processamento do arquivo C:\ProjetosDev\project\data\input\_F7B210EC4D614E04BED9F531ED668FE0-PDF_INVOICE-25c56739-c1b0-4b26-b952-b9c68ff58df5.pdf
2026-06-10 11:02:19,848 [INFO] modules.pdf_reader - Iniciando processamento do arquivo C:\ProjetosDev\project\data\input\_F05B343A21DE464B8BB39E76FDF36FA2-PDF_INVOICE-22956713-4204-4a47-a5ed-6b723e4fb53b.pdf
2026-06-10 11:02:19,855 [INFO] modules.pdf_reader - Texto extraido de C:\ProjetosDev\project\data\input\_F7B210EC4D614E04BED9F531ED668FE0-PDF_INVOICE-25c56739-c1b0-4b26-b952-b9c68ff58df5.pdf com PyMuPDF (556 caracteres).
2026-06-10 11:02:19,921 [INFO] modules.pdf_reader - Iniciando processamento do arquivo C:\ProjetosDev\project\data\input\_DD6BD646E4FE4574A3D430CDAA1A5CF3-PDF_INVOICE-d03f3008-11cc-43d2-b461-f980615cc742.pdf
2026-06-10 11:02:19,970 [INFO] modules.pdf_reader - Texto extraido de C:\ProjetosDev\project\data\input\_F05B343A21DE464B8BB39E76FDF36FA2-PDF_INVOICE-22956713-4204-4a47-a5ed-6b723e4fb53b.pdf com PyMuPDF (1136 caracteres).
2026-06-10 11:02:20,019 [INFO] modules.pdf_reader - Texto extraido de C:\ProjetosDev\project\data\input\_DD6BD646E4FE4574A3D430CDAA1A5CF3-PDF_INVOICE-d03f3008-11cc-43d2-b461-f980615cc742.pdf com PyMuPDF (2550 caracteres).
2026-06-10 11:02:22,631 [INFO] modules.ocr_handler - Processando OCR na pagina 1 do arquivo: _43B8F9BFF2064F77B117157D67888E53-PDF_INVOICE-55eda5ea-f135-4e74-84a8-08fccfd42fbf.pdf
2026-06-10 11:02:26,123 [INFO] modules.ocr_handler - Processando OCR na pagina 1 do arquivo: _F70624BD183D40AAB19F378251D60BAA-PDF_INVOICE-6ac3fb3d-ad2e-4166-9a9c-45b6585a7384.pdf
2026-06-10 11:02:26,987 [INFO] modules.pdf_reader - Iniciando processamento do arquivo C:\ProjetosDev\project\data\input\_43B8F9BFF2064F77B117157D67888E53-PDF_INVOICE-55eda5ea-f135-4e74-84a8-08fccfd42fbf.pdf
2026-06-10 11:02:27,088 [INFO] modules.pdf_reader - Texto extraido de C:\ProjetosDev\project\data\input\_43B8F9BFF2064F77B117157D67888E53-PDF_INVOICE-55eda5ea-f135-4e74-84a8-08fccfd42fbf.pdf com PyMuPDF (0 caracteres).
2026-06-10 11:02:27,090 [WARNING] modules.pdf_reader - Nenhum texto encontrado no PDF C:\ProjetosDev\project\data\input\_43B8F9BFF2064F77B117157D67888E53-PDF_INVOICE-55eda5ea-f135-4e74-84a8-08fccfd42fbf.pdf. Tentando OCR...
2026-06-10 11:02:28,192 [INFO] modules.pdf_reader - Executando OCR na pagina 1 do arquivo C:\ProjetosDev\project\data\input\_43B8F9BFF2064F77B117157D67888E53-PDF_INVOICE-55eda5ea-f135-4e74-84a8-08fccfd42fbf.pdf
2026-06-10 11:02:29,116 [INFO] modules.pdf_reader - Iniciando processamento do arquivo C:\ProjetosDev\project\data\input\_F70624BD183D40AAB19F378251D60BAA-PDF_INVOICE-6ac3fb3d-ad2e-4166-9a9c-45b6585a7384.pdf
2026-06-10 11:02:29,187 [INFO] modules.pdf_reader - Texto extraido de C:\ProjetosDev\project\data\input\_F70624BD183D40AAB19F378251D60BAA-PDF_INVOICE-6ac3fb3d-ad2e-4166-9a9c-45b6585a7384.pdf com PyMuPDF (0 caracteres).
2026-06-10 11:02:29,187 [WARNING] modules.pdf_reader - Nenhum texto encontrado no PDF C:\ProjetosDev\project\data\input\_F70624BD183D40AAB19F378251D60BAA-PDF_INVOICE-6ac3fb3d-ad2e-4166-9a9c-45b6585a7384.pdf. Tentando OCR...
2026-06-10 11:02:30,012 [INFO] modules.pdf_reader - Executando OCR na pagina 1 do arquivo C:\ProjetosDev\project\data\input\_F70624BD183D40AAB19F378251D60BAA-PDF_INVOICE-6ac3fb3d-ad2e-4166-9a9c-45b6585a7384.pdf
