2026-06-08 18:05:46,766 [INFO] __main__ - Total de arquivos encontrados: 50
2026-06-08 18:05:46,766 [INFO] __main__ - Processando lote 1 com 50 arquivos...
2026-06-08 18:05:54,673 [INFO] __main__ - 0C9DDDF6CB2947FAA32AA2CAD2B7D90D.pdf -> Desconhecido
2026-06-08 18:05:54,932 [INFO] __main__ - _04F83927B58D4F42B863ED37E7722A11-PDF_INVOICE-8641d86a-6caa-42d8-af67-0431efaa6309.pdf -> Desconhecido
2026-06-08 18:05:55,059 [INFO] __main__ - _01DC9A270C554873940E4846C7AAFB5D-PDF_INVOICE-2592a7b2-11c2-4218-9551-a359602caa7b.pdf -> SAO PAULO
SECRETARIA MUNICIPAL DA FAZENDA
NOTA FISCAL ELETRONICA DE SERVICOS
2026-06-08 18:05:55,441 [INFO] __main__ - _1C7B1728D1AB4C33B1E121BBE17F3D02-PDF_INVOICE-1ec63c9a-9a0f-42f2-bde7-296d08114cb3.pdf -> Desconhecido
2026-06-08 18:05:55,487 [INFO] __main__ - _01DC9A270C554873940E4846C7AAFB5D-PDF_INVOICE-f7a3647f-1cdf-45fc-9928-e49e7de46658.pdf -> SAO PAULO
SECRETARIA MUNICIPAL DA FAZENDA
NOTA FISCAL ELETRONICA DE SERVICOS
2026-06-08 18:05:55,488 [INFO] __main__ - _08E258CD76A24659A6047C7C0EFB53AC-PDF_INVOICE-9a5e14c4-5989-46a6-9216-b652b7643778.pdf -> INCIDENCIA
BARUERI
2026-06-08 18:05:55,740 [INFO] __main__ - _08634270462448BFB60C423FD39F76E1-PDF_INVOICE-4c4dc35f-9100-441c-913a-41435033ea72.pdf -> Desconhecido
2026-06-08 18:05:55,883 [INFO] __main__ - _2DD125FD7314440BA35831C5CBF81A7E-PDF_INVOICE-b84a324b-1878-4775-a9f5-63f20ec5e743.pdf -> Desconhecido
2026-06-08 18:05:55,904 [INFO] __main__ - _1871A8DE1B0549C7973858F3A8CCD31B-PDF_INVOICE-8a69679a-b2d5-426b-a364-0d15cc3beb76.pdf -> Desconhecido
2026-06-08 18:05:55,909 [INFO] __main__ - _3D8CD892B1DF4D97BD692CB13655E9C8-PDF_INVOICE-6dee474a-c92d-4f27-a077-4cff61fb87ba.pdf -> Desconhecido
2026-06-08 18:05:55,993 [INFO] __main__ - _41EC5FDC25FC41F0986687FEE92E4B26-PDF_INVOICE-1205eba0-8c06-4bd8-abcd-c5e1ef148fea.pdf -> Desconhecido
2026-06-08 18:05:56,061 [INFO] __main__ - _4C8CB45ED328457E97AABEE4170FA046-PDF_INVOICE-c2f2817b-c070-4400-8f08-a61e20ff3815.pdf -> SAO PAULO
SECRETARIA MUNICIPAL DA FAZENDA
NOTA FISCAL ELETRONICA DE SERVICOS
2026-06-08 18:05:56,066 [INFO] __main__ - _4134B2DE4C7748D0AFDA111836583667-PDF_INVOICE-63ea18bf-3597-4df1-a926-6ecdfbdd4221.pdf -> Desconhecido
2026-06-08 18:05:56,094 [INFO] __main__ - _50EDE56B0A9E42AEB660C2E22E1D1635-PDF_INVOICE-171ffb8e-3de7-4e5f-8e5e-091e1a0a5495.pdf -> Desconhecido
2026-06-08 18:05:56,114 [INFO] __main__ - _509D024001C34C998DEFB20E6F5E5822-PDF_INVOICE-795d3122-1072-4fe6-bcee-1b13bd507213.pdf -> Desconhecido
2026-06-08 18:05:56,329 [INFO] __main__ - _552277FFC4B440D79EEBE889502B48CB-PDF_INVOICE-976469e2-837a-4ae9-a098-e9be874e86a9.pdf -> Desconhecido
2026-06-08 18:05:56,377 [INFO] __main__ - _3B5D3B8E031B4F4AB5E7C615EA51908E-PDF_INVOICE-8151730c-29da-437a-a407-29ee9b6dee7f.pdf -> DE GOIANIA
2026-06-08 18:05:56,379 [INFO] __main__ - _59E832B071384CEB81C986DC203CB4B2-PDF_INVOICE-d5788b72-d88d-4ded-b072-d63849fd3c6b.pdf -> SAO PAULO
SECRETARIA MUNICIPAL DA FAZENDA
NOTA FISCAL ELETRONICA DE SERVICOS
2026-06-08 18:05:56,448 [INFO] __main__ - _552277FFC4B440D79EEBE889502B48CB-PDF_INVOICE-655e6c48-e9f0-4e8b-8fc0-0e9b4b858a07.pdf -> Desconhecido
2026-06-08 18:05:56,500 [INFO] __main__ - _4CEA5FCD0BB840839C634B020C414D9F-PDF_INVOICE-4a4403cd-cea4-4aac-896d-a1216665f085.pdf -> DE FORTALEZA
SECRETARIA MUNICIPAL DAS FINANCAS
NOTA FISCAL DE SERVICO ELETRONICA
2026-06-08 18:05:56,579 [INFO] __main__ - _35C856D3AC4547BEA4E1EA7B2866D677-PDF_INVOICE-1f5d3719-edcf-4756-9d8a-7c35f1c37298.pdf -> Desconhecido
2026-06-08 18:05:56,730 [INFO] __main__ - _1CCAE489A7784DD0A8394D7E1EC68003-PDF_INVOICE-bf2f7ec8-ea31-4e06-b110-d325db6acb02.pdf -> DE GUARULHOS
SECRETARIA DE FINANCAS
2026-06-08 18:05:56,762 [INFO] __main__ - _82C4FBBB21D74B3580D598807AAF7DFD-PDF_INVOICE-37bc0a87-ffff-482a-a95c-f02354fe98a2.pdf -> SAO PAULO
SECRETARIA MUNICIPAL DA FAZENDA
NOTA FISCAL ELETRONICA DE SERVICOS
2026-06-08 18:05:56,764 [INFO] __main__ - _6D85B25573EE4017A66EDFB82327FC66-PDF_INVOICE-40cf2f9d-5dd9-4c97-aabd-249ff0e70720.pdf -> Desconhecido
2026-06-08 18:05:56,780 [INFO] __main__ - _7109232F97194D3A90B2ECF092068CF5-PDF_INVOICE-08f82c37-1977-4d1c-9ff8-7da8c55e8351.pdf -> Desconhecido
2026-06-08 18:05:56,852 [INFO] __main__ - _75F66CCD77FF4F2C94EC7F2886CD3924-PDF_INVOICE-47a4806a-2c6c-4a5f-8fc5-02beca4a1b3d.pdf -> Desconhecido
2026-06-08 18:05:56,853 [INFO] __main__ - _75F66CCD77FF4F2C94EC7F2886CD3924-PDF_INVOICE-d85e96c3-606e-410b-af42-30cb24d9d921.pdf -> Desconhecido
2026-06-08 18:05:56,981 [INFO] __main__ - _8B6458573F3F4DF48A77A026D6608AE3-PDF_INVOICE-cb262173-427b-41de-ac48-ea9b20186119.pdf -> Desconhecido
2026-06-08 18:05:56,992 [INFO] __main__ - _8B841A11EC2F4943B5C79A43DDB76FFE-PDF_INVOICE-278efbec-5046-4a17-9d6a-99e6ad8ca75c.pdf -> Desconhecido
2026-06-08 18:05:57,080 [INFO] __main__ - _6730233D7D0D4BBA922E45F2920F4045-PDF_INVOICE-e191af67-e9d8-4bed-b037-3c65d44ea785.pdf -> DE FORTALEZA
SECRETARIA MUNICIPAL DAS FINANCAS
NOTA FISCAL DE SERVICO ELETRONICA
2026-06-08 18:05:57,081 [INFO] __main__ - _63DC3C0B3E1C4AB3BD4B7F153A46FF61-PDF_INVOICE-84e3517d-156d-4ab0-9b61-8b57b3d0f1c5.pdf -> DE GUARULHOS
SECRETARIA DE FINANCAS
2026-06-08 18:05:57,135 [INFO] __main__ - _905CA162BCAF4D619A3654B01EFA033B-PDF_INVOICE-73749bf2-e55e-40de-82c2-27d8a2cbaae9.pdf -> Desconhecido
2026-06-08 18:05:57,176 [INFO] __main__ - _A6386FEA15E54FF5B5DAF53EB57A51A1-PDF_INVOICE-3b02d8db-ddfe-400e-a7b3-a1d54a716d09.pdf -> Desconhecido
2026-06-08 18:05:57,212 [INFO] __main__ - _87B33D6AA34C4F05BE6FBF303843C4DA-PDF_INVOICE-ce6ae3d1-4627-4d75-8010-b496b934b9a0.pdf -> Desconhecido
2026-06-08 18:05:57,329 [INFO] __main__ - _C9FE6B6932C54C9A9591AD8E0777278A-PDF_INVOICE-ab96b156-1519-43ef-8fe3-c72b5cd2befe.pdf -> Desconhecido
2026-06-08 18:05:57,353 [INFO] __main__ - _CB7DDC31FB8544B690B1FEC9D5C69896-PDF_INVOICE-372934b0-e9e2-4c1e-955a-1953bd2b46ff.pdf -> Desconhecido
2026-06-08 18:05:57,443 [INFO] __main__ - _BAAACF5022E44EFB8617A820A641494B-PDF_INVOICE-6bd97118-1179-4966-8d52-c4123a6e49ec.pdf -> INCIDENCIA
2026-06-08 18:05:57,445 [INFO] __main__ - _DC25C4358514439AB573C845428A70DF-PDF_INVOICE-8b5a07b3-e290-4fe1-b062-6cdf7d9a89b1.pdf -> Desconhecido
2026-06-08 18:05:57,450 [INFO] __main__ - _D3147319AD524F84AA9E09C5CDEB4B1F-PDF_INVOICE-b12ad359-19e5-47bb-9d4c-0822afa8a54f.pdf -> Desconhecido
2026-06-08 18:05:57,497 [INFO] __main__ - _C1ED19C3CDA84B02AEA03FE7EDDD98EC-PDF_INVOICE-0d1848a7-0bd6-41b7-9212-65b41b3a4076.pdf -> DE FORTALEZA
SECRETARIA MUNICIPAL DAS FINANCAS
NOTA FISCAL DE SERVICO ELETRONICA
2026-06-08 18:05:57,578 [INFO] __main__ - _E0E74E69AFCC430E828677B741B11DB3-PDF_INVOICE-e52728f1-b72d-44c6-b2cb-d0ebef76ef2e.pdf -> Desconhecido
2026-06-08 18:05:57,625 [INFO] __main__ - _EC3D1DA77EFD4AB18EDBC5497FB8C49D-PDF_INVOICE-9f44f848-3111-4216-886a-c9eec3845aea.pdf -> SAO PAULO
SECRETARIA MUNICIPAL DA FAZENDA
NOTA FISCAL ELETRONICA DE SERVICOS
2026-06-08 18:05:57,790 [INFO] __main__ - _F6D789AC386844E2B45457BE4A476DE5-PDF_INVOICE-ed7af678-4d55-46fe-a67b-650ab9b279d8.pdf -> Desconhecido
2026-06-08 18:05:57,878 [INFO] __main__ - _F7B210EC4D614E04BED9F531ED668FE0-PDF_INVOICE-25c56739-c1b0-4b26-b952-b9c68ff58df5.pdf -> Desconhecido
2026-06-08 18:05:58,094 [INFO] __main__ - _F05B343A21DE464B8BB39E76FDF36FA2-PDF_INVOICE-22956713-4204-4a47-a5ed-6b723e4fb53b.pdf -> ESTADO DE S
2026-06-08 18:05:58,095 [INFO] __main__ - _E4AD3F41869B4F8B872473B80F88EBA1-PDF_INVOICE-c341c52a-06f3-415a-9706-ca90562c4036.pdf -> DE FORTALEZA
SECRETARIA MUNICIPAL DAS FINANCAS
NOTA FISCAL DE SERVICO ELETRONICA
2026-06-08 18:05:58,167 [INFO] __main__ - _F6DA4F4D726B4940950D6960B4BDC10B-PDF_INVOICE-23424342-6024-4227-ac8d-be0e90b48a98.pdf -> COTIA
PRESTADOR DE SERVICOS
RAZAO SOCIAL
2026-06-08 18:05:58,469 [INFO] __main__ - _F9DECE189E4C4A8AA54B9322BD0C5CFD-PDF_INVOICE-7061daa9-c087-4f93-b504-a2c833ac8fa6.pdf -> DE GUARULHOS
SECRETARIA DE FINANCAS
2026-06-08 18:06:10,960 [INFO] __main__ - _CE17C4C6D0424AE8B6E0C2083A234295-PDF_INVOICE-3bca9f09-98f3-4b59-aac7-1e84f529f137.pdf -> DO SALVADOR
SECRETARIA MUNICIPAL DA FAZENDA

NOTA FISCAL DE SERVICOS ELETRONICA
2026-06-08 18:06:11,995 [INFO] __main__ - _AAC79EBDCDB74FD3AA652BBB487E3879-PDF_INVOICE-2d71bcbe-8a8e-448c-94ba-c97c3ff24526.pdf -> SISTEMA DE GERENCIAMENTO DE ASSOCIACOES

TERMO DE NAO EVENTO

FM AUTOLIDER

DADOS DO ASSOCIADO

NOME
2026-06-08 18:06:12,649 [INFO] __main__ - Renomeando e organizando diretorios...
