2026-06-10 11:02:16,324 [INFO] modules.pdf_reader - Iniciando processamento do arquivo C:\ProjetosDev\project\data\input\BCCE8E14D6B94F3D900C36248A8AC8FB.pdf
2026-06-10 11:02:16,340 [INFO] modules.pdf_reader - Iniciando processamento do arquivo C:\ProjetosDev\project\data\input\516C119E388D439F8588DB4D35434D83.pdf
2026-06-10 11:02:16,457 [INFO] modules.pdf_reader - Texto extraido de C:\ProjetosDev\project\data\input\BCCE8E14D6B94F3D900C36248A8AC8FB.pdf com PyMuPDF (562 caracteres).
2026-06-10 11:02:16,467 [INFO] modules.pdf_reader - Iniciando processamento do arquivo C:\ProjetosDev\project\data\input\0C9DDDF6CB2947FAA32AA2CAD2B7D90D.pdf
2026-06-10 11:02:16,508 [INFO] modules.pdf_reader - Texto extraido de C:\ProjetosDev\project\data\input\516C119E388D439F8588DB4D35434D83.pdf com PyMuPDF (638 caracteres).
2026-06-10 11:02:16,568 [INFO] modules.pdf_reader - Texto extraido de C:\ProjetosDev\project\data\input\0C9DDDF6CB2947FAA32AA2CAD2B7D90D.pdf com PyMuPDF (562 caracteres).
2026-06-10 11:02:16,610 [INFO] modules.pdf_reader - Iniciando processamento do arquivo C:\ProjetosDev\project\data\input\_14CAE0DAA89E4A8B810535D2818FABD1-PDF_INVOICE-07bddb89-8b4e-4893-97f2-ca8b67028959.pdf
2026-06-10 11:02:16,625 [INFO] modules.pdf_reader - Texto extraido de C:\ProjetosDev\project\data\input\_14CAE0DAA89E4A8B810535D2818FABD1-PDF_INVOICE-07bddb89-8b4e-4893-97f2-ca8b67028959.pdf com PyMuPDF (1744 caracteres).
2026-06-10 11:02:16,728 [INFO] modules.pdf_reader - Iniciando processamento do arquivo C:\ProjetosDev\project\data\input\_1E59E82B724440FEA8C40823BF8B1CDB-PDF_INVOICE-29493a65-4961-4f44-9704-d9cc78586c0b.pdf
2026-06-10 11:02:16,782 [INFO] modules.pdf_reader - Iniciando processamento do arquivo C:\ProjetosDev\project\data\input\_17A8EFCE91C24DDF984688D596377D96-PDF_INVOICE-ea301a6a-830e-4c61-8f3b-cf9fc02af47c.pdf
2026-06-10 11:02:16,791 [INFO] modules.pdf_reader - Texto extraido de C:\ProjetosDev\project\data\input\_1E59E82B724440FEA8C40823BF8B1CDB-PDF_INVOICE-29493a65-4961-4f44-9704-d9cc78586c0b.pdf com PyMuPDF (1695 caracteres).
2026-06-10 11:02:16,879 [INFO] modules.pdf_reader - Iniciando processamento do arquivo C:\ProjetosDev\project\data\input\_1636EFF34C4B41A3B8DA0804825794B8-PDF_INVOICE-2dfa6d5b-f554-406d-a6a0-fda7a22aaa95.pdf
2026-06-10 11:02:16,894 [INFO] modules.pdf_reader - Texto extraido de C:\ProjetosDev\project\data\input\_1636EFF34C4B41A3B8DA0804825794B8-PDF_INVOICE-2dfa6d5b-f554-406d-a6a0-fda7a22aaa95.pdf com PyMuPDF (558 caracteres).
2026-06-10 11:02:16,906 [INFO] modules.pdf_reader - Texto extraido de C:\ProjetosDev\project\data\input\_17A8EFCE91C24DDF984688D596377D96-PDF_INVOICE-ea301a6a-830e-4c61-8f3b-cf9fc02af47c.pdf com PyMuPDF (2549 caracteres).
2026-06-10 11:02:16,912 [INFO] modules.pdf_reader - Iniciando processamento do arquivo C:\ProjetosDev\project\data\input\_24209B72A23F484CA69E0A8DA8E246BE-PDF_INVOICE-376ca9a5-52d0-403c-b95d-eedf8d5a7b21.pdf
2026-06-10 11:02:16,921 [INFO] modules.pdf_reader - Texto extraido de C:\ProjetosDev\project\data\input\_24209B72A23F484CA69E0A8DA8E246BE-PDF_INVOICE-376ca9a5-52d0-403c-b95d-eedf8d5a7b21.pdf com PyMuPDF (1758 caracteres).
2026-06-10 11:02:16,991 [INFO] modules.pdf_reader - Iniciando processamento do arquivo C:\ProjetosDev\project\data\input\_318C9FAEDD884787A06863B3A291510C-PDF_INVOICE-61d31e02-77e8-4c3f-bfc0-6a749066e64c.pdf
2026-06-10 11:02:17,022 [INFO] modules.pdf_reader - Texto extraido de C:\ProjetosDev\project\data\input\_318C9FAEDD884787A06863B3A291510C-PDF_INVOICE-61d31e02-77e8-4c3f-bfc0-6a749066e64c.pdf com PyMuPDF (1692 caracteres).
2026-06-10 11:02:17,272 [INFO] modules.pdf_reader - Iniciando processamento do arquivo C:\ProjetosDev\project\data\input\_3418D36F38EA427EB9383EFE54422AA7-PDF_INVOICE-94d474a5-8e0d-4471-b82d-041835e84a41.pdf
2026-06-10 11:02:17,311 [INFO] modules.pdf_reader - Iniciando processamento do arquivo C:\ProjetosDev\project\data\input\_28BF4B7F7F5F4C2CB007CC24B668EA98-PDF_INVOICE-5a96a29a-1e06-4f16-8700-27f52d5f4a00.pdf
2026-06-10 11:02:17,326 [INFO] modules.pdf_reader - Texto extraido de C:\ProjetosDev\project\data\input\_3418D36F38EA427EB9383EFE54422AA7-PDF_INVOICE-94d474a5-8e0d-4471-b82d-041835e84a41.pdf com PyMuPDF (2168 caracteres).
2026-06-10 11:02:17,338 [INFO] modules.pdf_reader - Texto extraido de C:\ProjetosDev\project\data\input\_28BF4B7F7F5F4C2CB007CC24B668EA98-PDF_INVOICE-5a96a29a-1e06-4f16-8700-27f52d5f4a00.pdf com PyMuPDF (2204 caracteres).
2026-06-10 11:02:17,491 [INFO] modules.pdf_reader - Iniciando processamento do arquivo C:\ProjetosDev\project\data\input\_4134B2DE4C7748D0AFDA111836583667-PDF_INVOICE-63ea18bf-3597-4df1-a926-6ecdfbdd4221.pdf
2026-06-10 11:02:17,508 [INFO] modules.pdf_reader - Iniciando processamento do arquivo C:\ProjetosDev\project\data\input\_41EC5FDC25FC41F0986687FEE92E4B26-PDF_INVOICE-1205eba0-8c06-4bd8-abcd-c5e1ef148fea.pdf
2026-06-10 11:02:17,517 [INFO] modules.pdf_reader - Texto extraido de C:\ProjetosDev\project\data\input\_41EC5FDC25FC41F0986687FEE92E4B26-PDF_INVOICE-1205eba0-8c06-4bd8-abcd-c5e1ef148fea.pdf com PyMuPDF (562 caracteres).
2026-06-10 11:02:17,645 [INFO] modules.pdf_reader - Texto extraido de C:\ProjetosDev\project\data\input\_4134B2DE4C7748D0AFDA111836583667-PDF_INVOICE-63ea18bf-3597-4df1-a926-6ecdfbdd4221.pdf com PyMuPDF (556 caracteres).
2026-06-10 11:02:17,778 [INFO] modules.pdf_reader - Iniciando processamento do arquivo C:\ProjetosDev\project\data\input\_29FCAFD205574A48A85DF7EEE57BAF96-PDF_INVOICE-7526a37e-8e71-46ff-9844-b1634c0d04b6.pdf
2026-06-10 11:02:17,791 [INFO] modules.pdf_reader - Iniciando processamento do arquivo C:\ProjetosDev\project\data\input\_4AEF4F0DE8A842929D99E5EADCEA8759-PDF_INVOICE-7cffdc64-dd4c-4c2c-9b5d-8750b1c8fcbb.pdf
2026-06-10 11:02:17,798 [INFO] modules.pdf_reader - Texto extraido de C:\ProjetosDev\project\data\input\_4AEF4F0DE8A842929D99E5EADCEA8759-PDF_INVOICE-7cffdc64-dd4c-4c2c-9b5d-8750b1c8fcbb.pdf com PyMuPDF (1688 caracteres).
2026-06-10 11:02:17,825 [INFO] modules.pdf_reader - Texto extraido de C:\ProjetosDev\project\data\input\_29FCAFD205574A48A85DF7EEE57BAF96-PDF_INVOICE-7526a37e-8e71-46ff-9844-b1634c0d04b6.pdf com PyMuPDF (2020 caracteres).
2026-06-10 11:02:17,856 [INFO] modules.pdf_reader - Iniciando processamento do arquivo C:\ProjetosDev\project\data\input\_4AF134117E0C4170B5172A7BF1A0BCE7-PDF_INVOICE-d7701cfc-6063-4fb6-a015-828a8b793459.pdf
2026-06-10 11:02:17,864 [INFO] modules.pdf_reader - Texto extraido de C:\ProjetosDev\project\data\input\_4AF134117E0C4170B5172A7BF1A0BCE7-PDF_INVOICE-d7701cfc-6063-4fb6-a015-828a8b793459.pdf com PyMuPDF (1696 caracteres).
2026-06-10 11:02:17,997 [INFO] modules.pdf_reader - Iniciando processamento do arquivo C:\ProjetosDev\project\data\input\_566BC4C204C54D5681409098C5826032-PDF_INVOICE-4e1af97c-16c5-471d-a02b-16a438861f0b.pdf
2026-06-10 11:02:18,005 [INFO] modules.pdf_reader - Texto extraido de C:\ProjetosDev\project\data\input\_566BC4C204C54D5681409098C5826032-PDF_INVOICE-4e1af97c-16c5-471d-a02b-16a438861f0b.pdf com PyMuPDF (1696 caracteres).
2026-06-10 11:02:18,012 [INFO] modules.pdf_reader - Iniciando processamento do arquivo C:\ProjetosDev\project\data\input\_552277FFC4B440D79EEBE889502B48CB-PDF_INVOICE-6dc17d4c-9cb7-4f85-84b8-961ac6367643.pdf
2026-06-10 11:02:18,026 [INFO] modules.pdf_reader - Texto extraido de C:\ProjetosDev\project\data\input\_552277FFC4B440D79EEBE889502B48CB-PDF_INVOICE-6dc17d4c-9cb7-4f85-84b8-961ac6367643.pdf com PyMuPDF (555 caracteres).
2026-06-10 11:02:18,056 [INFO] modules.pdf_reader - Iniciando processamento do arquivo C:\ProjetosDev\project\data\input\_56D6E6676640470798A94D84315C9A09-PDF_INVOICE-3036cb82-07d5-48aa-9949-383630bd8e0c.pdf
2026-06-10 11:02:18,064 [INFO] modules.pdf_reader - Texto extraido de C:\ProjetosDev\project\data\input\_56D6E6676640470798A94D84315C9A09-PDF_INVOICE-3036cb82-07d5-48aa-9949-383630bd8e0c.pdf com PyMuPDF (1811 caracteres).
2026-06-10 11:02:18,211 [INFO] modules.pdf_reader - Iniciando processamento do arquivo C:\ProjetosDev\project\data\input\_69B57B6DF4A34BB581661A35F149FE41-PDF_INVOICE-c783ba39-0f76-4b48-bb71-61d5fe08556f.pdf
2026-06-10 11:02:18,215 [INFO] modules.pdf_reader - Iniciando processamento do arquivo C:\ProjetosDev\project\data\input\_6BFF7926162547DFA7043E16FC03687B-PDF_INVOICE-0abf635b-e4da-4398-9988-411782f2c502.pdf
2026-06-10 11:02:18,219 [INFO] modules.pdf_reader - Texto extraido de C:\ProjetosDev\project\data\input\_69B57B6DF4A34BB581661A35F149FE41-PDF_INVOICE-c783ba39-0f76-4b48-bb71-61d5fe08556f.pdf com PyMuPDF (1696 caracteres).
2026-06-10 11:02:18,223 [INFO] modules.pdf_reader - Texto extraido de C:\ProjetosDev\project\data\input\_6BFF7926162547DFA7043E16FC03687B-PDF_INVOICE-0abf635b-e4da-4398-9988-411782f2c502.pdf com PyMuPDF (1710 caracteres).
2026-06-10 11:02:18,339 [INFO] modules.pdf_reader - Iniciando processamento do arquivo C:\ProjetosDev\project\data\input\_6D85B25573EE4017A66EDFB82327FC66-PDF_INVOICE-40cf2f9d-5dd9-4c97-aabd-249ff0e70720.pdf
2026-06-10 11:02:18,350 [INFO] modules.pdf_reader - Texto extraido de C:\ProjetosDev\project\data\input\_6D85B25573EE4017A66EDFB82327FC66-PDF_INVOICE-40cf2f9d-5dd9-4c97-aabd-249ff0e70720.pdf com PyMuPDF (570 caracteres).
2026-06-10 11:02:18,450 [INFO] modules.pdf_reader - Iniciando processamento do arquivo C:\ProjetosDev\project\data\input\_75F66CCD77FF4F2C94EC7F2886CD3924-PDF_INVOICE-47a4806a-2c6c-4a5f-8fc5-02beca4a1b3d.pdf
2026-06-10 11:02:18,484 [INFO] modules.pdf_reader - Iniciando processamento do arquivo C:\ProjetosDev\project\data\input\_75E668BCBCA74CC1891F45465DD18C23-PDF_INVOICE-5f31a69c-1cf6-4a74-aa26-346f1016c008.pdf
2026-06-10 11:02:18,517 [INFO] modules.pdf_reader - Texto extraido de C:\ProjetosDev\project\data\input\_75E668BCBCA74CC1891F45465DD18C23-PDF_INVOICE-5f31a69c-1cf6-4a74-aa26-346f1016c008.pdf com PyMuPDF (3746 caracteres).
2026-06-10 11:02:18,521 [INFO] modules.pdf_reader - Texto extraido de C:\ProjetosDev\project\data\input\_75F66CCD77FF4F2C94EC7F2886CD3924-PDF_INVOICE-47a4806a-2c6c-4a5f-8fc5-02beca4a1b3d.pdf com PyMuPDF (556 caracteres).
2026-06-10 11:02:18,668 [INFO] modules.pdf_reader - Iniciando processamento do arquivo C:\ProjetosDev\project\data\input\_8B841A11EC2F4943B5C79A43DDB76FFE-PDF_INVOICE-278efbec-5046-4a17-9d6a-99e6ad8ca75c.pdf
2026-06-10 11:02:18,732 [INFO] modules.pdf_reader - Iniciando processamento do arquivo C:\ProjetosDev\project\data\input\_77B44BD44E314AAC86781D77B438212B-PDF_INVOICE-bf6d63a5-bb03-40f4-85a5-3b7c5ec52646.pdf
2026-06-10 11:02:18,733 [INFO] modules.pdf_reader - Texto extraido de C:\ProjetosDev\project\data\input\_8B841A11EC2F4943B5C79A43DDB76FFE-PDF_INVOICE-278efbec-5046-4a17-9d6a-99e6ad8ca75c.pdf com PyMuPDF (562 caracteres).
2026-06-10 11:02:18,764 [INFO] modules.pdf_reader - Texto extraido de C:\ProjetosDev\project\data\input\_77B44BD44E314AAC86781D77B438212B-PDF_INVOICE-bf6d63a5-bb03-40f4-85a5-3b7c5ec52646.pdf com PyMuPDF (2169 caracteres).
2026-06-10 11:02:18,787 [INFO] modules.pdf_reader - Iniciando processamento do arquivo C:\ProjetosDev\project\data\input\_905CA162BCAF4D619A3654B01EFA033B-PDF_INVOICE-73749bf2-e55e-40de-82c2-27d8a2cbaae9.pdf
2026-06-10 11:02:18,853 [INFO] modules.pdf_reader - Texto extraido de C:\ProjetosDev\project\data\input\_905CA162BCAF4D619A3654B01EFA033B-PDF_INVOICE-73749bf2-e55e-40de-82c2-27d8a2cbaae9.pdf com PyMuPDF (555 caracteres).
2026-06-10 11:02:18,888 [INFO] modules.pdf_reader - Iniciando processamento do arquivo C:\ProjetosDev\project\data\input\_98B105DF2D1C4FCB8BAE685829EB0635-PDF_INVOICE-2807c109-ecf7-46da-864a-4982ccb589a3.pdf
2026-06-10 11:02:18,890 [INFO] modules.pdf_reader - Iniciando processamento do arquivo C:\ProjetosDev\project\data\input\_9D8CFC7892BF404E8AF835D4C1AEDF2A-PDF_INVOICE-17fe9cf0-01f8-447b-9d7f-9b8e7ae4f3d6.pdf
2026-06-10 11:02:18,906 [INFO] modules.pdf_reader - Texto extraido de C:\ProjetosDev\project\data\input\_98B105DF2D1C4FCB8BAE685829EB0635-PDF_INVOICE-2807c109-ecf7-46da-864a-4982ccb589a3.pdf com PyMuPDF (558 caracteres).
:02:18,980 [INFO] modules.pdf_reader - Texto extraido de C:\ProjetosDev\project\data\input\_9D8CFC7892BF404E8AF835D4C1AEDF2A-PDF_INVOICE-17fe9cf0-01f8-447b-9d7f-9b8e7ae4f3d6.pdf com PyMuPDF (1906 caracteres).
2026-06-10 11:02:19,006 [INFO] modules.pdf_reader - Texto extraido de C:\ProjetosDev\project\data\input\_9CEAC5EA4F7D4987A96164AF0C5D217C-PDF_INVOICE-56b1843a-2e0f-4d29-a6fb-ca6627e15ec5.pdf com PyMuPDF (562 caracteres).
2026-06-10 11:02:19,300 [INFO] modules.pdf_reader - Iniciando processamento do arquivo C:\ProjetosDev\project\data\input\_A5817CA9ED5D440880D2E29360921C67-PDF_INVOICE-76a3eff4-2528-45b1-a357-4a31c5f5a84e.pdf
2026-06-10 11:02:19,330 [INFO] modules.pdf_reader - Texto extraido de C:\ProjetosDev\project\data\input\_A5817CA9ED5D440880D2E29360921C67-PDF_INVOICE-76a3eff4-2528-45b1-a357-4a31c5f5a84e.pdf com PyMuPDF (2235 caracteres).
2026-06-10 11:02:19,463 [INFO] modules.pdf_reader - Iniciando processamento do arquivo C:\ProjetosDev\project\data\input\_CDF20828619C4E2EB6751622AFF82D13-PDF_INVOICE-10578bcd-9828-40c6-9cd6-470257a57b0b.pdf
2026-06-10 11:02:19,472 [INFO] modules.pdf_reader - Texto extraido de C:\ProjetosDev\project\data\input\_CDF20828619C4E2EB6751622AFF82D13-PDF_INVOICE-10578bcd-9828-40c6-9cd6-470257a57b0b.pdf com PyMuPDF (1758 caracteres).
2026-06-10 11:02:19,533 [INFO] modules.pdf_reader - Iniciando processamento do arquivo C:\ProjetosDev\project\data\input\_A22D196A9BD24D3CA0E400CE91637DA7-PDF_INVOICE-95947a2f-dcbc-466d-99aa-ac28785f9522.pdf
2026-06-10 11:02:19,546 [INFO] modules.pdf_reader - Iniciando processamento do arquivo C:\ProjetosDev\project\data\input\_D357D1F79A4A425EA0CDFC6FCBFA1005-PDF_INVOICE-ed5e33e3-fcc2-4d68-a762-88f739d70c95.pdf
2026-06-10 11:02:19,550 [INFO] modules.pdf_reader - Texto extraido de C:\ProjetosDev\project\data\input\_A22D196A9BD24D3CA0E400CE91637DA7-PDF_INVOICE-95947a2f-dcbc-466d-99aa-ac28785f9522.pdf com PyMuPDF (2544 caracteres).
2026-06-10 11:02:19,648 [INFO] modules.pdf_reader - Iniciando processamento do arquivo C:\ProjetosDev\project\data\input\_E3E5839D1F584E9B9E15F250A69460AA-PDF_INVOICE-155b8379-e1a7-4b12-8604-2aadc80892d5.pdf
2026-06-10 11:02:19,701 [INFO] modules.pdf_reader - Iniciando processamento do arquivo C:\ProjetosDev\project\data\input\_E0E74E69AFCC430E828677B741B11DB3-PDF_INVOICE-e52728f1-b72d-44c6-b2cb-d0ebef76ef2e.pdf
2026-06-10 11:02:19,703 [INFO] modules.pdf_reader - Texto extraido de C:\ProjetosDev\project\data\input\_E3E5839D1F584E9B9E15F250A69460AA-PDF_INVOICE-155b8379-e1a7-4b12-8604-2aadc80892d5.pdf com PyMuPDF (1866 caracteres).
2026-06-10 11:02:19,719 [INFO] modules.pdf_reader - Texto extraido de C:\ProjetosDev\project\data\input\_E0E74E69AFCC430E828677B741B11DB3-PDF_INVOICE-e52728f1-b72d-44c6-b2cb-d0ebef76ef2e.pdf com PyMuPDF (562 caracteres).
2026-06-10 11:02:19,814 [INFO] modules.pdf_reader - Iniciando processamento do arquivo C:\ProjetosDev\project\data\input\_FF89916D2CE942479A5DBC0A4607FCA0-PDF_INVOICE-a94986f7-b568-4198-9c9f-8ec5f4570af0.pdf
2026-06-10 11:02:19,822 [INFO] modules.pdf_reader - Texto extraido de C:\ProjetosDev\project\data\input\_FF89916D2CE942479A5DBC0A4607FCA0-PDF_INVOICE-a94986f7-b568-4198-9c9f-8ec5f4570af0.pdf com PyMuPDF (1658 caracteres).
2026-06-10 11:02:19,993 [INFO] modules.pdf_reader - Iniciando processamento do arquivo C:\ProjetosDev\project\data\input\_F7FAAC1EACBC41F1B12B179C49D847D9-PDF_INVOICE-eec07dd7-8f55-4f6a-9f2e-3d9cf6c7533d.pdf
2026-06-10 11:02:20,073 [INFO] modules.pdf_reader - Texto extraido de C:\ProjetosDev\project\data\input\_F7FAAC1EACBC41F1B12B179C49D847D9-PDF_INVOICE-eec07dd7-8f55-4f6a-9f2e-3d9cf6c7533d.pdf com PyMuPDF (2233 caracteres).
2026-06-10 11:02:23,402 [INFO] modules.ocr_handler - Processando OCR na pagina 1 do arquivo: _AAC79EBDCDB74FD3AA652BBB487E3879-PDF_INVOICE-2d71bcbe-8a8e-448c-94ba-c97c3ff24526.pdf
2026-06-10 11:02:27,810 [INFO] modules.pdf_reader - Iniciando processamento do arquivo C:\ProjetosDev\project\data\input\_AAC79EBDCDB74FD3AA652BBB487E3879-PDF_INVOICE-2d71bcbe-8a8e-448c-94ba-c97c3ff24526.pdf
2026-06-10 11:02:27,859 [INFO] modules.pdf_reader - Texto extraido de C:\ProjetosDev\project\data\input\_AAC79EBDCDB74FD3AA652BBB487E3879-PDF_INVOICE-2d71bcbe-8a8e-448c-94ba-c97c3ff24526.pdf com PyMuPDF (0 caracteres).
2026-06-10 11:02:27,860 [WARNING] modules.pdf_reader - Nenhum texto encontrado no PDF C:\ProjetosDev\project\data\input\_AAC79EBDCDB74FD3AA652BBB487E3879-PDF_INVOICE-2d71bcbe-8a8e-448c-94ba-c97c3ff24526.pdf. Tentando OCR...
2026-06-10 11:02:28,672 [INFO] modules.pdf_reader - Executando OCR na pagina 1 do arquivo C:\ProjetosDev\project\data\input\_AAC79EBDCDB74FD3AA652BBB487E3879-PDF_INVOICE-2d71bcbe-8a8e-448c-94ba-c97c3ff24526.pdf
