2026-06-10 11:02:11,092 [INFO] __main__ - Total de arquivos encontrados: 87
2026-06-10 11:02:11,092 [INFO] __main__ - Processando lote 1 com 87 arquivos...
2026-06-10 11:02:16,475 [INFO] __main__ - BCCE8E14D6B94F3D900C36248A8AC8FB.pdf -> Desconhecido
2026-06-10 11:02:16,631 [INFO] __main__ - _14CAE0DAA89E4A8B810535D2818FABD1-PDF_INVOICE-07bddb89-8b4e-4893-97f2-ca8b67028959.pdf -> SAO PAULO
SECRETARIA MUNICIPAL DA FAZENDA
NOTA FISCAL ELETRONICA DE SERVICOS
2026-06-10 11:02:16,631 [INFO] __main__ - 0C9DDDF6CB2947FAA32AA2CAD2B7D90D.pdf -> Desconhecido
2026-06-10 11:02:16,695 [INFO] __main__ - 516C119E388D439F8588DB4D35434D83.pdf -> Desconhecido
2026-06-10 11:02:16,696 [INFO] __main__ - _04F83927B58D4F42B863ED37E7722A11-PDF_INVOICE-8641d86a-6caa-42d8-af67-0431efaa6309.pdf -> Desconhecido
2026-06-10 11:02:16,814 [INFO] __main__ - _1E59E82B724440FEA8C40823BF8B1CDB-PDF_INVOICE-29493a65-4961-4f44-9704-d9cc78586c0b.pdf -> SAO PAULO
SECRETARIA MUNICIPAL DA FAZENDA
NOTA FISCAL ELETRONICA DE SERVICOS
2026-06-10 11:02:16,814 [INFO] __main__ - _0D071CDAA1B241CD9A098A16D6647E47-PDF_INVOICE-bdb109e7-8f18-4731-84d1-db902b19b864.pdf -> SAO PAULO
SECRETARIA MUNICIPAL DA FAZENDA
NOTA FISCAL ELETRONICA DE SERVICOS
2026-06-10 11:02:16,834 [INFO] __main__ - _2211D3FA878D42F1AE56B97AE240B610-PDF_INVOICE-7dc6a73a-a368-43c9-b91e-4078394da243.pdf -> GOIANIA
NFS
2026-06-10 11:02:16,898 [INFO] __main__ - _1636EFF34C4B41A3B8DA0804825794B8-PDF_INVOICE-2dfa6d5b-f554-406d-a6a0-fda7a22aaa95.pdf -> Desconhecido
2026-06-10 11:02:16,911 [INFO] __main__ - _17A8EFCE91C24DDF984688D596377D96-PDF_INVOICE-ea301a6a-830e-4c61-8f3b-cf9fc02af47c.pdf -> DE FORTALEZA
SECRETARIA MUNICIPAL DAS FINANCAS
NOTA FISCAL DE SERVICO ELETRONICA
2026-06-10 11:02:16,926 [INFO] __main__ - _24209B72A23F484CA69E0A8DA8E246BE-PDF_INVOICE-376ca9a5-52d0-403c-b95d-eedf8d5a7b21.pdf -> SAO PAULO
SECRETARIA MUNICIPAL DA FAZENDA
NOTA FISCAL ELETRONICA DE SERVICOS
2026-06-10 11:02:16,975 [INFO] __main__ - _08634270462448BFB60C423FD39F76E1-PDF_INVOICE-4c4dc35f-9100-441c-913a-41435033ea72.pdf -> Desconhecido
2026-06-10 11:02:16,980 [INFO] __main__ - _26F2EEE90C7F4D5185EC8D71261FD5E9-PDF_INVOICE-fe65386c-9424-4505-b80b-cc2a52d0654f.pdf -> DE CURITIBA
2026-06-10 11:02:17,027 [INFO] __main__ - _318C9FAEDD884787A06863B3A291510C-PDF_INVOICE-61d31e02-77e8-4c3f-bfc0-6a749066e64c.pdf -> SAO PAULO
SECRETARIA MUNICIPAL DA FAZENDA
NOTA FISCAL ELETRONICA DE SERVICOS
2026-06-10 11:02:17,053 [INFO] __main__ - _25426781519049C79C8D8AC739376198-PDF_INVOICE-2d499ece-281e-4b5a-acf8-d47aca93d29f.pdf -> DE CURITIBA
2026-06-10 11:02:17,070 [INFO] __main__ - _1C7B1728D1AB4C33B1E121BBE17F3D02-PDF_INVOICE-1ec63c9a-9a0f-42f2-bde7-296d08114cb3.pdf -> Desconhecido
2026-06-10 11:02:17,119 [INFO] __main__ - _3326B087F2C24B9C9D9040C6591B498D-PDF_INVOICE-0ef752b0-cbe9-4e2d-8f17-e9e7f7f70e52.pdf -> SAO PAULO
SECRETARIA MUNICIPAL DA FAZENDA
NOTA FISCAL ELETRONICA DE SERVICOS
2026-06-10 11:02:17,216 [INFO] __main__ - _31A2D0B31D1B4D14873E65042274AF2A-PDF_INVOICE-f12a5805-91eb-4459-8200-e5a972abcead.pdf -> SAO PAULO
SECRETARIA MUNICIPAL DA FAZENDA
NOTA FISCAL ELETRONICA DE SERVICOS
2026-06-10 11:02:17,236 [INFO] __main__ - _28B0CB01831B4EF6B87BB881A7092ABD-PDF_INVOICE-c8260ff8-b2c2-40a1-8c17-bf44dc379798.pdf -> SAO PAULO
SECRETARIA MUNICIPAL DA FAZENDA
NOTA FISCAL ELETRONICA DE SERVICOS
2026-06-10 11:02:17,330 [INFO] __main__ - _3418D36F38EA427EB9383EFE54422AA7-PDF_INVOICE-94d474a5-8e0d-4471-b82d-041835e84a41.pdf -> DE JOAO PESSOA
SECRETARIA DA RECEITA MUNICIPAL
NFSE
2026-06-10 11:02:17,348 [INFO] __main__ - _28BF4B7F7F5F4C2CB007CC24B668EA98-PDF_INVOICE-5a96a29a-1e06-4f16-8700-27f52d5f4a00.pdf -> DE GUARULHOS
SECRETARIA DE FINANCAS
2026-06-10 11:02:17,374 [INFO] __main__ - _38719A967DD2424D9BABD48C50BA5BB3-PDF_INVOICE-8c1b9834-d3bd-42c9-9058-5ae7a1eff389.pdf -> SAO PAULO
SECRETARIA MUNICIPAL DA FAZENDA
NOTA FISCAL ELETRONICA DE SERVICOS
2026-06-10 11:02:17,461 [INFO] __main__ - _35C856D3AC4547BEA4E1EA7B2866D677-PDF_INVOICE-1f5d3719-edcf-4756-9d8a-7c35f1c37298.pdf -> Desconhecido
2026-06-10 11:02:17,649 [INFO] __main__ - _4134B2DE4C7748D0AFDA111836583667-PDF_INVOICE-63ea18bf-3597-4df1-a926-6ecdfbdd4221.pdf -> Desconhecido
2026-06-10 11:02:17,657 [INFO] __main__ - _41EC5FDC25FC41F0986687FEE92E4B26-PDF_INVOICE-1205eba0-8c06-4bd8-abcd-c5e1ef148fea.pdf -> Desconhecido
2026-06-10 11:02:17,659 [INFO] __main__ - _3D8CD892B1DF4D97BD692CB13655E9C8-PDF_INVOICE-6dee474a-c92d-4f27-a077-4cff61fb87ba.pdf -> Desconhecido
2026-06-10 11:02:17,727 [INFO] __main__ - _3BD7FDFA53F6429BB1E200274E5B3172-PDF_INVOICE-d7545c9c-00af-450f-a49f-1c888508554b.pdf -> DA ESTANCIA TURISTICA DE ITU
SECRETARIA MUNICIPAL DE FINANCAS
TIPO RPS
NOTA FISCAL DE SERVICO ELETRONICA
2026-06-10 11:02:17,864 [INFO] __main__ - _3EB5B68446D04BCE8CE4518AEE7B261C-PDF_INVOICE-8f3f0387-0e7d-444c-a37f-d9b077d212c2.pdf -> DE JOAO PESSOA
SECRETARIA DA RECEITA MUNICIPAL
NFSE
2026-06-10 11:02:17,865 [INFO] __main__ - _29FCAFD205574A48A85DF7EEE57BAF96-PDF_INVOICE-7526a37e-8e71-46ff-9844-b1634c0d04b6.pdf -> COTIA
PRESTADOR DE SERVICOS
RAZAO SOCIAL
2026-06-10 11:02:17,865 [INFO] __main__ - _4AEF4F0DE8A842929D99E5EADCEA8759-PDF_INVOICE-7cffdc64-dd4c-4c2c-9b5d-8750b1c8fcbb.pdf -> SAO PAULO
SECRETARIA MUNICIPAL DA FAZENDA
NOTA FISCAL ELETRONICA DE SERVICOS
2026-06-10 11:02:17,976 [INFO] __main__ - _4AF134117E0C4170B5172A7BF1A0BCE7-PDF_INVOICE-d7701cfc-6063-4fb6-a015-828a8b793459.pdf -> SAO PAULO
SECRETARIA MUNICIPAL DA FAZENDA
NOTA FISCAL ELETRONICA DE SERVICOS
2026-06-10 11:02:17,996 [INFO] __main__ - _509D024001C34C998DEFB20E6F5E5822-PDF_INVOICE-795d3122-1072-4fe6-bcee-1b13bd507213.pdf -> Desconhecido
2026-06-10 11:02:17,997 [INFO] __main__ - _547D472BEC104747B117A27FE0B66E2B-PDF_INVOICE-62a7b6ef-bedd-4833-b160-bc4f7784e37e.pdf -> SAO PAULO
SECRETARIA MUNICIPAL DA FAZENDA
NOTA FISCAL ELETRONICA DE SERVICOS
2026-06-10 11:02:18,051 [INFO] __main__ - _50EDE56B0A9E42AEB660C2E22E1D1635-PDF_INVOICE-171ffb8e-3de7-4e5f-8e5e-091e1a0a5495.pdf -> Desconhecido
2026-06-10 11:02:18,085 [INFO] __main__ - _552277FFC4B440D79EEBE889502B48CB-PDF_INVOICE-6dc17d4c-9cb7-4f85-84b8-961ac6367643.pdf -> Desconhecido
2026-06-10 11:02:18,097 [INFO] __main__ - _566BC4C204C54D5681409098C5826032-PDF_INVOICE-4e1af97c-16c5-471d-a02b-16a438861f0b.pdf -> SAO PAULO
SECRETARIA MUNICIPAL DA FAZENDA
NOTA FISCAL ELETRONICA DE SERVICOS
2026-06-10 11:02:18,100 [INFO] __main__ - _56D6E6676640470798A94D84315C9A09-PDF_INVOICE-3036cb82-07d5-48aa-9949-383630bd8e0c.pdf -> SAO PAULO
SECRETARIA MUNICIPAL DA FAZENDA
NOTA FISCAL ELETRONICA DE SERVICOS
2026-06-10 11:02:18,105 [INFO] __main__ - _63DD214685A241D38582F12D89560EE5-PDF_INVOICE-6aa3f3fb-faed-4088-ae37-03b54105d2ae.pdf -> SAO PAULO
SECRETARIA MUNICIPAL DA FAZENDA
NOTA FISCAL ELETRONICA DE SERVICOS
2026-06-10 11:02:18,234 [INFO] __main__ - _68E6B1916F5C4953AB53A731AC5990F7-PDF_INVOICE-84969312-a928-4811-a792-e95ac60e2b87.pdf -> DA ESTANCIA TURISTICA DE ITU
SECRETARIA MUNICIPAL DE FINANCAS
TIPO RPS
NOTA FISCAL DE SERVICO ELETRONICA
2026-06-10 11:02:18,237 [INFO] __main__ - _4A6B795D7C1B4ADCA06ECED44D429FA9-PDF_INVOICE-3faecf20-3e26-49df-a5f5-c12a7727dc4d.pdf -> DE JOAO PESSOA
SECRETARIA DA RECEITA MUNICIPAL
NFSE
2026-06-10 11:02:18,273 [INFO] __main__ - _6BFF7926162547DFA7043E16FC03687B-PDF_INVOICE-0abf635b-e4da-4398-9988-411782f2c502.pdf -> SAO PAULO
SECRETARIA MUNICIPAL DA FAZENDA
NOTA FISCAL ELETRONICA DE SERVICOS
2026-06-10 11:02:18,278 [INFO] __main__ - _69B57B6DF4A34BB581661A35F149FE41-PDF_INVOICE-c783ba39-0f76-4b48-bb71-61d5fe08556f.pdf -> SAO PAULO
SECRETARIA MUNICIPAL DA FAZENDA
NOTA FISCAL ELETRONICA DE SERVICOS
2026-06-10 11:02:18,359 [INFO] __main__ - _7109232F97194D3A90B2ECF092068CF5-PDF_INVOICE-08f82c37-1977-4d1c-9ff8-7da8c55e8351.pdf -> Desconhecido
2026-06-10 11:02:18,360 [INFO] __main__ - _6D85B25573EE4017A66EDFB82327FC66-PDF_INVOICE-40cf2f9d-5dd9-4c97-aabd-249ff0e70720.pdf -> Desconhecido
2026-06-10 11:02:18,370 [INFO] __main__ - _64D41CDB6C8443EC918853A17CA94E5B-PDF_INVOICE-35f8091a-88b7-40c4-8692-555f4e2e9a70.pdf -> INCIDENCIA
BARUERI
2026-06-10 11:02:18,390 [INFO] __main__ - _7400109B3CC844CFAF40870501734C1B-PDF_INVOICE-1786b878-ccf8-4767-870e-26c0c25847c6.pdf -> Desconhecido
2026-06-10 11:02:18,461 [INFO] __main__ - _72C7CA4B29E74B10A6EC048F6E65B115-PDF_INVOICE-1b6bd65d-903a-43ba-9c8a-56d47ddd7d50.pdf -> DE FORTALEZA
SECRETARIA MUNICIPAL DAS FINANCAS
NOTA FISCAL DE SERVICO ELETRONICA
2026-06-10 11:02:18,462 [INFO] __main__ - _77FA700F8D284E61A05034E315DEC833-PDF_INVOICE-30785b02-e494-4f28-8b78-a3fc21c8f12e.pdf -> SAO PAULO
SECRETARIA MUNICIPAL DA FAZENDA
NOTA FISCAL ELETRONICA DE SERVICOS
2026-06-10 11:02:18,531 [INFO] __main__ - _75F66CCD77FF4F2C94EC7F2886CD3924-PDF_INVOICE-47a4806a-2c6c-4a5f-8fc5-02beca4a1b3d.pdf -> Desconhecido
2026-06-10 11:02:18,555 [INFO] __main__ - _8871096DFB824AD4AC5D06739F06E324-PDF_INVOICE-747c65d3-689e-4dfc-9ab0-08a65ee451d9.pdf -> SAO PAULO
SECRETARIA MUNICIPAL DA FAZENDA
NOTA FISCAL ELETRONICA DE SERVICOS
2026-06-10 11:02:18,605 [INFO] __main__ - _75E668BCBCA74CC1891F45465DD18C23-PDF_INVOICE-5f31a69c-1cf6-4a74-aa26-346f1016c008.pdf -> INCIDENCIA
2026-06-10 11:02:18,606 [INFO] __main__ - _87B33D6AA34C4F05BE6FBF303843C4DA-PDF_INVOICE-ce6ae3d1-4627-4d75-8010-b496b934b9a0.pdf -> Desconhecido
2026-06-10 11:02:18,637 [INFO] __main__ - _959A1E7301704BB0A9308E5E799256AF-PDF_INVOICE-3d5ef181-45c6-4346-94dc-66ebd9e805fb.pdf -> GOIANIA
NFS
2026-06-10 11:02:18,687 [INFO] __main__ - _90382A07A977428DA139E403605BE27A-PDF_INVOICE-389f6a2b-188f-4886-a791-023c597a484c.pdf -> SAO PAULO
SECRETARIA MUNICIPAL DA FAZENDA
NOTA FISCAL ELETRONICA DE SERVICOS
2026-06-10 11:02:18,736 [INFO] __main__ - _8B841A11EC2F4943B5C79A43DDB76FFE-PDF_INVOICE-278efbec-5046-4a17-9d6a-99e6ad8ca75c.pdf -> Desconhecido
2026-06-10 11:02:18,750 [INFO] __main__ - _8B6458573F3F4DF48A77A026D6608AE3-PDF_INVOICE-cb262173-427b-41de-ac48-ea9b20186119.pdf -> Desconhecido
2026-06-10 11:02:18,770 [INFO] __main__ - _77B44BD44E314AAC86781D77B438212B-PDF_INVOICE-bf6d63a5-bb03-40f4-85a5-3b7c5ec52646.pdf -> DE JOAO PESSOA
SECRETARIA DA RECEITA MUNICIPAL
NFSE
2026-06-10 11:02:18,858 [INFO] __main__ - _905CA162BCAF4D619A3654B01EFA033B-PDF_INVOICE-73749bf2-e55e-40de-82c2-27d8a2cbaae9.pdf -> Desconhecido
2026-06-10 11:02:18,969 [INFO] __main__ - _95C9968DD66749BBB4EE17DB59BF7E68-PDF_INVOICE-f226b8a4-92b3-4c4a-b029-2888cf64b793.pdf -> DE FORTALEZA
SECRETARIA MUNICIPAL DAS FINANCAS
NOTA FISCAL DE SERVICO ELETRONICA
2026-06-10 11:02:18,984 [INFO] __main__ - _9D8CFC7892BF404E8AF835D4C1AEDF2A-PDF_INVOICE-17fe9cf0-01f8-447b-9d7f-9b8e7ae4f3d6.pdf -> SAO PAULO
SECRETARIA MUNICIPAL DA FAZENDA
NOTA FISCAL ELETRONICA DE SERVICOS
2026-06-10 11:02:18,993 [INFO] __main__ - _98B105DF2D1C4FCB8BAE685829EB0635-PDF_INVOICE-2807c109-ecf7-46da-864a-4982ccb589a3.pdf -> Desconhecido
2026-06-10 11:02:19,017 [INFO] __main__ - _9CEAC5EA4F7D4987A96164AF0C5D217C-PDF_INVOICE-56b1843a-2e0f-4d29-a6fb-ca6627e15ec5.pdf -> Desconhecido
2026-06-10 11:02:19,035 [INFO] __main__ - _7616DD6BDD124814AD3CD21D5620FA8B-PDF_INVOICE-5ea094c4-5961-454e-a0c2-a294f5e591c4.pdf -> DE JOAO PESSOA
SECRETARIA DA RECEITA MUNICIPAL
NFSE
2026-06-10 11:02:19,064 [INFO] __main__ - _97CBD2002849445290953C36B66F5168-PDF_INVOICE-0599c17a-6b1b-4fa1-8dfa-71ceedd5ef9d.pdf -> DE EUSEBIO
ENDERECO
INSC
2026-06-10 11:02:19,172 [INFO] __main__ - _9B298C3DD82B488581496CC3B3530E25-PDF_INVOICE-da44ccb9-3250-4987-b06e-1b64e224e8fe.pdf -> DE EUSEBIO
ENDERECO
INSC
2026-06-10 11:02:19,172 [INFO] __main__ - _B1AB1118070942C5BC0FE8D68AB9F97E-PDF_INVOICE-7132b0cd-3a20-42bc-baf9-79489a0b39c2.pdf -> SAO PAULO
SECRETARIA MUNICIPAL DA FAZENDA
NOTA FISCAL ELETRONICA DE SERVICOS
2026-06-10 11:02:19,305 [INFO] __main__ - _B0296B2E628C481283788DF993398FBF-PDF_INVOICE-8aa76808-8998-4ea6-bcea-686b8b3d9b01.pdf -> SAO PAULO
SECRETARIA MUNICIPAL DA FAZENDA
NOTA FISCAL ELETRONICA DE SERVICOS
2026-06-10 11:02:19,306 [INFO] __main__ - _BB9C2843D1C24872B8553B3135BC97E7-PDF_INVOICE-65f24cab-0de0-4f41-ad43-cc1a0da2e91c.pdf -> SAO PAULO
SECRETARIA MUNICIPAL DA FAZENDA
NOTA FISCAL ELETRONICA DE SERVICOS
2026-06-10 11:02:19,336 [INFO] __main__ - _A5817CA9ED5D440880D2E29360921C67-PDF_INVOICE-76a3eff4-2528-45b1-a357-4a31c5f5a84e.pdf -> DE GUARULHOS
SECRETARIA DE FINANCAS
2026-06-10 11:02:19,459 [INFO] __main__ - _CB199796597D4C92B1A875588C52B197-PDF_INVOICE-3231c8e3-d4d4-40e0-abd2-42b0e5af6c2a.pdf -> SAO PAULO
SECRETARIA MUNICIPAL DA FAZENDA
NOTA FISCAL ELETRONICA DE SERVICOS
2026-06-10 11:02:19,476 [INFO] __main__ - _CDF20828619C4E2EB6751622AFF82D13-PDF_INVOICE-10578bcd-9828-40c6-9cd6-470257a57b0b.pdf -> SAO PAULO
SECRETARIA MUNICIPAL DA FAZENDA
NOTA FISCAL ELETRONICA DE SERVICOS
2026-06-10 11:02:19,535 [INFO] __main__ - _CB7DDC31FB8544B690B1FEC9D5C69896-PDF_INVOICE-372934b0-e9e2-4c1e-955a-1953bd2b46ff.pdf -> Desconhecido
2026-06-10 11:02:19,556 [INFO] __main__ - _D357D1F79A4A425EA0CDFC6FCBFA1005-PDF_INVOICE-ed5e33e3-fcc2-4d68-a762-88f739d70c95.pdf -> SAO PAULO
SECRETARIA MUNICIPAL DA FAZENDA
NOTA FISCAL ELETRONICA DE SERVICOS
2026-06-10 11:02:19,559 [INFO] __main__ - _A22D196A9BD24D3CA0E400CE91637DA7-PDF_INVOICE-95947a2f-dcbc-466d-99aa-ac28785f9522.pdf -> DE FORTALEZA
SECRETARIA MUNICIPAL DAS FINANCAS
NOTA FISCAL DE SERVICO ELETRONICA
2026-06-10 11:02:19,609 [INFO] __main__ - _D3147319AD524F84AA9E09C5CDEB4B1F-PDF_INVOICE-b12ad359-19e5-47bb-9d4c-0822afa8a54f.pdf -> Desconhecido
2026-06-10 11:02:19,610 [INFO] __main__ - _A02DC2E9ED0E4D78BAFAE02CC4151A48-PDF_INVOICE-f436f0d2-faa8-4b76-b517-a702ea0da6e5.pdf -> DE FORTALEZA
SECRETARIA MUNICIPAL DAS FINANCAS
NOTA FISCAL DE SERVICO ELETRONICA
2026-06-10 11:02:19,613 [INFO] __main__ - _B736A2F58F154336A91F61EBFBE7CF36-PDF_INVOICE-3a9cb1e1-4ab0-43fc-9e9c-267aef849ed5.pdf -> SAO BERNARDO DO CAMPO
SECRETARIA DE FINANCAS
2026-06-10 11:02:19,708 [INFO] __main__ - _E3E5839D1F584E9B9E15F250A69460AA-PDF_INVOICE-155b8379-e1a7-4b12-8604-2aadc80892d5.pdf -> PRESTACAO DO SERVICO
2026-06-10 11:02:19,723 [INFO] __main__ - _E0E74E69AFCC430E828677B741B11DB3-PDF_INVOICE-e52728f1-b72d-44c6-b2cb-d0ebef76ef2e.pdf -> Desconhecido
2026-06-10 11:02:19,826 [INFO] __main__ - _FF89916D2CE942479A5DBC0A4607FCA0-PDF_INVOICE-a94986f7-b568-4198-9c9f-8ec5f4570af0.pdf -> SAO PAULO
SECRETARIA MUNICIPAL DA FAZENDA
NOTA FISCAL ELETRONICA DE SERVICOS
2026-06-10 11:02:19,858 [INFO] __main__ - _F7B210EC4D614E04BED9F531ED668FE0-PDF_INVOICE-25c56739-c1b0-4b26-b952-b9c68ff58df5.pdf -> Desconhecido
2026-06-10 11:02:20,023 [INFO] __main__ - _DD6BD646E4FE4574A3D430CDAA1A5CF3-PDF_INVOICE-d03f3008-11cc-43d2-b461-f980615cc742.pdf -> DE FORTALEZA
SECRETARIA MUNICIPAL DAS FINANCAS
NOTA FISCAL DE SERVICO ELETRONICA
2026-06-10 11:02:20,040 [INFO] __main__ - _F05B343A21DE464B8BB39E76FDF36FA2-PDF_INVOICE-22956713-4204-4a47-a5ed-6b723e4fb53b.pdf -> ESTADO DE S
2026-06-10 11:02:20,082 [INFO] __main__ - _F7FAAC1EACBC41F1B12B179C49D847D9-PDF_INVOICE-eec07dd7-8f55-4f6a-9f2e-3d9cf6c7533d.pdf -> DE GUARULHOS
SECRETARIA DE FINANCAS
2026-06-10 11:02:32,983 [INFO] __main__ - _AAC79EBDCDB74FD3AA652BBB487E3879-PDF_INVOICE-2d71bcbe-8a8e-448c-94ba-c97c3ff24526.pdf -> SISTEMA DE GERENCIAMENTO DE ASSOCIACOES

TERMO DE NAO EVENTO

FM AUTOLIDER

DADOS DO ASSOCIADO

NOME
2026-06-10 11:02:33,370 [INFO] __main__ - _43B8F9BFF2064F77B117157D67888E53-PDF_INVOICE-55eda5ea-f135-4e74-84a8-08fccfd42fbf.pdf -> DE GOIANIA
NUMERO DA NOTA FISCAL
2026-06-10 11:02:34,358 [INFO] __main__ - _F70624BD183D40AAB19F378251D60BAA-PDF_INVOICE-6ac3fb3d-ad2e-4166-9a9c-45b6585a7384.pdf -> DE GOIANIA
NUMERO DA NOTA FISCAL
2026-06-10 11:02:34,897 [INFO] __main__ - Renomeando e organizando diretorios...
2026-06-10 11:02:34,925 [ERROR] modules.directory_manager - Erro ao mesclar conteudo de MEI: [WinError 32] The process cannot access the file because it is being used by another process
Traceback (most recent call last):
  File "c:\ProjetosDev\project\modules\directory_manager.py", line 28, in rename_directories
    shutil.copy2(source, destination)
    ~~~~~~~~~~~~^^^^^^^^^^^^^^^^^^^^^
  File "C:\Program Files\Python313\Lib\shutil.py", line 453, in copy2
    _winapi.CopyFile2(src_, dst_, flags)
    ~~~~~~~~~~~~~~~~~^^^^^^^^^^^^^^^^^^^
PermissionError: [WinError 32] The process cannot access the file because it is being used by another process
